{'arch': {'arithmetic': {'instances': 128, 'word-bits': 8}, 'storage': [{'name': 'Registers', 'entries': 1, 'instances': 128, 'word-bits': 8, 'n_rdwr_ports': 2, 'n_banks': 1}, {'name': 'Accumulator', 'entries': 4096, 'depth': 1024, 'width': 512, 'instances': 16, 'word-bits': 32, 'network-word-bits': 16, 'n_rdwr_ports': 2, 'n_banks': 2}, {'name': 'Scratchpad', 'class': 'SRAM', 'entries': 8196, 'depth': 16384, 'width': 128, 'instances': 1, 'word-bits': 8, 'n_rdwr_ports': 1, 'n_banks': 4}, {'name': 'DRAM', 'technology': 'DRAM', 'instances': 1, 'word-bits': 8, 'block_size': 64, 'bandwidth': 5.75}]}}
['DRAM', 'Scratchpad', 'Accumulator', 'Registers'] [1, 1, 16, 128, 128] [inf, 8196, 4096, 1]
[1, 16, 8, 1]
20
[-1900.0, -14300.0, -41400.0, -474000.0, -47900.0, -2050000.0, -580000.0, -147000.0, -2400000.0, -789000.0, -116000.0, -100000.0, -16300.0, -468000.0, -12800.0, -1260.0]
[[-34400.0], [-2990000.0], [-61400.0], [-600000.0], [-2080000.0], [-8370000.0], [-3230000.0], [-147000.0], [-8630000.0], [-49400000.0], [-395000.0], [-144000.0], [-343000.0], [-468000.0], [-13100.0], [-2390.0]]
[Stage 1]Gen 1:  1st stage Reward: 0, Best reward: [76908290.]
Generation 0 耗时: 1.394秒
[-1170.0, -14300.0, -20300.0, -198000.0, -41200.0, -138000.0, -560000.0, -25500.0, -159000.0, -461000.0, -4770.0, -31900.0, -8190.0, -462000.0, -11600.0, -730.0]
[[-2210.0], [-16500.0], [-30300.0], [-723000.0], [-422000.0], [-2040000.0], [-671000.0], [-181000.0], [-1110000.0], [-464000.0], [-119000.0], [-388000.0], [-8190.0], [-498000.0], [-13900.0], [-730.0]]
[Stage 1]Gen 2:  1st stage Reward: 0, Best reward: [6687830.]
Generation 1 耗时: 1.440秒
[-847.0, -11000.0, -20300.0, -35200.0, -41200.0, -6280.0, -397000.0, -12100.0, -155000.0, -47400.0, -3750.0, -18800.0, -4530.0, -420000.0, -10800.0, -646.0]
[[-1210.0], [-11000.0], [-56900.0], [-391000.0], [-73900.0], [-72700.0], [-599000.0], [-169000.0], [-580000.0], [-588000.0], [-5690.0], [-50100.0], [-7380.0], [-581000.0], [-13700.0], [-821.0]]
[Stage 1]Gen 3:  1st stage Reward: 0, Best reward: [3201401.]
Generation 2 耗时: 1.523秒
[-847.0, -10400.0, -20300.0, -34400.0, -41200.0, -5790.0, -294000.0, -12100.0, -151000.0, -42200.0, -3750.0, -1360.0, -2590.0, -420000.0, -10800.0, -646.0]
[[-1290.0], [-10500.0], [-33400.0], [-34400.0], [-61500.0], [-6670.0], [-758000.0], [-386000.0], [-164000.0], [-58300.0], [-5250.0], [-22100.0], [-9320.0], [-498000.0], [-12200.0], [-731.0]]
[Stage 1]Gen 4:  1st stage Reward: 0, Best reward: [2061661.]
Generation 3 耗时: 1.488秒
[-847.0, -9790.0, -9270.0, -32500.0, -41200.0, -5790.0, -16600.0, -12100.0, -151000.0, -18500.0, -3750.0, -1360.0, -2370.0, -420000.0, -10800.0, -646.0]
[[-1200.0], [-359000.0], [-29900.0], [-34000.0], [-80000.0], [-6150.0], [-16600.0], [-29600.0], [-875000.0], [-34900.0], [-5100.0], [-1860.0], [-2570.0], [-523000.0], [-14200.0], [-758.0]]
[Stage 1]Gen 5:  1st stage Reward: 0, Best reward: [2013838.]
Generation 4 耗时: 1.437秒
[-847.0, -8950.0, -9030.0, -32300.0, -32100.0, -5510.0, -12200.0, -12100.0, -146000.0, -13000.0, -3660.0, -1090.0, -2000.0, -420000.0, -10800.0, -646.0]
[[-4610.0], [-230000.0], [-15500.0], [-32300.0], [-90000.0], [-11000.0], [-596000.0], [-18100.0], [-155000.0], [-16000.0], [-4450.0], [-1410.0], [-7540.0], [-452000.0], [-12000.0], [-719.0]]
[Stage 1]Gen 6:  1st stage Reward: 0, Best reward: [1646629.]
Generation 5 耗时: 1.447秒
[-847.0, -8920.0, -8540.0, -11500.0, -30500.0, -5500.0, -12000.0, -12100.0, -146000.0, -12900.0, -3660.0, -835.0, -1980.0, -420000.0, -10800.0, -646.0]
[[-4610.0], [-230000.0], [-15500.0], [-32300.0], [-90000.0], [-11000.0], [-596000.0], [-18100.0], [-155000.0], [-16000.0], [-4450.0], [-1410.0], [-7540.0], [-452000.0], [-12000.0], [-719.0]]
[Stage 1]Gen 7:  1st stage Reward: 0, Best reward: [1646629.]
Generation 6 耗时: 1.421秒
[-847.0, -8920.0, -8540.0, -11500.0, -13300.0, -5500.0, -12000.0, -4860.0, -146000.0, -12900.0, -3660.0, -835.0, -1980.0, -420000.0, -10800.0, -646.0]
[[-930.0], [-10600.0], [-29700.0], [-19000.0], [-30500.0], [-7400.0], [-14700.0], [-19200.0], [-166000.0], [-97000.0], [-15700.0], [-1010.0], [-8130.0], [-455000.0], [-11400.0], [-684.0]]
[Stage 1]Gen 8:  1st stage Reward: 0, Best reward: [886954.]
Generation 7 耗时: 1.404秒
[-847.0, -8920.0, -8540.0, -11500.0, -13300.0, -5500.0, -12000.0, -4860.0, -81100.0, -12900.0, -3660.0, -835.0, -1980.0, -420000.0, -10800.0, -646.0]
[[-930.0], [-10600.0], [-29700.0], [-19000.0], [-30500.0], [-7400.0], [-14700.0], [-19200.0], [-166000.0], [-97000.0], [-15700.0], [-1010.0], [-8130.0], [-455000.0], [-11400.0], [-684.0]]
[Stage 1]Gen 9:  1st stage Reward: 0, Best reward: [886954.]
Generation 8 耗时: 1.446秒
[-847.0, -8920.0, -8540.0, -11500.0, -13300.0, -5500.0, -12000.0, -4860.0, -23500.0, -12900.0, -3660.0, -835.0, -1900.0, -420000.0, -10800.0, -646.0]
[[-930.0], [-10600.0], [-29700.0], [-19000.0], [-30500.0], [-7400.0], [-14700.0], [-19200.0], [-166000.0], [-97000.0], [-15700.0], [-1010.0], [-8130.0], [-455000.0], [-11400.0], [-684.0]]
[Stage 1]Gen 10:  1st stage Reward: 0, Best reward: [886954.]
Generation 9 耗时: 1.487秒
[-847.0, -8920.0, -8540.0, -11500.0, -13300.0, -5500.0, -12000.0, -4650.0, -20000.0, -12900.0, -2990.0, -835.0, -1060.0, -420000.0, -10800.0, -646.0]
[[-1480.0], [-11400.0], [-40000.0], [-15300.0], [-13300.0], [-7650.0], [-109000.0], [-8910.0], [-25900.0], [-53000.0], [-19300.0], [-1560.0], [-1370.0], [-514000.0], [-12400.0], [-809.0]]
[Stage 1]Gen 11:  1st stage Reward: 0, Best reward: [835379.]
Generation 10 耗时: 1.461秒
[-847.0, -8920.0, -8120.0, -11500.0, -13300.0, -5290.0, -12000.0, -4650.0, -12400.0, -12900.0, -2160.0, -835.0, -1060.0, -420000.0, -10800.0, -646.0]
[[-6410.0], [-11400.0], [-43500.0], [-15300.0], [-13300.0], [-7650.0], [-17300.0], [-8910.0], [-16100.0], [-21300.0], [-3300.0], [-1090.0], [-1400.0], [-509000.0], [-12400.0], [-743.0]]
[Stage 1]Gen 12:  1st stage Reward: 0, Best reward: [689103.]
Generation 11 耗时: 1.396秒
[-847.0, -8880.0, -8120.0, -11400.0, -13300.0, -5290.0, -11700.0, -3470.0, -11700.0, -12900.0, -1670.0, -835.0, -1060.0, -416000.0, -10700.0, -645.0]
[[-6410.0], [-11400.0], [-43500.0], [-15300.0], [-13300.0], [-7650.0], [-17300.0], [-8910.0], [-16100.0], [-21300.0], [-3300.0], [-1090.0], [-1400.0], [-509000.0], [-12400.0], [-743.0]]
[Stage 1]Gen 13:  1st stage Reward: 0, Best reward: [689103.]
Generation 12 耗时: 1.448秒
[-847.0, -8880.0, -8120.0, -11400.0, -13300.0, -5290.0, -11300.0, -3470.0, -7430.0, -12900.0, -1660.0, -835.0, -895.0, -416000.0, -10700.0, -645.0]
[[-6410.0], [-11400.0], [-43500.0], [-15300.0], [-13300.0], [-7650.0], [-17300.0], [-8910.0], [-16100.0], [-21300.0], [-3300.0], [-1090.0], [-1400.0], [-509000.0], [-12400.0], [-743.0]]
[Stage 1]Gen 14:  1st stage Reward: 0, Best reward: [689103.]
Generation 13 耗时: 1.424秒
[-847.0, -8880.0, -8120.0, -11400.0, -13300.0, -5290.0, -11300.0, -3470.0, -7430.0, -12900.0, -1660.0, -835.0, -895.0, -416000.0, -10700.0, -645.0]
[[-6410.0], [-11400.0], [-43500.0], [-15300.0], [-13300.0], [-7650.0], [-17300.0], [-8910.0], [-16100.0], [-21300.0], [-3300.0], [-1090.0], [-1400.0], [-509000.0], [-12400.0], [-743.0]]
[Stage 1]Gen 15:  1st stage Reward: 0, Best reward: [689103.]
Generation 14 耗时: 1.405秒
[-847.0, -8880.0, -8120.0, -11400.0, -13300.0, -5290.0, -11300.0, -3470.0, -7430.0, -12900.0, -1660.0, -835.0, -895.0, -416000.0, -10700.0, -645.0]
[[-6410.0], [-11400.0], [-43500.0], [-15300.0], [-13300.0], [-7650.0], [-17300.0], [-8910.0], [-16100.0], [-21300.0], [-3300.0], [-1090.0], [-1400.0], [-509000.0], [-12400.0], [-743.0]]
[Stage 1]Gen 16:  1st stage Reward: 0, Best reward: [689103.]
Generation 15 耗时: 1.432秒
[-847.0, -8880.0, -8120.0, -11300.0, -7110.0, -5290.0, -11300.0, -3470.0, -7430.0, -12700.0, -1660.0, -835.0, -895.0, -416000.0, -10700.0, -645.0]
[[-6410.0], [-11400.0], [-43500.0], [-15300.0], [-13300.0], [-7650.0], [-17300.0], [-8910.0], [-16100.0], [-21300.0], [-3300.0], [-1090.0], [-1400.0], [-509000.0], [-12400.0], [-743.0]]
[Stage 1]Gen 17:  1st stage Reward: 0, Best reward: [689103.]
Generation 16 耗时: 1.458秒
[-847.0, -8880.0, -8120.0, -11300.0, -2330.0, -5290.0, -11300.0, -3470.0, -7430.0, -12700.0, -1660.0, -763.0, -895.0, -416000.0, -10700.0, -645.0]
[[-6410.0], [-11400.0], [-43500.0], [-15300.0], [-13300.0], [-7650.0], [-17300.0], [-8910.0], [-16100.0], [-21300.0], [-3300.0], [-1090.0], [-1400.0], [-509000.0], [-12400.0], [-743.0]]
[Stage 1]Gen 18:  1st stage Reward: 0, Best reward: [689103.]
Generation 17 耗时: 1.471秒
[-730.0, -8720.0, -8120.0, -11000.0, -2330.0, -5290.0, -11300.0, -3470.0, -4400.0, -12700.0, -1650.0, -759.0, -895.0, -416000.0, -10700.0, -645.0]
[[-1030.0], [-8720.0], [-8350.0], [-13200.0], [-2330.0], [-5430.0], [-11400.0], [-4430.0], [-7470.0], [-12700.0], [-1650.0], [-762.0], [-6070.0], [-419000.0], [-10800.0], [-645.0]]
[Stage 1]Gen 19:  1st stage Reward: 0, Best reward: [513987.]
Generation 18 耗时: 1.391秒
[-730.0, -8720.0, -8010.0, -11000.0, -2330.0, -5290.0, -11300.0, -3470.0, -4400.0, -12700.0, -1580.0, -759.0, -895.0, -416000.0, -10700.0, -645.0]
[[-1030.0], [-8720.0], [-8350.0], [-13200.0], [-2330.0], [-5430.0], [-11400.0], [-4430.0], [-7470.0], [-12700.0], [-1650.0], [-762.0], [-6070.0], [-419000.0], [-10800.0], [-645.0]]
[Stage 1]Gen 20:  1st stage Reward: 0, Best reward: [513987.]
Generation 19 耗时: 1.411秒
[-730.0, -8720.0, -8010.0, -11000.0, -2330.0, -5290.0, -11300.0, -3470.0, -4400.0, -12700.0, -1550.0, -759.0, -895.0, -416000.0, -10700.0, -645.0]
[[-1030.0], [-8720.0], [-8350.0], [-13200.0], [-2330.0], [-5430.0], [-11400.0], [-4430.0], [-7470.0], [-12700.0], [-1650.0], [-762.0], [-6070.0], [-419000.0], [-10800.0], [-645.0]]
[Stage 1]Gen 21:  1st stage Reward: 0, Best reward: [513987.]
Generation 20 耗时: 1.410秒
[-730.0, -8720.0, -8010.0, -11000.0, -2330.0, -5290.0, -11300.0, -3470.0, -4400.0, -12700.0, -1550.0, -759.0, -895.0, -416000.0, -10700.0, -645.0]
[[-1030.0], [-8720.0], [-8350.0], [-13200.0], [-2330.0], [-5430.0], [-11400.0], [-4430.0], [-7470.0], [-12700.0], [-1650.0], [-762.0], [-6070.0], [-419000.0], [-10800.0], [-645.0]]
[Stage 1]Gen 22:  1st stage Reward: 0, Best reward: [513987.]
Generation 21 耗时: 1.407秒
[-730.0, -8720.0, -8010.0, -11000.0, -2330.0, -5290.0, -11300.0, -3470.0, -4400.0, -12700.0, -1550.0, -759.0, -895.0, -416000.0, -10700.0, -645.0]
[[-1030.0], [-8720.0], [-8350.0], [-13200.0], [-2330.0], [-5430.0], [-11400.0], [-4430.0], [-7470.0], [-12700.0], [-1650.0], [-762.0], [-6070.0], [-419000.0], [-10800.0], [-645.0]]
[Stage 1]Gen 23:  1st stage Reward: 0, Best reward: [513987.]
Generation 22 耗时: 1.419秒
[-691.0, -8720.0, -7410.0, -11000.0, -2330.0, -5290.0, -11300.0, -3470.0, -4400.0, -12700.0, -1550.0, -759.0, -895.0, -416000.0, -10700.0, -645.0]
[[-1030.0], [-8720.0], [-8350.0], [-13200.0], [-2330.0], [-5430.0], [-11400.0], [-4430.0], [-7470.0], [-12700.0], [-1650.0], [-762.0], [-6070.0], [-419000.0], [-10800.0], [-645.0]]
[Stage 1]Gen 24:  1st stage Reward: 0, Best reward: [513987.]
Generation 23 耗时: 1.462秒
[-691.0, -8720.0, -7410.0, -11000.0, -2330.0, -5290.0, -11300.0, -3470.0, -4400.0, -12700.0, -1520.0, -759.0, -895.0, -416000.0, -10700.0, -645.0]
[[-1030.0], [-8720.0], [-8350.0], [-13200.0], [-2330.0], [-5430.0], [-11400.0], [-4430.0], [-7470.0], [-12700.0], [-1650.0], [-762.0], [-6070.0], [-419000.0], [-10800.0], [-645.0]]
[Stage 1]Gen 25:  1st stage Reward: 0, Best reward: [513987.]
Generation 24 耗时: 1.775秒
[-688.0, -8690.0, -7300.0, -11000.0, -2090.0, -5290.0, -11300.0, -3470.0, -4400.0, -12200.0, -1520.0, -759.0, -895.0, -416000.0, -10700.0, -645.0]
[[-1030.0], [-8720.0], [-8350.0], [-13200.0], [-2330.0], [-5430.0], [-11400.0], [-4430.0], [-7470.0], [-12700.0], [-1650.0], [-762.0], [-6070.0], [-419000.0], [-10800.0], [-645.0]]
[Stage 1]Gen 26:  1st stage Reward: 0, Best reward: [513987.]
Generation 25 耗时: 1.737秒
[-688.0, -8690.0, -7300.0, -11000.0, -2090.0, -5290.0, -11300.0, -3470.0, -4400.0, -12200.0, -1520.0, -759.0, -895.0, -416000.0, -10700.0, -645.0]
[[-1030.0], [-8720.0], [-8350.0], [-13200.0], [-2330.0], [-5430.0], [-11400.0], [-4430.0], [-7470.0], [-12700.0], [-1650.0], [-762.0], [-6070.0], [-419000.0], [-10800.0], [-645.0]]
[Stage 1]Gen 27:  1st stage Reward: 0, Best reward: [513987.]
Generation 26 耗时: 1.767秒
[-688.0, -8690.0, -7300.0, -11000.0, -2050.0, -5290.0, -11300.0, -3470.0, -4400.0, -12200.0, -1520.0, -759.0, -895.0, -416000.0, -10700.0, -645.0]
[[-1030.0], [-8720.0], [-8350.0], [-13200.0], [-2330.0], [-5430.0], [-11400.0], [-4430.0], [-7470.0], [-12700.0], [-1650.0], [-762.0], [-6070.0], [-419000.0], [-10800.0], [-645.0]]
[Stage 1]Gen 28:  1st stage Reward: 0, Best reward: [513987.]
Generation 27 耗时: 1.773秒
[-666.0, -8690.0, -7300.0, -11000.0, -2050.0, -5290.0, -11300.0, -3470.0, -4400.0, -12200.0, -1520.0, -759.0, -895.0, -416000.0, -10700.0, -645.0]
[[-1030.0], [-8720.0], [-8350.0], [-13200.0], [-2330.0], [-5430.0], [-11400.0], [-4430.0], [-7470.0], [-12700.0], [-1650.0], [-762.0], [-6070.0], [-419000.0], [-10800.0], [-645.0]]
[Stage 1]Gen 29:  1st stage Reward: 0, Best reward: [513987.]
Generation 28 耗时: 1.807秒
[-627.0, -8690.0, -7300.0, -11000.0, -2050.0, -5290.0, -11300.0, -3470.0, -4400.0, -12200.0, -1520.0, -759.0, -895.0, -416000.0, -10700.0, -645.0]
[[-1030.0], [-8720.0], [-8350.0], [-13200.0], [-2330.0], [-5430.0], [-11400.0], [-4430.0], [-7470.0], [-12700.0], [-1650.0], [-762.0], [-6070.0], [-419000.0], [-10800.0], [-645.0]]
[Stage 1]Gen 30:  1st stage Reward: 0, Best reward: [513987.]
Generation 29 耗时: 1.869秒
[-619.0, -8690.0, -7300.0, -11000.0, -2050.0, -5290.0, -11300.0, -3470.0, -4400.0, -12200.0, -1520.0, -759.0, -895.0, -416000.0, -10700.0, -645.0]
[[-1030.0], [-8720.0], [-8350.0], [-13200.0], [-2330.0], [-5430.0], [-11400.0], [-4430.0], [-7470.0], [-12700.0], [-1650.0], [-762.0], [-6070.0], [-419000.0], [-10800.0], [-645.0]]
[Stage 1]Gen 31:  1st stage Reward: 0, Best reward: [513987.]
Generation 30 耗时: 1.819秒
[-612.0, -8160.0, -7300.0, -11000.0, -2050.0, -5290.0, -11300.0, -3390.0, -4400.0, -12200.0, -1520.0, -759.0, -895.0, -416000.0, -10700.0, -641.0]
[[-1030.0], [-8720.0], [-8350.0], [-13200.0], [-2330.0], [-5430.0], [-11400.0], [-4430.0], [-7470.0], [-12700.0], [-1650.0], [-762.0], [-6070.0], [-419000.0], [-10800.0], [-645.0]]
[Stage 1]Gen 32:  1st stage Reward: 0, Best reward: [513987.]
Generation 31 耗时: 1.807秒
[-612.0, -8160.0, -7300.0, -11000.0, -2050.0, -5290.0, -11300.0, -3390.0, -4400.0, -12200.0, -1520.0, -759.0, -895.0, -416000.0, -10700.0, -641.0]
[[-1030.0], [-8720.0], [-8350.0], [-13200.0], [-2330.0], [-5430.0], [-11400.0], [-4430.0], [-7470.0], [-12700.0], [-1650.0], [-762.0], [-6070.0], [-419000.0], [-10800.0], [-645.0]]
[Stage 1]Gen 33:  1st stage Reward: 0, Best reward: [513987.]
Generation 32 耗时: 1.850秒
[-612.0, -8160.0, -7300.0, -11000.0, -2050.0, -5290.0, -11300.0, -3390.0, -4400.0, -12200.0, -1520.0, -759.0, -895.0, -416000.0, -10700.0, -641.0]
[[-1030.0], [-8720.0], [-8350.0], [-13200.0], [-2330.0], [-5430.0], [-11400.0], [-4430.0], [-7470.0], [-12700.0], [-1650.0], [-762.0], [-6070.0], [-419000.0], [-10800.0], [-645.0]]
[Stage 1]Gen 34:  1st stage Reward: 0, Best reward: [513987.]
Generation 33 耗时: 1.852秒
[-612.0, -8160.0, -7300.0, -11000.0, -2050.0, -5290.0, -11300.0, -3390.0, -4400.0, -12200.0, -1520.0, -759.0, -895.0, -416000.0, -10700.0, -641.0]
[[-1030.0], [-8720.0], [-8350.0], [-13200.0], [-2330.0], [-5430.0], [-11400.0], [-4430.0], [-7470.0], [-12700.0], [-1650.0], [-762.0], [-6070.0], [-419000.0], [-10800.0], [-645.0]]
[Stage 1]Gen 35:  1st stage Reward: 0, Best reward: [513987.]
Generation 34 耗时: 1.935秒
[-612.0, -8160.0, -7300.0, -11000.0, -2050.0, -5290.0, -10700.0, -3390.0, -4400.0, -12200.0, -1440.0, -759.0, -895.0, -416000.0, -10700.0, -641.0]
[[-1030.0], [-8720.0], [-8350.0], [-13200.0], [-2330.0], [-5430.0], [-11400.0], [-4430.0], [-7470.0], [-12700.0], [-1650.0], [-762.0], [-6070.0], [-419000.0], [-10800.0], [-645.0]]
[Stage 1]Gen 36:  1st stage Reward: 0, Best reward: [513987.]
Generation 35 耗时: 1.756秒
[-612.0, -8160.0, -7300.0, -11000.0, -2050.0, -5290.0, -10700.0, -3390.0, -4400.0, -12200.0, -870.0, -759.0, -895.0, -416000.0, -10700.0, -641.0]
[[-1030.0], [-8720.0], [-8350.0], [-13200.0], [-2330.0], [-5430.0], [-11400.0], [-4430.0], [-7470.0], [-12700.0], [-1650.0], [-762.0], [-6070.0], [-419000.0], [-10800.0], [-645.0]]
[Stage 1]Gen 37:  1st stage Reward: 0, Best reward: [513987.]
Generation 36 耗时: 1.802秒
[-612.0, -8160.0, -5380.0, -11000.0, -2050.0, -5290.0, -10200.0, -3390.0, -4400.0, -12200.0, -870.0, -759.0, -895.0, -416000.0, -10700.0, -641.0]
[[-1030.0], [-8720.0], [-8350.0], [-13200.0], [-2330.0], [-5430.0], [-11400.0], [-4430.0], [-7470.0], [-12700.0], [-1650.0], [-762.0], [-6070.0], [-419000.0], [-10800.0], [-645.0]]
[Stage 1]Gen 38:  1st stage Reward: 0, Best reward: [513987.]
Generation 37 耗时: 1.792秒
[-612.0, -8160.0, -5380.0, -11000.0, -1990.0, -5290.0, -10200.0, -3390.0, -4400.0, -12200.0, -818.0, -756.0, -895.0, -416000.0, -10700.0, -641.0]
[[-1030.0], [-8720.0], [-8350.0], [-13200.0], [-2330.0], [-5430.0], [-11400.0], [-4430.0], [-7470.0], [-12700.0], [-1650.0], [-762.0], [-6070.0], [-419000.0], [-10800.0], [-645.0]]
[Stage 1]Gen 39:  1st stage Reward: 0, Best reward: [513987.]
Generation 38 耗时: 1.728秒
[-612.0, -8160.0, -4350.0, -11000.0, -1990.0, -5290.0, -10200.0, -3390.0, -4400.0, -12200.0, -809.0, -756.0, -895.0, -416000.0, -10700.0, -641.0]
[[-1030.0], [-8720.0], [-8350.0], [-13200.0], [-2330.0], [-5430.0], [-11400.0], [-4430.0], [-7470.0], [-12700.0], [-1650.0], [-762.0], [-6070.0], [-419000.0], [-10800.0], [-645.0]]
[Stage 1]Gen 40:  1st stage Reward: 0, Best reward: [513987.]
Generation 39 耗时: 1.770秒
[-612.0, -8160.0, -3510.0, -11000.0, -1990.0, -5290.0, -10100.0, -3390.0, -4400.0, -12200.0, -809.0, -756.0, -895.0, -416000.0, -10700.0, -641.0]
[[-1030.0], [-8720.0], [-8350.0], [-13200.0], [-2330.0], [-5430.0], [-11400.0], [-4430.0], [-7470.0], [-12700.0], [-1650.0], [-762.0], [-6070.0], [-419000.0], [-10800.0], [-645.0]]
[Stage 1]Gen 41:  1st stage Reward: 0, Best reward: [513987.]
Generation 40 耗时: 1.773秒
[-582.0, -8160.0, -3380.0, -11000.0, -1990.0, -5210.0, -10100.0, -3390.0, -4390.0, -12200.0, -794.0, -756.0, -895.0, -416000.0, -10700.0, -641.0]
[[-1030.0], [-8720.0], [-8350.0], [-13200.0], [-2330.0], [-5430.0], [-11400.0], [-4430.0], [-7470.0], [-12700.0], [-1650.0], [-762.0], [-6070.0], [-419000.0], [-10800.0], [-645.0]]
[Stage 1]Gen 42:  1st stage Reward: 0, Best reward: [513987.]
Generation 41 耗时: 1.739秒
[-582.0, -8070.0, -3310.0, -11000.0, -1990.0, -5210.0, -9980.0, -3390.0, -4390.0, -12200.0, -786.0, -756.0, -895.0, -414000.0, -10700.0, -641.0]
[[-1030.0], [-8720.0], [-8350.0], [-13200.0], [-2330.0], [-5430.0], [-11400.0], [-4430.0], [-7470.0], [-12700.0], [-1650.0], [-762.0], [-6070.0], [-419000.0], [-10800.0], [-645.0]]
[Stage 1]Gen 43:  1st stage Reward: 0, Best reward: [513987.]
Generation 42 耗时: 1.767秒
[-582.0, -8030.0, -3300.0, -11000.0, -1990.0, -5210.0, -9930.0, -3390.0, -4390.0, -12200.0, -782.0, -756.0, -895.0, -410000.0, -10700.0, -641.0]
[[-1030.0], [-8720.0], [-8350.0], [-13200.0], [-2330.0], [-5430.0], [-11400.0], [-4430.0], [-7470.0], [-12700.0], [-1650.0], [-762.0], [-6070.0], [-419000.0], [-10800.0], [-645.0]]
[Stage 1]Gen 44:  1st stage Reward: 0, Best reward: [513987.]
Generation 43 耗时: 1.756秒
[-582.0, -8030.0, -3300.0, -11000.0, -1990.0, -5210.0, -9930.0, -3390.0, -4390.0, -12200.0, -782.0, -756.0, -895.0, -410000.0, -10700.0, -641.0]
[[-1030.0], [-8720.0], [-8350.0], [-13200.0], [-2330.0], [-5430.0], [-11400.0], [-4430.0], [-7470.0], [-12700.0], [-1650.0], [-762.0], [-6070.0], [-419000.0], [-10800.0], [-645.0]]
[Stage 1]Gen 45:  1st stage Reward: 0, Best reward: [513987.]
Generation 44 耗时: 1.714秒
[-582.0, -8030.0, -3300.0, -11000.0, -1990.0, -4810.0, -9930.0, -3380.0, -4390.0, -12200.0, -782.0, -756.0, -801.0, -410000.0, -10700.0, -641.0]
[[-1030.0], [-8720.0], [-8350.0], [-13200.0], [-2330.0], [-5430.0], [-11400.0], [-4430.0], [-7470.0], [-12700.0], [-1650.0], [-762.0], [-6070.0], [-419000.0], [-10800.0], [-645.0]]
[Stage 1]Gen 46:  1st stage Reward: 0, Best reward: [513987.]
Generation 45 耗时: 1.770秒
[-582.0, -8030.0, -3300.0, -11000.0, -1990.0, -4530.0, -9930.0, -3380.0, -4390.0, -12200.0, -782.0, -756.0, -764.0, -410000.0, -10700.0, -641.0]
[[-1030.0], [-8720.0], [-8350.0], [-13200.0], [-2330.0], [-5430.0], [-11400.0], [-4430.0], [-7470.0], [-12700.0], [-1650.0], [-762.0], [-6070.0], [-419000.0], [-10800.0], [-645.0]]
[Stage 1]Gen 47:  1st stage Reward: 0, Best reward: [513987.]
Generation 46 耗时: 1.727秒
[-582.0, -8030.0, -3300.0, -11000.0, -1990.0, -4490.0, -9930.0, -3160.0, -4390.0, -12200.0, -782.0, -756.0, -763.0, -410000.0, -10700.0, -641.0]
[[-1030.0], [-8720.0], [-8350.0], [-13200.0], [-2330.0], [-5430.0], [-11400.0], [-4430.0], [-7470.0], [-12700.0], [-1650.0], [-762.0], [-6070.0], [-419000.0], [-10800.0], [-645.0]]
[Stage 1]Gen 48:  1st stage Reward: 0, Best reward: [513987.]
Generation 47 耗时: 1.711秒
[-582.0, -8030.0, -3300.0, -11000.0, -1990.0, -4490.0, -9930.0, -3160.0, -4390.0, -12200.0, -782.0, -756.0, -763.0, -410000.0, -10700.0, -641.0]
[[-1030.0], [-8720.0], [-8350.0], [-13200.0], [-2330.0], [-5430.0], [-11400.0], [-4430.0], [-7470.0], [-12700.0], [-1650.0], [-762.0], [-6070.0], [-419000.0], [-10800.0], [-645.0]]
[Stage 1]Gen 49:  1st stage Reward: 0, Best reward: [513987.]
Generation 48 耗时: 1.841秒
[-582.0, -8030.0, -3150.0, -11000.0, -1990.0, -4460.0, -9930.0, -3140.0, -4390.0, -12200.0, -782.0, -756.0, -763.0, -410000.0, -10700.0, -641.0]
[[-1030.0], [-8720.0], [-8350.0], [-13200.0], [-2330.0], [-5430.0], [-11400.0], [-4430.0], [-7470.0], [-12700.0], [-1650.0], [-762.0], [-6070.0], [-419000.0], [-10800.0], [-645.0]]
[Stage 1]Gen 50:  1st stage Reward: 0, Best reward: [513987.]
Generation 49 耗时: 1.713秒
耗时:  81.3628511428833
