网络: alexnet, 层数: 0
['DRAM', 'LocalBuffer', 'Accumulator', 'Registers'] [1, 1, 1, 4096, 4096] [inf, 1572864, 131072, 1]
[1, 1, 4096, 1]
10
time1:  0.013057231903076172
[[ 1  1  5  5  1  1  1  1]
 [ 1  1 55  1  1 64  1  1]
 [11 11  1  1  3  1  1  1]
 [ 1  1  1  1  3 64  1  1]
 [ 1  1  1 11  1  1  1  1]]
time2:  0.005592823028564453
time1:  0.013063430786132812
[[ 1  1  5  5  1  1  1  1]
 [ 1  1  1 55  1 64  1  1]
 [11 11  1  1  3  1  1  1]
 [ 1  1  1  1  3 64  1  1]
 [ 1  1 11  1  1  1  1  1]]
time2:  0.0051326751708984375
time1:  0.015703916549682617
[[ 1  1  5 55  1  1  1  1]
 [11  1  5  1  1 64  1  1]
 [11  1  1  1  3  1  1  1]
 [ 1  1  1  1  3 64  1  1]
 [ 1 11  3  1  1  1  1  1]]
time2:  0.00562286376953125
time1:  0.012068033218383789
[[ 1  1  5 55  1  1  1  1]
 [11  1  5  1  1 64  1  1]
 [11  1  1  1  3  1  1  1]
 [ 1  1  1  1  3 64  1  1]
 [ 1 11  3  1  1  1  1  1]]
time2:  0.005173921585083008
time1:  0.011845111846923828
[[ 1  1  5 55  1  1  1  1]
 [11  1  5  1  1 64  1  1]
 [11  1  1  1  3  1  1  1]
 [ 1  1  1  1  3 64  1  1]
 [ 1 11  3  1  1  1  1  1]]
time2:  0.002732515335083008
time1:  0.01215982437133789
[[ 1  1  5 55  1  1  1  1]
 [11  1  5  1  1 64  1  1]
 [11  1  1  1  3  1  1  1]
 [ 1  1  1  1  3 64  1  1]
 [ 1 11  3  1  1  1  1  1]]
time2:  0.0027010440826416016
time1:  0.012427091598510742
[[ 1  1  5 55  1  1  1  1]
 [11  1  5  1  1 64  1  1]
 [11  1  1  1  3  1  1  1]
 [ 1  1  1  1  3 64  1  1]
 [ 1 11  3  1  1  1  1  1]]
time2:  0.005427837371826172
time1:  0.014584064483642578
[[ 1  1  1 11  1  1  1  1]
 [ 1  1  1 55  1 64  1  1]
 [11 11  1  1  3  2  1  1]
 [ 1  1  5  1  1 64  1  1]
 [ 1  1 11  1  1  1  1  1]]
time2:  0.0026993751525878906
time1:  0.013196945190429688
[[ 1  1  5 55  1  1  1  1]
 [11 11  5  5  1  1  1  1]
 [ 1  1  1  1  1 16  1  1]
 [ 1  1  1  1  1 64  1  1]
 [ 1  1  3  1  3  1  1  1]]
time2:  0.005712270736694336
time1:  0.011469841003417969
[[ 1  1  5 55  1  1  1  1]
 [11  1  5  1  1 64  1  1]
 [11  1  1  1  3  1  1  1]
 [ 1  1  1  1  3 64  1  1]
 [ 1 11  3  1  1  1  1  1]]
time2:  0.002825021743774414
time1:  0.01220560073852539
[[ 1  1  5 55  1  1  1  1]
 [11  1  5  1  1 64  1  1]
 [11  1  1  1  3  1  1  1]
 [ 1  1  1  1  3 64  1  1]
 [ 1 11  3  1  1  1  1  1]]
time2:  0.003871440887451172
time1:  0.011989116668701172
[[ 1  1  5  5  1  1  1  1]
 [11  1 55  5  1  1  1  1]
 [11  1  1  1  1 16  1  1]
 [ 1  1  1  1  1 64  1  1]
 [ 1 11  1  3  3  1  1  1]]
time2:  0.005850076675415039
time1:  0.013087749481201172
[[ 1  1  5  5  1  1  1  1]
 [ 1  1 55  1  3 16  1  1]
 [11 11  1  1  3  4  1  1]
 [ 1  1  1  1  1 64  1  1]
 [ 1  1  1 11  1  1  1  1]]
time2:  0.005228281021118164
time1:  0.013581275939941406
[[ 1  1  5  5  1  1  1  1]
 [ 1  1 55 55  1  1  1  1]
 [11  1  1  1  1  1  1  1]
 [ 1  1  1  1  1 64  1  1]
 [ 1 11  1  1  3  1  1  1]]
time2:  0.005415201187133789
time1:  0.013100147247314453
[[ 1  1  5  5  1  1  1  1]
 [ 1  1 55 55  1  1  1  1]
 [11  1  1  1  1  1  1  1]
 [ 1  1  1  1  1 64  1  1]
 [ 1 11  1  1  3  1  1  1]]
time2:  0.005547523498535156
time1:  0.011614322662353516
[[ 1  1  5  5  1  1  1  1]
 [ 1  1 55 55  1  1  1  1]
 [11  1  1  1  1  1  1  1]
 [ 1  1  1  1  1 64  1  1]
 [ 1 11  1  1  3  1  1  1]]
time2:  0.0032448768615722656
time1:  0.01236414909362793
[[ 1  1  5  5  1  1  1  1]
 [ 1  1 55 55  1  1  1  1]
 [11  1  1  1  1  1  1  1]
 [ 1  1  1  1  1 64  1  1]
 [ 1 11  1  1  3  1  1  1]]
time2:  0.003086566925048828
time1:  0.012748241424560547
[[ 1  1 55  5  1  1  1  1]
 [11  1  5  1  1 64  1  1]
 [11  1  1  1  3  1  1  1]
 [ 1  1  1  1  3 64  1  1]
 [ 1 11  1 11  1  1  1  1]]
time2:  0.005085468292236328
time1:  0.015761375427246094
[[ 1  1 11  1  1  1  1  1]
 [ 1  1  1 55  1 64  1  1]
 [11 11  1  1  3  2  1  1]
 [ 1  1  5  1  1 64  1  1]
 [ 1  1  1  1  1  1  1  1]]
time2:  0.0051326751708984375
time1:  0.013225555419921875
[[ 1  1 55  5  1  1  1  1]
 [11  1  5  1  1 64  1  1]
 [11  1  1  1  3  1  1  1]
 [ 1  1  1  1  3 64  1  1]
 [ 1 11  1 11  1  1  1  1]]
time2:  0.0050847530364990234
time1:  0.01478266716003418
[[ 1  1  5  5  1  1  1  1]
 [ 1  1  1 55  1 64  1  1]
 [11 11  1  1  3  1  1  1]
 [ 1  1  1  1  3 64  1  1]
 [ 1  1 11  1  1  1  1  1]]
time2:  0.004854440689086914
time1:  0.012903928756713867
[[ 1  1  5 55  1  1  1  1]
 [11  1  5  1  1 64  1  1]
 [11  1  1  1  3  1  1  1]
 [ 1  1  1  1  3 64  1  1]
 [ 1 11  3  1  1  1  1  1]]
time2:  0.0053822994232177734
time1:  0.0157318115234375
[[ 1  1  5 55  1  1  1  1]
 [11  1  5  1  1 64  1  1]
 [11  1  1  1  3  1  1  1]
 [ 1  1  1  1  3 64  1  1]
 [ 1 11  3  1  1  1  1  1]]
time2:  0.00413060188293457
time1:  0.01154637336730957
[[ 1  1  5 55  1  1  1  1]
 [11  1  5  1  1 64  1  1]
 [11  1  1  1  3  1  1  1]
 [ 1  1  1  1  3 64  1  1]
 [ 1 11  3  1  1  1  1  1]]
time2:  0.002725839614868164
time1:  0.012310981750488281
[[ 1  1  5 55  1  1  1  1]
 [11  1  5  1  1 64  1  1]
 [11  1  1  1  3  1  1  1]
 [ 1  1  1  1  3 64  1  1]
 [ 1 11  3  1  1  1  1  1]]
time2:  0.00418400764465332
time1:  0.01293492317199707
[[ 1  1  5 55  1  1  1  1]
 [11  1  5  1  1 64  1  1]
 [11  1  1  1  3  1  1  1]
 [ 1  1  1  1  3 64  1  1]
 [ 1 11  3  1  1  1  1  1]]
time2:  0.005410909652709961
time1:  0.01301717758178711
[[ 1  1 11  5  1  1  1  1]
 [11  1  1  5  1 64  1  1]
 [11 11  1  1  3  4  1  1]
 [ 1  1  1  1  1 64  1  1]
 [ 1  1  5  3  1  1  1  1]]
time2:  0.0030176639556884766
time1:  0.010794639587402344
[[ 1  1  5 55  1  1  1  1]
 [11  1  5  1  1 64  1  1]
 [11  1  1  1  3  1  1  1]
 [ 1  1  1  1  3 64  1  1]
 [ 1 11  3  1  1  1  1  1]]
time2:  0.0029876232147216797
time1:  0.011220216751098633
[[ 1  1  5 55  1  1  1  1]
 [11  1  5  1  1 64  1  1]
 [11  1  1  1  3  1  1  1]
 [ 1  1  1  1  3 64  1  1]
 [ 1 11  3  1  1  1  1  1]]
time2:  0.0026946067810058594
time1:  0.013444185256958008
[[ 1  1  5 55  1  1  1  1]
 [11  1  5  1  1 64  1  1]
 [11  1  1  1  3  1  1  1]
 [ 1  1  1  1  3 64  1  1]
 [ 1 11  3  1  1  1  1  1]]
time2:  0.002744913101196289
time1:  0.01129603385925293
[[ 1  1  5 55  1  1  1  1]
 [11  1 55  5  1  1  1  1]
 [ 1  1  1  1  1  1  1  1]
 [ 1  1  1  1  1 64  1  1]
 [ 1 11  1  1  3  1  1  1]]
time2:  0.0043487548828125
time1:  0.013390779495239258
[[ 1  1  5 55  1  1  1  1]
 [11  1 55  5  1  1  1  1]
 [ 1  1  1  1  1  1  1  1]
 [ 1  1  1  1  1 64  1  1]
 [ 1 11  1  1  3  1  1  1]]
time2:  0.005667686462402344
time1:  0.01313471794128418
[[ 1  1  5 55  1  1  1  1]
 [11  1 55  5  1  1  1  1]
 [ 1  1  1  1  1  1  1  1]
 [ 1  1  1  1  1 64  1  1]
 [ 1 11  1  1  3  1  1  1]]
time2:  0.0030281543731689453
time1:  0.01257634162902832
[[ 1  1  5  5  1  1  1  1]
 [ 1  1 55 55  1  1  1  1]
 [11  1  1  1  1  1  1  1]
 [ 1  1  1  1  1 64  1  1]
 [ 1 11  1  1  3  1  1  1]]
time2:  0.005354166030883789
time1:  0.012788534164428711
[[ 1  1  5  5  1  1  1  1]
 [ 1  1  1 55  1 32  1  1]
 [11 11  1  1  3  2  1  1]
 [ 1  1  1  1  3 64  1  1]
 [ 1  1 11  1  1  1  1  1]]
time2:  0.005143165588378906
time1:  0.013826131820678711
[[ 1  1  5  5  1  1  1  1]
 [ 1  1  1 55  1 64  1  1]
 [11 11  1  1  3  1  1  1]
 [ 1  1  1  1  3 64  1  1]
 [ 1  1 11  1  1  1  1  1]]
time2:  0.0053632259368896484
time1:  0.012469768524169922
[[ 1  1  5  5  1  1  1  1]
 [11  1  5  1  1 64  1  1]
 [11 11  1  1  3 16  1  1]
 [ 1  1  1  1  3 64  1  1]
 [ 1  1  3 11  1  1  1  1]]
time2:  0.005358457565307617
time1:  0.012395858764648438
[[ 1  1 55  5  1  1  1  1]
 [11  1  1  5  1 64  1  1]
 [11  1  1  1  3  1  1  1]
 [ 1  1  1  1  3 64  1  1]
 [ 1 11  1  3  1  1  1  1]]
time2:  0.0048749446868896484
time1:  0.014631509780883789
[[ 1  1  5  5  1  1  1  1]
 [ 1  1  1 55  1 64  1  1]
 [11 11  1  1  3  1  1  1]
 [ 1  1  1  1  3 64  1  1]
 [ 1  1 11  1  1  1  1  1]]
time2:  0.005213499069213867
time1:  0.01398777961730957
[[ 1  1 55  5  1  1  1  1]
 [11  1  5  1  1 64  1  1]
 [11  1  1  1  3  1  1  1]
 [ 1  1  1  1  3 64  1  1]
 [ 1 11  1 11  1  1  1  1]]
time2:  0.005120992660522461
time1:  0.016396045684814453
[[ 1  1  5  5  1  1  1  1]
 [11  1  5  1  1 64  1  1]
 [11 11  1  1  3 16  1  1]
 [ 1  1  1  1  3 64  1  1]
 [ 1  1  3 11  1  1  1  1]]
time2:  0.005430459976196289
time1:  0.012580633163452148
[[ 1  1 55  5  1  1  1  1]
 [11  1  5  1  1 64  1  1]
 [11  1  1  1  3  1  1  1]
 [ 1  1  1  1  3 64  1  1]
 [ 1 11  1 11  1  1  1  1]]
time2:  0.0027887821197509766
time1:  0.016562938690185547
[[ 1  1  5 55  1  1  1  1]
 [11  1  5  1  1 64  1  1]
 [11  1  1  1  3  1  1  1]
 [ 1  1  1  1  3 64  1  1]
 [ 1 11  3  1  1  1  1  1]]
time2:  0.005662202835083008
time1:  0.01336526870727539
[[ 1  1  5 55  1  1  1  1]
 [11  1  5  1  1 64  1  1]
 [11  1  1  1  3  1  1  1]
 [ 1  1  1  1  3 64  1  1]
 [ 1 11  3  1  1  1  1  1]]
time2:  0.002690553665161133
time1:  0.01158761978149414
[[ 1  1  5 55  1  1  1  1]
 [11  1  5  1  1 64  1  1]
 [11  1  1  1  3  1  1  1]
 [ 1  1  1  1  3 64  1  1]
 [ 1 11  3  1  1  1  1  1]]
time2:  0.0027806758880615234
time1:  0.012828350067138672
[[ 1  1  5  5  1  1  1  1]
 [11  1 55  1  1  4  1  1]
 [11  1  1  1  3 16  1  1]
 [ 1  1  1  1  3 64  1  1]
 [ 1 11  1 11  1  1  1  1]]
time2:  0.005166769027709961
time1:  0.013618707656860352
[[ 1  1 55  5  1  1  1  1]
 [11  1  5  1  1 64  1  1]
 [11  1  1  1  3  1  1  1]
 [ 1  1  1  1  3 64  1  1]
 [ 1 11  1 11  1  1  1  1]]
time2:  0.0027670860290527344
time1:  0.013837814331054688
[[ 1  1  5 55  1  1  1  1]
 [11  1  5  1  1 64  1  1]
 [11  1  1  1  3  1  1  1]
 [ 1  1  1  1  3 64  1  1]
 [ 1 11  3  1  1  1  1  1]]
time2:  0.0027313232421875
time1:  0.012973308563232422
[[ 1  1 55  5  1  1  1  1]
 [11 11  5  5  1  1  1  1]
 [ 1  1  1  1  1 16  1  1]
 [ 1  1  1  1  1 64  1  1]
 [ 1  1  1  3  3  1  1  1]]
time2:  0.005597114562988281
time1:  0.015047073364257812
[[ 1  1  5 55  1  1  1  1]
 [11  1  5  1  1 64  1  1]
 [11  1  1  1  3  1  1  1]
 [ 1  1  1  1  3 64  1  1]
 [ 1 11  3  1  1  1  1  1]]
time2:  0.005309104919433594
time1:  0.01234126091003418
[[ 1  1  5 55  1  1  1  1]
 [11  1  5  1  1 64  1  1]
 [11  1  1  1  3  1  1  1]
 [ 1  1  1  1  3 64  1  1]
 [ 1 11  3  1  1  1  1  1]]
time2:  0.002785921096801758
time1:  0.011981487274169922
[[ 1  1  5  5  1  1  1  1]
 [11  1 55  5  1  1  1  1]
 [11  1  1  1  1 16  1  1]
 [ 1  1  1  1  1 64  1  1]
 [ 1 11  1  3  3  1  1  1]]
time2:  0.003013134002685547
time1:  0.011983394622802734
[[ 1  1  5 55  1  1  1  1]
 [11  1 55  5  1  1  1  1]
 [ 1  1  1  1  1  1  1  1]
 [ 1  1  1  1  1 64  1  1]
 [ 1 11  1  1  3  1  1  1]]
time2:  0.005259037017822266
time1:  0.01291656494140625
[[ 1  1  5  5  1  1  1  1]
 [ 1  1 55 55  1  1  1  1]
 [11  1  1  1  1  1  1  1]
 [ 1  1  1  1  1 64  1  1]
 [ 1 11  1  1  3  1  1  1]]
time2:  0.005254030227661133
time1:  0.013881683349609375
[[ 1  1  5  5  1  1  1  1]
 [ 1  1 55  1  1 64  1  1]
 [11 11  1  1  3  1  1  1]
 [ 1  1  1  1  3 64  1  1]
 [ 1  1  1 11  1  1  1  1]]
time2:  0.005213022232055664
time1:  0.013677120208740234
[[ 1  1  5  5  1  1  1  1]
 [ 1  1  1 55  1 64  1  1]
 [11 11  1  1  3  1  1  1]
 [ 1  1  1  1  3 64  1  1]
 [ 1  1 11  1  1  1  1  1]]
time2:  0.0053517818450927734
time1:  0.012173175811767578
[[ 1  1  5  5  1  1  1  1]
 [ 1  1 55 55  1  1  1  1]
 [11  1  1  1  1  1  1  1]
 [ 1  1  1  1  1 64  1  1]
 [ 1 11  1  1  3  1  1  1]]
time2:  0.0055027008056640625
time1:  0.012337923049926758
[[ 1  1  5 55  1  1  1  1]
 [11  1  5  1  1 64  1  1]
 [11  1  1  1  3  1  1  1]
 [ 1  1  1  1  3 64  1  1]
 [ 1 11  3  1  1  1  1  1]]
time2:  0.005278110504150391
time1:  0.015420198440551758
[[ 1  1  5  5  1  1  1  1]
 [11  1  5  1  1 64  1  1]
 [11 11  1  1  3 16  1  1]
 [ 1  1  1  1  3 64  1  1]
 [ 1  1  3 11  1  1  1  1]]
time2:  0.0028967857360839844
time1:  0.012758493423461914
[[ 1  1  5  5  1  1  1  1]
 [ 1  1  1 55  1 64  1  1]
 [11 11  1  1  3  1  1  1]
 [ 1  1  1  1  3 64  1  1]
 [ 1  1 11  1  1  1  1  1]]
time2:  0.0029060840606689453
time1:  0.01561117172241211
[[ 1  1  5  5  1  1  1  1]
 [ 1  1  1 55  1 64  1  1]
 [11 11  1  1  3  1  1  1]
 [ 1  1  1  1  3 64  1  1]
 [ 1  1 11  1  1  1  1  1]]
time2:  0.0031898021697998047
time1:  0.013007640838623047
[[ 1  1  5 55  1  1  1  1]
 [11  1  5  1  1 64  1  1]
 [11  1  1  1  3  1  1  1]
 [ 1  1  1  1  3 64  1  1]
 [ 1 11  3  1  1  1  1  1]]
time2:  0.005579471588134766
time1:  0.014940500259399414
[[ 1  1  5 55  1  1  1  1]
 [11  1  5  1  1 64  1  1]
 [11  1  1  1  3  1  1  1]
 [ 1  1  1  1  3 64  1  1]
 [ 1 11  3  1  1  1  1  1]]
time2:  0.005188703536987305
time1:  0.01188039779663086
[[ 1  1 55  5  1  1  1  1]
 [11  1  5  1  1 64  1  1]
 [11  1  1  1  3  1  1  1]
 [ 1  1  1  1  3 64  1  1]
 [ 1 11  1 11  1  1  1  1]]
time2:  0.0052127838134765625
time1:  0.01238250732421875
[[ 1  1  5  5  1  1  1  1]
 [11  1  5  1  1 64  1  1]
 [11 11  1  1  3 16  1  1]
 [ 1  1  1  1  3 64  1  1]
 [ 1  1  3 11  1  1  1  1]]
time2:  0.003889322280883789
time1:  0.01178288459777832
[[ 1  1  5 55  1  1  1  1]
 [11  1  5  1  1 64  1  1]
 [11  1  1  1  3  1  1  1]
 [ 1  1  1  1  3 64  1  1]
 [ 1 11  3  1  1  1  1  1]]
time2:  0.002729654312133789
time1:  0.01259756088256836
[[ 1  1  5 55  1  1  1  1]
 [11  1  5  1  1 64  1  1]
 [11  1  1  1  3  1  1  1]
 [ 1  1  1  1  3 64  1  1]
 [ 1 11  3  1  1  1  1  1]]
time2:  0.0030465126037597656
time1:  0.013945817947387695
[[ 1  1 55  5  1  1  1  1]
 [11  1 55  5  1  1  1  1]
 [ 1  1  1  1  1  1  1  1]
 [ 1  1  1  1  1 64  1  1]
 [ 1 11  1  3  3  1  1  1]]
time2:  0.005883455276489258
time1:  0.011944055557250977
[[ 1  1 55  5  1  1  1  1]
 [11  1  5  1  1 64  1  1]
 [11  1  1  1  3  1  1  1]
 [ 1  1  1  1  3 64  1  1]
 [ 1 11  1 11  1  1  1  1]]
time2:  0.0028235912322998047
time1:  0.012077808380126953
[[ 1  1  5 55  1  1  1  1]
 [11  1  5  1  1 64  1  1]
 [11  1  1  1  3  1  1  1]
 [ 1  1  1  1  3 64  1  1]
 [ 1 11  3  1  1  1  1  1]]
time2:  0.003103971481323242
time1:  0.013536930084228516
[[ 1  1  5 55  1  1  1  1]
 [11  1 55  5  1  1  1  1]
 [ 1  1  1  1  1  1  1  1]
 [ 1  1  1  1  1 64  1  1]
 [ 1 11  1  1  3  1  1  1]]
time2:  0.005843400955200195
time1:  0.012533903121948242
[[ 1  1  5  5  1  1  1  1]
 [11  1 55  5  1  1  1  1]
 [11  1  1  1  1 16  1  1]
 [ 1  1  1  1  1 64  1  1]
 [ 1 11  1  3  3  1  1  1]]
time2:  0.005893707275390625
time1:  0.012284040451049805
[[ 1  1  5  5  1  1  1  1]
 [11  1 55  5  1  1  1  1]
 [11  1  1  1  1 16  1  1]
 [ 1  1  1  1  1 64  1  1]
 [ 1 11  1  3  3  1  1  1]]
time2:  0.0031442642211914062
time1:  0.012629270553588867
[[ 1  1  5  5  1  1  1  1]
 [11  1  5  1  1 64  1  1]
 [11 11  1  1  3 16  1  1]
 [ 1  1  1  1  3 64  1  1]
 [ 1  1  3 11  1  1  1  1]]
time2:  0.00494074821472168
time1:  0.01316690444946289
[[ 1  1  5  5  1  1  1  1]
 [ 1  1 55 55  1  1  1  1]
 [11  1  1  1  1  1  1  1]
 [ 1  1  1  1  1 64  1  1]
 [ 1 11  1  1  3  1  1  1]]
time2:  0.0056514739990234375
time1:  0.011472225189208984
[[ 1  1  5  5  1  1  1  1]
 [ 1  1 55 55  1  1  1  1]
 [11  1  1  1  1  1  1  1]
 [ 1  1  1  1  1 64  1  1]
 [ 1 11  1  1  3  1  1  1]]
time2:  0.003366708755493164
time1:  0.01248025894165039
[[ 1  1  5  5  1  1  1  1]
 [ 1  1 55 55  1  1  1  1]
 [11  1  1  1  1  1  1  1]
 [ 1  1  1  1  1 64  1  1]
 [ 1 11  1  1  3  1  1  1]]
time2:  0.003038644790649414
time1:  0.012502670288085938
[[ 1  1 11  1  1  1  1  1]
 [ 1  1  1 55  1 64  1  1]
 [11 11  1  1  3  2  1  1]
 [ 1  1  5  1  1 64  1  1]
 [ 1  1  1  1  1  1  1  1]]
time2:  0.0025911331176757812
time1:  0.011943578720092773
[[ 1  1 55  5  1  1  1  1]
 [11  1  5  1  1 64  1  1]
 [11  1  1  1  3  1  1  1]
 [ 1  1  1  1  3 64  1  1]
 [ 1 11  1 11  1  1  1  1]]
time2:  0.003904581069946289
time1:  0.012479543685913086
[[ 1  1 55  1  1  1  1  1]
 [ 1  1  1 55  1 32  1  1]
 [11 11  1  1  3  1  1  1]
 [ 1  1  1  1  1 64  1  1]
 [ 1  1  1  1  1  1  1  1]]
time2:  0.0034928321838378906
time1:  0.013148069381713867
[[ 1  1  5  5  1  1  1  1]
 [11  1  5  1  1 64  1  1]
 [11 11  1  1  3 16  1  1]
 [ 1  1  1  1  3 64  1  1]
 [ 1  1  3 11  1  1  1  1]]
time2:  0.005234956741333008
time1:  0.012680292129516602
[[ 1  1  5 55  1  1  1  1]
 [11  1  5  1  1 64  1  1]
 [11  1  1  1  3  1  1  1]
 [ 1  1  1  1  3 64  1  1]
 [ 1 11  3  1  1  1  1  1]]
time2:  0.0053021907806396484
time1:  0.015300750732421875
[[ 1  1  5 55  1  1  1  1]
 [11  1  5  1  1 64  1  1]
 [11  1  1  1  3  1  1  1]
 [ 1  1  1  1  3 64  1  1]
 [ 1 11  3  1  1  1  1  1]]
time2:  0.004022121429443359
time1:  0.013482809066772461
[[ 1  1  5 55  1  1  1  1]
 [11  1  5  1  1 64  1  1]
 [11  1  1  1  3  1  1  1]
 [ 1  1  1  1  3 64  1  1]
 [ 1 11  3  1  1  1  1  1]]
time2:  0.0026695728302001953
time1:  0.010498762130737305
[[ 1  1  5  5  1  1  1  1]
 [ 1  1 55  1  1 64  1  1]
 [11 11  1  1  3  1  1  1]
 [ 1  1  1  1  3 64  1  1]
 [ 1  1  1 11  1  1  1  1]]
time2:  0.005394697189331055
time1:  0.01264500617980957
[[ 1  1  5 55  1  1  1  1]
 [11  1  5  1  1 64  1  1]
 [11  1  1  1  3  1  1  1]
 [ 1  1  1  1  3 64  1  1]
 [ 1 11  3  1  1  1  1  1]]
time2:  0.0028429031372070312
time1:  0.011875152587890625
[[ 1  1 55  5  1  1  1  1]
 [11  1  5  1  1 64  1  1]
 [11  1  1  1  3  1  1  1]
 [ 1  1  1  1  3 64  1  1]
 [ 1 11  1 11  1  1  1  1]]
time2:  0.005046844482421875
time1:  0.014153718948364258
[[ 1  1  5  5  1  1  1  1]
 [11 11  1  1  1 16  1  1]
 [11  1  1  5  3 64  1  1]
 [ 1  1  1  1  3 64  1  1]
 [ 1  1 11  3  1  1  1  1]]
time2:  0.005425214767456055
time1:  0.012283802032470703
[[ 1  1  5 55  1  1  1  1]
 [11  1  5  1  1 64  1  1]
 [11  1  1  1  3  1  1  1]
 [ 1  1  1  1  3 64  1  1]
 [ 1 11  3  1  1  1  1  1]]
time2:  0.002744436264038086
time1:  0.010793924331665039
[[ 1  1  5 55  1  1  1  1]
 [11  1 55  5  1  1  1  1]
 [ 1  1  1  1  1  1  1  1]
 [ 1  1  1  1  1 64  1  1]
 [ 1 11  1  1  3  1  1  1]]
time2:  0.0030155181884765625
time1:  0.013977527618408203
[[ 1  1  5  5  1  1  1  1]
 [ 1  1  1 55  1 32  1  1]
 [11 11  1  1  3  2  1  1]
 [ 1  1  1  1  3 64  1  1]
 [ 1  1 11  1  1  1  1  1]]
time2:  0.005176544189453125
time1:  0.012017011642456055
[[ 1  1  5  5  1  1  1  1]
 [11  1 55  5  1  1  1  1]
 [11  1  1  1  1 16  1  1]
 [ 1  1  1  1  1 64  1  1]
 [ 1 11  1  3  3  1  1  1]]
time2:  0.005700826644897461
time1:  0.012847185134887695
[[ 1  1  5  5  1  1  1  1]
 [11  1 55  1  1  4  1  1]
 [11  1  1  1  3 16  1  1]
 [ 1  1  1  1  3 64  1  1]
 [ 1 11  1 11  1  1  1  1]]
time2:  0.002622365951538086
time1:  0.011427640914916992
[[ 1  1  5  5  1  1  1  1]
 [ 1  1 55 55  1  1  1  1]
 [11  1  1  1  1  1  1  1]
 [ 1  1  1  1  1 64  1  1]
 [ 1 11  1  1  3  1  1  1]]
time2:  0.005032539367675781
time1:  0.013737201690673828
[[ 1  1  5  5  1  1  1  1]
 [11  1  5  1  1 64  1  1]
 [11 11  1  1  3 16  1  1]
 [ 1  1  1  1  3 64  1  1]
 [ 1  1  3 11  1  1  1  1]]
time2:  0.0054111480712890625
time1:  0.0107574462890625
[[ 1  1  5  5  1  1  1  1]
 [ 1  1 55 55  1  1  1  1]
 [11  1  1  1  1  1  1  1]
 [ 1  1  1  1  1 64  1  1]
 [ 1 11  1  1  3  1  1  1]]
time2:  0.0029554367065429688
time1:  0.012003421783447266
[[ 1  1  5  5  1  1  1  1]
 [11  1  5  1  1 64  1  1]
 [11  1 11  1  3  1  1  1]
 [ 1  1  1  1  3 64  1  1]
 [ 1 11  1 11  1  1  1  1]]
time2:  0.005202531814575195
time1:  0.011758565902709961
[[ 1  1 11  1  1  1  1  1]
 [ 1  1  1 55  1 64  1  1]
 [11 11  1  1  3  2  1  1]
 [ 1  1  5  1  1 64  1  1]
 [ 1  1  1  1  1  1  1  1]]
time2:  0.0048372745513916016
time1:  0.012281656265258789
[[ 1  1 55  5  1  1  1  1]
 [11  1  5  1  1 64  1  1]
 [11  1  1  1  3  1  1  1]
 [ 1  1  1  1  3 64  1  1]
 [ 1 11  1 11  1  1  1  1]]
time2:  0.004433870315551758
time1:  0.012264728546142578
[[ 1  1 11  1  1  1  1  1]
 [ 1  1  1 55  1 64  1  1]
 [11 11  1  1  3  2  1  1]
 [ 1  1  5  1  1 64  1  1]
 [ 1  1  1  1  1  1  1  1]]
time2:  0.0041654109954833984
time1:  0.013568401336669922
[[ 1  1  5  5  1  1  1  1]
 [ 1  1  1 55  1 64  1  1]
 [11 11  1  1  3  1  1  1]
 [ 1  1  1  1  3 64  1  1]
 [ 1  1 11  1  1  1  1  1]]
time2:  0.0056705474853515625
time1:  0.01255655288696289
[[ 1  1  5 55  1  1  1  1]
 [11  1  5  1  1 64  1  1]
 [11  1  1  1  3  1  1  1]
 [ 1  1  1  1  3 64  1  1]
 [ 1 11  3  1  1  1  1  1]]
time2:  0.0052280426025390625
time1:  0.016281604766845703
[[ 1  1  5 55  1  1  1  1]
 [11  1  5  1  1 64  1  1]
 [11  1  1  1  3  1  1  1]
 [ 1  1  1  1  3 64  1  1]
 [ 1 11  3  1  1  1  1  1]]
time2:  0.005716085433959961
time1:  0.011907577514648438
[[ 1  1  5 55  1  1  1  1]
 [11  1  5  1  1 64  1  1]
 [11  1  1  1  3  1  1  1]
 [ 1  1  1  1  3 64  1  1]
 [ 1 11  3  1  1  1  1  1]]
time2:  0.00515294075012207
time1:  0.013545513153076172
[[ 1  1  5  5  1  1  1  1]
 [11  1  5  1  1 64  1  1]
 [11 11  1  1  3 16  1  1]
 [ 1  1  1  1  3 64  1  1]
 [ 1  1  3 11  1  1  1  1]]
time2:  0.00540614128112793
time1:  0.0111541748046875
[[ 1  1  5 55  1  1  1  1]
 [11  1  5  1  1 64  1  1]
 [11  1  1  1  3  1  1  1]
 [ 1  1  1  1  3 64  1  1]
 [ 1 11  3  1  1  1  1  1]]
time2:  0.005345344543457031
time1:  0.01246953010559082
[[ 1  1  5 55  1  1  1  1]
 [11  1  5  1  1 64  1  1]
 [11  1  1  1  3  1  1  1]
 [ 1  1  1  1  3 64  1  1]
 [ 1 11  3  1  1  1  1  1]]
time2:  0.005152463912963867
time1:  0.011368036270141602
[[ 1  1  5 55  1  1  1  1]
 [11  1  5  1  1 64  1  1]
 [11  1  1  1  3  1  1  1]
 [ 1  1  1  1  3 64  1  1]
 [ 1 11  3  1  1  1  1  1]]
time2:  0.0028045177459716797
time1:  0.012259244918823242
[[ 1  1 55  5  1  1  1  1]
 [11  1  5  1  1 64  1  1]
 [11  1  1  1  3  1  1  1]
 [ 1  1  1  1  3 64  1  1]
 [ 1 11  1 11  1  1  1  1]]
time2:  0.005173683166503906
time1:  0.014687776565551758
[[ 1  1  5 55  1  1  1  1]
 [11  1  5  1  1 64  1  1]
 [11  1  1  1  3  1  1  1]
 [ 1  1  1  1  3 64  1  1]
 [ 1 11  3  1  1  1  1  1]]
time2:  0.0027375221252441406
time1:  0.013822317123413086
[[ 1  1  5 55  1  1  1  1]
 [11 11  5  5  1  1  1  1]
 [ 1  1  1  1  1 16  1  1]
 [ 1  1  1  1  1 64  1  1]
 [ 1  1  3  1  3  1  1  1]]
time2:  0.0034339427947998047
time1:  0.012381792068481445
[[ 1  1  5  5  1  1  1  1]
 [11  1 55  5  1  1  1  1]
 [11  1  1  1  1 16  1  1]
 [ 1  1  1  1  1 64  1  1]
 [ 1 11  1  3  3  1  1  1]]
time2:  0.0030198097229003906
time1:  0.012494564056396484
[[ 1  1  5  5  1  1  1  1]
 [11  1 55  5  1  1  1  1]
 [11  1  1  1  1 16  1  1]
 [ 1  1  1  1  1 64  1  1]
 [ 1 11  1  3  3  1  1  1]]
time2:  0.005339384078979492
time1:  0.013027429580688477
[[ 1  1  5  5  1  1  1  1]
 [ 1  1 55 55  1  1  1  1]
 [11  1  1  1  1  1  1  1]
 [ 1  1  1  1  1 64  1  1]
 [ 1 11  1  1  3  1  1  1]]
time2:  0.0027887821197509766
time1:  0.013489007949829102
[[ 1  1  5  5  1  1  1  1]
 [ 1  1 55 55  1  1  1  1]
 [11  1  1  1  1  1  1  1]
 [ 1  1  1  1  1 64  1  1]
 [ 1 11  1  1  3  1  1  1]]
time2:  0.0028619766235351562
time1:  0.011798620223999023
[[ 1  1  5  5  1  1  1  1]
 [11  1  5  1  1 64  1  1]
 [11 11  1  1  3 16  1  1]
 [ 1  1  1  1  3 64  1  1]
 [ 1  1  3 11  1  1  1  1]]
time2:  0.003063201904296875
time1:  0.012383699417114258
[[ 1  1  5  5  1  1  1  1]
 [ 1  1 55 55  1  1  1  1]
 [11  1  1  1  1  1  1  1]
 [ 1  1  1  1  1 64  1  1]
 [ 1 11  1  1  3  1  1  1]]
time2:  0.0054988861083984375
time1:  0.01345372200012207
[[ 1  1 55  5  1  1  1  1]
 [11  1  5  1  1 64  1  1]
 [11  1  1  1  3  1  1  1]
 [ 1  1  1  1  3 64  1  1]
 [ 1 11  1 11  1  1  1  1]]
time2:  0.005239963531494141
time1:  0.015265226364135742
[[ 1  1 11  1  1  1  1  1]
 [ 1  1  1 55  1 64  1  1]
 [11 11  1  1  3  2  1  1]
 [ 1  1  5  1  1 64  1  1]
 [ 1  1  1  1  1  1  1  1]]
time2:  0.0028455257415771484
time1:  0.012871742248535156
[[ 1  1 11  1  1  1  1  1]
 [ 1  1  1 55  1 64  1  1]
 [11 11  1  1  3  2  1  1]
 [ 1  1  5  1  1 64  1  1]
 [ 1  1  1  1  1  1  1  1]]
time2:  0.005157470703125
time1:  0.016758203506469727
[[ 1  1  5  5  1  1  1  1]
 [11  1  5  1  1 64  1  1]
 [11 11  1  1  3 16  1  1]
 [ 1  1  1  1  3 64  1  1]
 [ 1  1  3 11  1  1  1  1]]
time2:  0.0029621124267578125
time1:  0.013544321060180664
[[ 1  1  5 55  1  1  1  1]
 [11  1  5  1  1 64  1  1]
 [11  1  1  1  3  1  1  1]
 [ 1  1  1  1  3 64  1  1]
 [ 1 11  3  1  1  1  1  1]]
time2:  0.005331277847290039
time1:  0.011278867721557617
[[ 1  1  5 55  1  1  1  1]
 [11  1  5  1  1 64  1  1]
 [11  1  1  1  3  1  1  1]
 [ 1  1  1  1  3 64  1  1]
 [ 1 11  3  1  1  1  1  1]]
time2:  0.004796266555786133
time1:  0.012813568115234375
[[ 1  1  5 55  1  1  1  1]
 [11  1  5  1  1 64  1  1]
 [11  1  1  1  3  1  1  1]
 [ 1  1  1  1  3 64  1  1]
 [ 1 11  3  1  1  1  1  1]]
time2:  0.0027742385864257812
time1:  0.01331472396850586
[[ 1  1  5  5  1  1  1  1]
 [ 1  1  1 55  1 64  1  1]
 [11 11  1  1  3  1  1  1]
 [ 1  1  1  1  3 64  1  1]
 [ 1  1 11  1  1  1  1  1]]
time2:  0.0055429935455322266
time1:  0.013080596923828125
[[ 1  1  5 55  1  1  1  1]
 [11  1  5  1  1 64  1  1]
 [11  1  1  1  3  1  1  1]
 [ 1  1  1  1  3 64  1  1]
 [ 1 11  3  1  1  1  1  1]]
time2:  0.005175352096557617
time1:  0.013370275497436523
[[ 1  1  5 55  1  1  1  1]
 [11  1  5  1  1 64  1  1]
 [11  1  1  1  3  1  1  1]
 [ 1  1  1  1  3 64  1  1]
 [ 1 11  3  1  1  1  1  1]]
time2:  0.0052242279052734375
time1:  0.01160573959350586
[[ 1  1  5 55  1  1  1  1]
 [11  1  5  1  1 64  1  1]
 [11  1  1  1  3  1  1  1]
 [ 1  1  1  1  3 64  1  1]
 [ 1 11  3  1  1  1  1  1]]
time2:  0.004804372787475586
time1:  0.011665821075439453
[[ 1  1  5 55  1  1  1  1]
 [11  1  5  1  1 64  1  1]
 [11  1  1  1  3  1  1  1]
 [ 1  1  1  1  3 64  1  1]
 [ 1 11  3  1  1  1  1  1]]
time2:  0.005022287368774414
time1:  0.014037370681762695
[[ 1  1 55  5  1  1  1  1]
 [11  1  5  1  1 64  1  1]
 [11  1  1  1  3  1  1  1]
 [ 1  1  1  1  3 64  1  1]
 [ 1 11  1 11  1  1  1  1]]
time2:  0.0051615238189697266
time1:  0.013964653015136719
[[ 1  1  5 55  1  1  1  1]
 [11  1 55  5  1  1  1  1]
 [ 1  1  1  1  1  1  1  1]
 [ 1  1  1  1  1 64  1  1]
 [ 1 11  1  1  3  1  1  1]]
time2:  0.005864143371582031
time1:  0.012006282806396484
[[ 1  1  5  5  1  1  1  1]
 [11  1 55  5  1  1  1  1]
 [11  1  1  1  1 16  1  1]
 [ 1  1  1  1  1 64  1  1]
 [ 1 11  1  3  3  1  1  1]]
time2:  0.005308866500854492
time1:  0.013119697570800781
[[ 1  1  5 55  1  1  1  1]
 [11  1 55  5  1  1  1  1]
 [ 1  1  1  1  1  1  1  1]
 [ 1  1  1  1  1 64  1  1]
 [ 1 11  1  1  3  1  1  1]]
time2:  0.005645275115966797
time1:  0.011831283569335938
[[ 1  1  5  5  1  1  1  1]
 [ 1  1 55  1  1 64  1  1]
 [11 11  1  1  3  1  1  1]
 [ 1  1  1  1  3 64  1  1]
 [ 1  1  1 11  1  1  1  1]]
time2:  0.004866838455200195
time1:  0.01206660270690918
[[ 1  1  5  5  1  1  1  1]
 [ 1  1 55  1  1 64  1  1]
 [11 11  1  1  3  1  1  1]
 [ 1  1  1  1  3 64  1  1]
 [ 1  1  1 11  1  1  1  1]]
time2:  0.0027420520782470703
time1:  0.011260032653808594
[[ 1  1  5  5  1  1  1  1]
 [ 1  1 55 55  1  1  1  1]
 [11  1  1  1  1  1  1  1]
 [ 1  1  1  1  1 64  1  1]
 [ 1 11  1  1  3  1  1  1]]
time2:  0.0028662681579589844
time1:  0.013202905654907227
[[ 1  1 11  1  1  1  1  1]
 [ 1  1  1 55  1 64  1  1]
 [11 11  1  1  3  2  1  1]
 [ 1  1  5  1  1 64  1  1]
 [ 1  1  1  1  1  1  1  1]]
time2:  0.004897117614746094
time1:  0.0125885009765625
[[ 1  1 11  1  1  1  1  1]
 [ 1  1  1 55  1 64  1  1]
 [11 11  1  1  3  2  1  1]
 [ 1  1  5  1  1 64  1  1]
 [ 1  1  1  1  1  1  1  1]]
time2:  0.0025854110717773438
time1:  0.01395726203918457
[[ 1  1  5  5  1  1  1  1]
 [11  1  5  1  1 64  1  1]
 [11 11  1  1  3 16  1  1]
 [ 1  1  1  1  3 64  1  1]
 [ 1  1  3 11  1  1  1  1]]
time2:  0.005402326583862305
time1:  0.012981653213500977
[[ 1  1 11  1  1  1  1  1]
 [ 1  1  1 55  1 64  1  1]
 [11 11  1  1  3  2  1  1]
 [ 1  1  5  1  1 64  1  1]
 [ 1  1  1  1  1  1  1  1]]
time2:  0.0026903152465820312
time1:  0.012736082077026367
[[ 1  1  5  5  1  1  1  1]
 [ 1  1  1 55  1 64  1  1]
 [11 11  1  1  3  1  1  1]
 [ 1  1  1  1  3 64  1  1]
 [ 1  1 11  1  1  1  1  1]]
time2:  0.005794048309326172
time1:  0.012725353240966797
[[ 1  1  5 55  1  1  1  1]
 [11  1  5  1  1 64  1  1]
 [11  1  1  1  3  1  1  1]
 [ 1  1  1  1  3 64  1  1]
 [ 1 11  3  1  1  1  1  1]]
time2:  0.005006313323974609
time1:  0.011652231216430664
[[ 1  1  5  5  1  1  1  1]
 [ 1  1  1 55  1 64  1  1]
 [11 11  1  1  3  1  1  1]
 [ 1  1  1  1  3 64  1  1]
 [ 1  1 11  1  1  1  1  1]]
time2:  0.004472494125366211
time1:  0.01354527473449707
[[ 1  1 55  5  1  1  1  1]
 [11  1  5  1  1 64  1  1]
 [11  1  1  1  3  1  1  1]
 [ 1  1  1  1  3 64  1  1]
 [ 1 11  1 11  1  1  1  1]]
time2:  0.002719879150390625
time1:  0.01232147216796875
[[ 1  1 55  5  1  1  1  1]
 [11  1  5  1  1 64  1  1]
 [11  1  1  1  3  1  1  1]
 [ 1  1  1  1  3 64  1  1]
 [ 1 11  1 11  1  1  1  1]]
time2:  0.0027763843536376953
time1:  0.012547492980957031
[[ 1  1  5  5  1  1  1  1]
 [11  1  5  1  1 64  1  1]
 [11 11  1  1  3 16  1  1]
 [ 1  1  1  1  3 64  1  1]
 [ 1  1  3 11  1  1  1  1]]
time2:  0.00537562370300293
time1:  0.012262344360351562
[[ 1  1  5  5  1  1  1  1]
 [11  1  5  1  1 64  1  1]
 [11 11  1  1  3 16  1  1]
 [ 1  1  1  1  3 64  1  1]
 [ 1  1  3 11  1  1  1  1]]
time2:  0.0052721500396728516
time1:  0.013685464859008789
[[ 1  1 55  5  1  1  1  1]
 [11  1  5  1  1 64  1  1]
 [11  1  1  1  3  1  1  1]
 [ 1  1  1  1  3 64  1  1]
 [ 1 11  1 11  1  1  1  1]]
time2:  0.005278110504150391
time1:  0.012947559356689453
[[ 1  1  5 55  1  1  1  1]
 [11  1  5  1  1 64  1  1]
 [11  1  1  1  3  1  1  1]
 [ 1  1  1  1  3 64  1  1]
 [ 1 11  3  1  1  1  1  1]]
time2:  0.005069732666015625
time1:  0.0145263671875
[[ 1  1  5 55  1  1  1  1]
 [11  1  5  1  1 64  1  1]
 [11  1  1  1  3  1  1  1]
 [ 1  1  1  1  3 64  1  1]
 [ 1 11  3  1  1  1  1  1]]
time2:  0.002679586410522461
time1:  0.012774229049682617
[[ 1  1  5 55  1  1  1  1]
 [11 11  5  5  1  1  1  1]
 [ 1  1  1  1  1 16  1  1]
 [ 1  1  1  1  1 64  1  1]
 [ 1  1  3  1  3  1  1  1]]
time2:  0.0030002593994140625
time1:  0.012530803680419922
[[ 1  1  5  5  1  1  1  1]
 [11  1 55  5  1  1  1  1]
 [11  1  1  1  1 16  1  1]
 [ 1  1  1  1  1 64  1  1]
 [ 1 11  1  3  3  1  1  1]]
time2:  0.0058062076568603516
time1:  0.012806415557861328
[[ 1  1  5  5  1  1  1  1]
 [11  1  5  1  1 64  1  1]
 [11 11  1  1  3 16  1  1]
 [ 1  1  1  1  3 64  1  1]
 [ 1  1  3 11  1  1  1  1]]
time2:  0.002806425094604492
time1:  0.012728452682495117
[[ 1  1  5  5  1  1  1  1]
 [11  1  5  1  1 64  1  1]
 [11 11  1  1  3 16  1  1]
 [ 1  1  1  1  3 64  1  1]
 [ 1  1  3 11  1  1  1  1]]
time2:  0.0049555301666259766
time1:  0.012868642807006836
[[ 1  1  5  5  1  1  1  1]
 [11  1  5 55  1  1  1  1]
 [11  1  1  1  1 16  1  1]
 [ 1  1  1  1  1 64  1  1]
 [ 1 11  3  1  3  1  1  1]]
time2:  0.0054700374603271484
time1:  0.013587713241577148
[[ 1  1  5  5  1  1  1  1]
 [11  1  5 55  1  1  1  1]
 [11  1  1  1  1 16  1  1]
 [ 1  1  1  1  1 64  1  1]
 [ 1 11  3  1  3  1  1  1]]
time2:  0.00565028190612793
time1:  0.012253999710083008
[[ 1  1  5  5  1  1  1  1]
 [ 1  1 55 55  1  1  1  1]
 [11  1  1  1  1  1  1  1]
 [ 1  1  1  1  1 64  1  1]
 [ 1 11  1  1  3  1  1  1]]
time2:  0.0029113292694091797
time1:  0.012462139129638672
[[ 1  1 11  1  1  1  1  1]
 [ 1  1  1 55  1 64  1  1]
 [11 11  1  1  3  2  1  1]
 [ 1  1  5  1  1 64  1  1]
 [ 1  1  1  1  1  1  1  1]]
time2:  0.002656698226928711
time1:  0.01370692253112793
[[ 1  1 11  1  1  1  1  1]
 [ 1  1 55  1  1 64  1  1]
 [11 11  1  1  3  2  1  1]
 [ 1  1  5  1  1 64  1  1]
 [ 1  1  1 55  1  1  1  1]]
time2:  0.0027468204498291016
time1:  0.01222681999206543
[[ 1  1 11  1  1  1  1  1]
 [ 1  1  1 55  1 64  1  1]
 [11 11  1  1  3  2  1  1]
 [ 1  1  5  1  1 64  1  1]
 [ 1  1  1  1  1  1  1  1]]
time2:  0.005143404006958008
time1:  0.015412092208862305
[[ 1  1  5  5  1  1  1  1]
 [ 1  1  1 55  1 64  1  1]
 [11 11  1  1  3  1  1  1]
 [ 1  1  1  1  3 64  1  1]
 [ 1  1 11  1  1  1  1  1]]
time2:  0.0029273033142089844
time1:  0.01265859603881836
[[ 1  1  5  5  1  1  1  1]
 [11  1  5  1  1 64  1  1]
 [11 11  1  1  3 16  1  1]
 [ 1  1  1  1  3 64  1  1]
 [ 1  1  3 11  1  1  1  1]]
time2:  0.002880573272705078
time1:  0.01471400260925293
[[ 1  1  5 55  1  1  1  1]
 [11  1  5  1  1 64  1  1]
 [11  1  1  1  3  1  1  1]
 [ 1  1  1  1  3 64  1  1]
 [ 1 11  3  1  1  1  1  1]]
time2:  0.005822896957397461
time1:  0.013226985931396484
[[ 1  1  5 55  1  1  1  1]
 [11  1  5  1  1 64  1  1]
 [11  1  1  1  3  1  1  1]
 [ 1  1  1  1  3 64  1  1]
 [ 1 11  3  1  1  1  1  1]]
time2:  0.00519561767578125
time1:  0.013983726501464844
[[ 1  1  5 55  1  1  1  1]
 [11  1  5  1  1 64  1  1]
 [11  1  1  1  3  1  1  1]
 [ 1  1  1  1  3 64  1  1]
 [ 1 11  3  1  1  1  1  1]]
time2:  0.0054433345794677734
time1:  0.01178598403930664
[[ 1  1  5 55  1  1  1  1]
 [11  1  5  1  1 64  1  1]
 [11  1  1  1  3  1  1  1]
 [ 1  1  1  1  3 64  1  1]
 [ 1 11  3  1  1  1  1  1]]
time2:  0.002721071243286133
time1:  0.012512922286987305
[[ 1  1  5 55  1  1  1  1]
 [11  1  5  1  1 64  1  1]
 [11  1  1  1  3  1  1  1]
 [ 1  1  1  1  3 64  1  1]
 [ 1 11  3  1  1  1  1  1]]
time2:  0.004791975021362305
time1:  0.011880159378051758
[[ 1  1  5  5  1  1  1  1]
 [11  1  5  1  1 64  1  1]
 [11  1 11  1  3  1  1  1]
 [ 1  1  1  1  3 64  1  1]
 [ 1 11  1 11  1  1  1  1]]
time2:  0.003900766372680664
time1:  0.011129379272460938
[[ 1  1  5 55  1  1  1  1]
 [11  1  5  1  1 64  1  1]
 [11  1  1  1  3  1  1  1]
 [ 1  1  1  1  3 64  1  1]
 [ 1 11  3  1  1  1  1  1]]
time2:  0.005128622055053711
time1:  0.014258861541748047
[[ 1  1  5 55  1  1  1  1]
 [11  1  5  1  1 64  1  1]
 [11  1  1  1  3  1  1  1]
 [ 1  1  1  1  3 64  1  1]
 [ 1 11  3  1  1  1  1  1]]
time2:  0.002660036087036133
time1:  0.013076305389404297
[[ 1  1  5  5  1  1  1  1]
 [11  1 55  5  1  1  1  1]
 [11  1  1  1  1 16  1  1]
 [ 1  1  1  1  1 64  1  1]
 [ 1 11  1  3  3  1  1  1]]
time2:  0.0029821395874023438
time1:  0.013118267059326172
[[ 1  1  5  5  1  1  1  1]
 [11  1 55  5  1  1  1  1]
 [11  1  1  1  1 16  1  1]
 [ 1  1  1  1  1 64  1  1]
 [ 1 11  1  3  3  1  1  1]]
time2:  0.0059087276458740234
time1:  0.013145923614501953
[[ 1  1 55  5  1  1  1  1]
 [11  1  5  1  1 64  1  1]
 [11  1  1  1  3  1  1  1]
 [ 1  1  1  1  3 64  1  1]
 [ 1 11  1 11  1  1  1  1]]
time2:  0.005190610885620117
time1:  0.013496875762939453
[[ 1  1 55  5  1  1  1  1]
 [11  1  5  1  1 64  1  1]
 [11  1  1  1  3  1  1  1]
 [ 1  1  1  1  3 64  1  1]
 [ 1 11  1 11  1  1  1  1]]
time2:  0.0027048587799072266
time1:  0.01302027702331543
[[ 1  1  5  5  1  1  1  1]
 [11  1  5  1  1 64  1  1]
 [11 11  1  1  3 16  1  1]
 [ 1  1  1  1  3 64  1  1]
 [ 1  1  3 11  1  1  1  1]]
time2:  0.005173921585083008
time1:  0.013219118118286133
[[ 1  1  5  5  1  1  1  1]
 [ 1  1 55 55  1  1  1  1]
 [11  1  1  1  1  1  1  1]
 [ 1  1  1  1  1 64  1  1]
 [ 1 11  1  1  3  1  1  1]]
time2:  0.005749702453613281
time1:  0.012406110763549805
[[ 1  1  5  5  1  1  1  1]
 [ 1  1 55 55  1  1  1  1]
 [11  1  1  1  1  1  1  1]
 [ 1  1  1  1  1 64  1  1]
 [ 1 11  1  1  3  1  1  1]]
time2:  0.00580906867980957
time1:  0.013298749923706055
[[ 1  1 11  1  1  1  1  1]
 [ 1  1  1 55  1 64  1  1]
 [11 11  1  1  3  2  1  1]
 [ 1  1  5  1  1 64  1  1]
 [ 1  1  1  1  1  1  1  1]]
time2:  0.0026092529296875
time1:  0.014876365661621094
[[ 1  1 11  1  1  1  1  1]
 [ 1  1  1 55  1 64  1  1]
 [11 11  1  1  3  2  1  1]
 [ 1  1  5  1  1 64  1  1]
 [ 1  1  1  1  1  1  1  1]]
time2:  0.005260467529296875
time1:  0.012384176254272461
[[ 1  1 11  1  1  1  1  1]
 [ 1  1  1 55  1 64  1  1]
 [11 11  1  1  3  2  1  1]
 [ 1  1  5  1  1 64  1  1]
 [ 1  1  1  1  1  1  1  1]]
time2:  0.004969596862792969
time1:  0.01358175277709961
[[ 1  1  5 55  1  1  1  1]
 [11  1  5  1  1 64  1  1]
 [11  1  1  1  3  1  1  1]
 [ 1  1  1  1  3 64  1  1]
 [ 1 11  3  1  1  1  1  1]]
time2:  0.005751371383666992
time1:  0.011934995651245117
[[ 1  1  5  5  1  1  1  1]
 [11  1  5  1  1 64  1  1]
 [11 11  1  1  3 16  1  1]
 [ 1  1  1  1  3 64  1  1]
 [ 1  1  3 11  1  1  1  1]]
time2:  0.0028235912322998047
time1:  0.01553654670715332
[[ 1  1  5 55  1  1  1  1]
 [11  1  5  1  1 64  1  1]
 [11  1  1  1  3  1  1  1]
 [ 1  1  1  1  3 64  1  1]
 [ 1 11  3  1  1  1  1  1]]
time2:  0.005666971206665039
time1:  0.012569904327392578
[[ 1  1  5 55  1  1  1  1]
 [11  1  5  1  1 64  1  1]
 [11  1  1  1  3  1  1  1]
 [ 1  1  1  1  3 64  1  1]
 [ 1 11  3  1  1  1  1  1]]
time2:  0.0028023719787597656
time1:  0.012140989303588867
[[ 1  1  5 55  1  1  1  1]
 [11  1  5  1  1 64  1  1]
 [11  1  1  1  3  1  1  1]
 [ 1  1  1  1  3 64  1  1]
 [ 1 11  3  1  1  1  1  1]]
time2:  0.0028076171875
time1:  0.011365413665771484
[[ 1  1  5 55  1  1  1  1]
 [11  1  5  1  1 64  1  1]
 [11  1  1  1  3  1  1  1]
 [ 1  1  1  1  3 64  1  1]
 [ 1 11  3  1  1  1  1  1]]
time2:  0.005177974700927734
time1:  0.011940956115722656
[[ 1  1  5  5  1  1  1  1]
 [11  1  5  1  1 64  1  1]
 [11 11  1  1  3 16  1  1]
 [ 1  1  1  1  3 64  1  1]
 [ 1  1  3 11  1  1  1  1]]
time2:  0.004719972610473633
time1:  0.01442098617553711
[[ 1  1  5 55  1  1  1  1]
 [11  1  5  1  1 64  1  1]
 [11  1  1  1  3  1  1  1]
 [ 1  1  1  1  3 64  1  1]
 [ 1 11  3  1  1  1  1  1]]
time2:  0.005168914794921875
time1:  0.011403560638427734
[[ 1  1 55  5  1  1  1  1]
 [11  1  5  1  1 64  1  1]
 [11  1  1  1  3  1  1  1]
 [ 1  1  1  1  3 64  1  1]
 [ 1 11  1 11  1  1  1  1]]
time2:  0.0027098655700683594
time1:  0.011914491653442383
[[ 1  1  5 55  1  1  1  1]
 [11  1  5  1  1 64  1  1]
 [11  1  1  1  3  1  1  1]
 [ 1  1  1  1  3 64  1  1]
 [ 1 11  3  1  1  1  1  1]]
time2:  0.002669095993041992
time1:  0.011651039123535156
[[ 1  1  5 55  1  1  1  1]
 [11  1  5  1  1 64  1  1]
 [11  1  1  1  3  1  1  1]
 [ 1  1  1  1  3 64  1  1]
 [ 1 11  3  1  1  1  1  1]]
time2:  0.0038166046142578125
time1:  0.011873006820678711
[[ 1  1  5  5  1  1  1  1]
 [11  1 55  5  1  1  1  1]
 [11  1  1  1  1 16  1  1]
 [ 1  1  1  1  1 64  1  1]
 [ 1 11  1  3  3  1  1  1]]
time2:  0.005741596221923828
time1:  0.013555765151977539
[[ 1  1  5  5  1  1  1  1]
 [ 1  1 55 55  1  1  1  1]
 [11  1  1  1  1  1  1  1]
 [ 1  1  1  1  1 64  1  1]
 [ 1 11  1  1  3  1  1  1]]
time2:  0.00576019287109375
time1:  0.012672662734985352
[[ 1  1  5  5  1  1  1  1]
 [ 1  1 55 55  1  1  1  1]
 [11  1  1  1  1  1  1  1]
 [ 1  1  1  1  1 64  1  1]
 [ 1 11  1  1  3  1  1  1]]
time2:  0.005397796630859375
time1:  0.011580467224121094
[[ 1  1  5  5  1  1  1  1]
 [ 1  1 55 55  1  1  1  1]
 [11  1  1  1  1  1  1  1]
 [ 1  1  1  1  1 64  1  1]
 [ 1 11  1  1  3  1  1  1]]
time2:  0.005136251449584961
time1:  0.011170148849487305
[[ 1  1  5  5  1  1  1  1]
 [11  1  5  1  1 64  1  1]
 [11 11  1  1  3 16  1  1]
 [ 1  1  1  1  3 64  1  1]
 [ 1  1  3 11  1  1  1  1]]
time2:  0.0028693675994873047
time1:  0.011868715286254883
[[ 1  1  5  5  1  1  1  1]
 [ 1  1 55 55  1  1  1  1]
 [11  1  1  1  1  1  1  1]
 [ 1  1  1  1  1 64  1  1]
 [ 1 11  1  1  3  1  1  1]]
time2:  0.003111600875854492
time1:  0.012550115585327148
[[ 1  1 11  1  1  1  1  1]
 [ 1  1  1 55  1 64  1  1]
 [11 11  1  1  3  2  1  1]
 [ 1  1  5  1  1 64  1  1]
 [ 1  1  1  1  1  1  1  1]]
time2:  0.004823446273803711
time1:  0.013760089874267578
[[ 1  1 55  5  1  1  1  1]
 [11  1  5  1  1 64  1  1]
 [11  1  1  1  3  1  1  1]
 [ 1  1  1  1  3 64  1  1]
 [ 1 11  1 11  1  1  1  1]]
time2:  0.002855539321899414
time1:  0.013188600540161133
[[ 1  1  5  5  1  1  1  1]
 [11  1  5  1  1 64  1  1]
 [11 11  1  1  3 16  1  1]
 [ 1  1  1  1  3 64  1  1]
 [ 1  1  3 11  1  1  1  1]]
time2:  0.0034339427947998047
time1:  0.013082027435302734
[[ 1  1 55  1  1  1  1  1]
 [ 1  1  1 55  1 32  1  1]
 [11 11  1  1  3  1  1  1]
 [ 1  1  1  1  1 64  1  1]
 [ 1  1  1  1  1  1  1  1]]
time2:  0.0026917457580566406
耗时:  48.102402687072754
