Welcome to the CBC MILP Solver 
Version: 2.10.3 
Build Date: Dec 15 2019 

command line - /home/mingchuan/miniconda3/envs/SoterEnv/lib/python3.8/site-packages/pulp/apis/../solverdir/cbc/linux/i64/cbc /tmp/eed2f3ac3ada40c6a7783c29267b75c4-pulp.mps -max -timeMode elapsed -branch -printingOptions all -solution /tmp/eed2f3ac3ada40c6a7783c29267b75c4-pulp.sol (default strategy 1)
At line 2 NAME          MODEL
At line 3 ROWS
At line 25 COLUMNS
At line 349 RHS
At line 370 BOUNDS
At line 371 ENDATA
Problem MODEL has 20 rows, 64 columns and 259 elements
Coin0008I MODEL read with 0 errors
Option for timeMode changed from cpu to elapsed
Presolve 13 (-7) rows, 36 (-28) columns and 120 (-139) elements
Perturbing problem by 0.001% of 8 - largest nonzero change 0.00030924052 ( 0.0058274458%) - largest zero change 0
0  Obj -0 Primal inf 26.066539 (6) Dual inf 161.99516 (36)
14  Obj 147.40298
Optimal - objective value 147.40725
After Postsolve, objective 147.40725, infeasibilities - dual 0 (0), primal 0 (0)
Optimal objective 147.4072463 - 14 iterations time 0.002, Presolve 0.00
Option for printingOptions changed from normal to all
Total time (CPU seconds):       0.00   (Wallclock seconds):       0.00

Welcome to the CBC MILP Solver 
Version: 2.10.3 
Build Date: Dec 15 2019 

command line - /home/mingchuan/miniconda3/envs/SoterEnv/lib/python3.8/site-packages/pulp/apis/../solverdir/cbc/linux/i64/cbc /tmp/86359bc450fe4028939661f592d6d988-pulp.mps -max -timeMode elapsed -branch -printingOptions all -solution /tmp/86359bc450fe4028939661f592d6d988-pulp.sol (default strategy 1)
At line 2 NAME          MODEL
At line 3 ROWS
At line 25 COLUMNS
At line 349 RHS
At line 370 BOUNDS
At line 371 ENDATA
Problem MODEL has 20 rows, 64 columns and 259 elements
Coin0008I MODEL read with 0 errors
Option for timeMode changed from cpu to elapsed
Presolve 13 (-7) rows, 36 (-28) columns and 120 (-139) elements
Perturbing problem by 0.001% of 8 - largest nonzero change 0.00030924052 ( 0.0058274458%) - largest zero change 0
0  Obj -0 Primal inf 26.066539 (6) Dual inf 161.99516 (36)
14  Obj 147.40298
Optimal - objective value 147.40725
After Postsolve, objective 147.40725, infeasibilities - dual 0 (0), primal 0 (0)
Optimal objective 147.4072463 - 14 iterations time 0.002, Presolve 0.00
Option for printingOptions changed from normal to all
Total time (CPU seconds):       0.00   (Wallclock seconds):       0.00

Welcome to the CBC MILP Solver 
Version: 2.10.3 
Build Date: Dec 15 2019 

command line - /home/mingchuan/miniconda3/envs/SoterEnv/lib/python3.8/site-packages/pulp/apis/../solverdir/cbc/linux/i64/cbc /tmp/402b235cfd8c49a4ac8542c567ca76c2-pulp.mps -max -timeMode elapsed -branch -printingOptions all -solution /tmp/402b235cfd8c49a4ac8542c567ca76c2-pulp.sol (default strategy 1)
At line 2 NAME          MODEL
At line 3 ROWS
At line 25 COLUMNS
At line 349 RHS
At line 370 BOUNDS
At line 371 ENDATA
Problem MODEL has 20 rows, 64 columns and 259 elements
Coin0008I MODEL read with 0 errors
Option for timeMode changed from cpu to elapsed
Presolve 13 (-7) rows, 36 (-28) columns and 120 (-139) elements
Perturbing problem by 0.001% of 8 - largest nonzero change 0.00030924052 ( 0.0058274458%) - largest zero change 0
0  Obj -0 Primal inf 26.066539 (6) Dual inf 161.99516 (36)
14  Obj 147.40298
Optimal - objective value 147.40725
After Postsolve, objective 147.40725, infeasibilities - dual 0 (0), primal 0 (0)
Optimal objective 147.4072463 - 14 iterations time 0.002, Presolve 0.00
Option for printingOptions changed from normal to all
Total time (CPU seconds):       0.00   (Wallclock seconds):       0.00

Matrix_Mapping_Problem:
MAXIMIZE
6*x_0_0 + 6*x_0_1 + 6*x_0_2 + 6*x_0_3 + 6*x_0_4 + 6*x_0_5 + 6*x_0_6 + 6*x_0_7 + 8*x_1_0 + 8*x_1_1 + 8*x_1_2 + 8*x_1_3 + 8*x_1_4 + 8*x_1_5 + 8*x_1_6 + 8*x_1_7 + 5*x_2_0 + 5*x_2_1 + 5*x_2_2 + 5*x_2_3 + 5*x_2_4 + 5*x_2_5 + 5*x_2_6 + 5*x_2_7 + 4*x_3_0 + 4*x_3_1 + 4*x_3_2 + 4*x_3_3 + 4*x_3_4 + 4*x_3_5 + 4*x_3_6 + 4*x_3_7 + 3*x_4_0 + 3*x_4_1 + 3*x_4_2 + 3*x_4_3 + 3*x_4_4 + 3*x_4_5 + 3*x_4_6 + 3*x_4_7 + 7*x_5_0 + 7*x_5_1 + 7*x_5_2 + 7*x_5_3 + 7*x_5_4 + 7*x_5_5 + 7*x_5_6 + 7*x_5_7 + 2*x_6_0 + 2*x_6_1 + 2*x_6_2 + 2*x_6_3 + 2*x_6_4 + 2*x_6_5 + 2*x_6_6 + 2*x_6_7 + 1*x_7_0 + 1*x_7_1 + 1*x_7_2 + 1*x_7_3 + 1*x_7_4 + 1*x_7_5 + 1*x_7_6 + 1*x_7_7 + 0
SUBJECT TO
_C1: x_0_0 + x_0_1 + x_0_4 + x_0_5 + x_0_6 = 0

_C2: x_0_2 + x_0_3 + x_0_5 + x_0_6 + x_0_7 + x_1_2 + x_1_3 + x_1_5 + x_1_6
 + x_1_7 + x_2_2 + x_2_3 + x_2_5 + x_2_6 + x_2_7 <= 11.5849625007

_C3: x_0_0 + x_0_1 + x_0_4 + x_0_5 + x_0_6 + x_1_0 + x_1_1 + x_1_4 + x_1_5
 + x_1_6 + x_2_0 + x_2_1 + x_2_4 + x_2_5 + x_2_6 + x_3_0 + x_3_1 + x_3_4
 + x_3_5 + x_3_6 <= 15

_C4: x_0_0 + x_0_1 + x_0_2 + x_0_3 + x_0_4 + x_0_6 + x_0_7 + x_1_0 + x_1_1
 + x_1_2 + x_1_3 + x_1_4 + x_1_6 + x_1_7 + x_2_0 + x_2_1 + x_2_2 + x_2_3
 + x_2_4 + x_2_6 + x_2_7 + x_3_0 + x_3_1 + x_3_2 + x_3_3 + x_3_4 + x_3_6
 + x_3_7 + x_4_0 + x_4_1 + x_4_2 + x_4_3 + x_4_4 + x_4_6 + x_4_7 <= 13

_C5: x_0_0 + x_0_1 + 2 x_0_2 + 2 x_0_3 + x_0_4 + x_0_5 + 2 x_0_6 + 2 x_0_7
 + x_1_0 + x_1_1 + 2 x_1_2 + 2 x_1_3 + x_1_4 + x_1_5 + 2 x_1_6 + 2 x_1_7
 + x_2_0 + x_2_1 + 2 x_2_2 + 2 x_2_3 + x_2_4 + x_2_5 + 2 x_2_6 + 2 x_2_7
 + x_3_0 + x_3_1 + 2 x_3_2 + 2 x_3_3 + x_3_4 + x_3_5 + 2 x_3_6 + 2 x_3_7
 + x_4_0 + x_4_1 + 2 x_4_2 + 2 x_4_3 + x_4_4 + x_4_5 + 2 x_4_6 + 2 x_4_7
 + x_5_0 + x_5_1 + 2 x_5_2 + 2 x_5_3 + x_5_4 + x_5_5 + 2 x_5_6 + 2 x_5_7
 + x_6_0 + x_6_1 + 2 x_6_2 + 2 x_6_3 + x_6_4 + x_6_5 + 2 x_6_6 + 2 x_6_7 <= 30

_C6: x_1_0 + x_1_1 + x_1_2 + x_1_3 + x_1_4 + x_1_5 + x_1_6 + x_1_7 + x_5_0
 + x_5_1 + x_5_2 + x_5_3 + x_5_4 + x_5_5 + x_5_6 + x_5_7 <= 10

_C7: x_5_0 + x_5_1 + x_5_2 + x_5_3 + x_5_4 + x_5_5 + x_5_6 + x_5_7 <= 10

_C8: x_5_0 + x_5_1 + x_5_2 + x_5_3 + x_5_4 + x_5_5 + x_5_6 + x_5_7 <= 4

_C9: x_5_0 + x_5_1 + x_5_2 + x_5_3 + x_5_4 + x_5_5 + x_5_6 + x_5_7 <= 4

_C10: x_5_0 + x_5_1 + x_5_2 + x_5_3 + x_5_4 + x_5_5 + x_5_6 + x_5_7 <= 4

_C11: x_1_0 + x_1_1 + x_1_2 + x_1_3 + x_1_4 + x_1_5 + x_1_6 + x_1_7 <= 6

_C12: x_5_0 + x_5_1 + x_5_2 + x_5_3 + x_5_4 + x_5_5 + x_5_6 + x_5_7 <= 4

_C13: x_0_0 + x_1_0 + x_2_0 + x_3_0 + x_4_0 + x_5_0 + x_6_0 + x_7_0
 = 3.45943161864

_C14: x_0_1 + x_1_1 + x_2_1 + x_3_1 + x_4_1 + x_5_1 + x_6_1 + x_7_1
 = 3.45943161864

_C15: x_0_2 + x_1_2 + x_2_2 + x_3_2 + x_4_2 + x_5_2 + x_6_2 + x_7_2
 = 5.78135971352

_C16: x_0_3 + x_1_3 + x_2_3 + x_3_3 + x_4_3 + x_5_3 + x_6_3 + x_7_3
 = 5.78135971352

_C17: x_0_4 + x_1_4 + x_2_4 + x_3_4 + x_4_4 + x_5_4 + x_6_4 + x_7_4
 = 1.58496250072

_C18: x_0_5 + x_1_5 + x_2_5 + x_3_5 + x_4_5 + x_5_5 + x_6_5 + x_7_5 = 6

_C19: x_0_6 + x_1_6 + x_2_6 + x_3_6 + x_4_6 + x_5_6 + x_6_6 + x_7_6 = 0

_C20: x_0_7 + x_1_7 + x_2_7 + x_3_7 + x_4_7 + x_5_7 + x_6_7 + x_7_7 = 0

VARIABLES
x_0_0 Continuous
x_0_1 Continuous
x_0_2 Continuous
x_0_3 Continuous
x_0_4 Continuous
x_0_5 Continuous
x_0_6 Continuous
x_0_7 Continuous
x_1_0 Continuous
x_1_1 Continuous
x_1_2 Continuous
x_1_3 Continuous
x_1_4 Continuous
x_1_5 Continuous
x_1_6 Continuous
x_1_7 Continuous
x_2_0 Continuous
x_2_1 Continuous
x_2_2 Continuous
x_2_3 Continuous
x_2_4 Continuous
x_2_5 Continuous
x_2_6 Continuous
x_2_7 Continuous
x_3_0 Continuous
x_3_1 Continuous
x_3_2 Continuous
x_3_3 Continuous
x_3_4 Continuous
x_3_5 Continuous
x_3_6 Continuous
x_3_7 Continuous
x_4_0 Continuous
x_4_1 Continuous
x_4_2 Continuous
x_4_3 Continuous
x_4_4 Continuous
x_4_5 Continuous
x_4_6 Continuous
x_4_7 Continuous
x_5_0 Continuous
x_5_1 Continuous
x_5_2 Continuous
x_5_3 Continuous
x_5_4 Continuous
x_5_5 Continuous
x_5_6 Continuous
x_5_7 Continuous
x_6_0 Continuous
x_6_1 Continuous
x_6_2 Continuous
x_6_3 Continuous
x_6_4 Continuous
x_6_5 Continuous
x_6_6 Continuous
x_6_7 Continuous
x_7_0 Continuous
x_7_1 Continuous
x_7_2 Continuous
x_7_3 Continuous
x_7_4 Continuous
x_7_5 Continuous
x_7_6 Continuous
x_7_7 Continuous

Solution 1:
Status: 1
Optimal value: 147.40724634999998
x_0_0 = 0.0
x_0_1 = 0.0
x_0_2 = 1.9667274
x_0_3 = 5.7813597
x_0_4 = 0.0
x_0_5 = 0.0
x_0_6 = 0.0
x_0_7 = 0.0
x_1_0 = 3.4594316
x_1_1 = 1.7924813
x_1_2 = 0.0
x_1_3 = 0.0
x_1_4 = 0.0
x_1_5 = 0.74808713
x_1_6 = 0.0
x_1_7 = 0.0
x_2_0 = 0.0
x_2_1 = 0.0
x_2_2 = 0.0
x_2_3 = 0.0
x_2_4 = 0.0
x_2_5 = 3.0887882
x_2_6 = 0.0
x_2_7 = 0.0
x_3_0 = 0.0
x_3_1 = 0.0
x_3_2 = 0.0
x_3_3 = 0.0
x_3_4 = 0.0
x_3_5 = 1.4150375
x_3_6 = 0.0
x_3_7 = 0.0
x_4_0 = 0.0
x_4_1 = 0.0
x_4_2 = 0.0
x_4_3 = 0.0
x_4_4 = 0.0
x_4_5 = 0.0
x_4_6 = 0.0
x_4_7 = 0.0
x_5_0 = 0.0
x_5_1 = 1.6669504
x_5_2 = 0.0
x_5_3 = 0.0
x_5_4 = 1.5849625
x_5_5 = 0.74808713
x_5_6 = 0.0
x_5_7 = 0.0
x_6_0 = 0.0
x_6_1 = 0.0
x_6_2 = 0.0
x_6_3 = 0.0
x_6_4 = 0.0
x_6_5 = 0.0
x_6_6 = 0.0
x_6_7 = 0.0
x_7_0 = 0.0
x_7_1 = 0.0
x_7_2 = 3.8146323
x_7_3 = 0.0
x_7_4 = 0.0
x_7_5 = 0.0
x_7_6 = 0.0
x_7_7 = 0.0
1.00 1.00 3.91 55.00 1.00 1.00 1.00 1.00
11.00 3.46 1.00 1.00 1.00 1.68 1.00 1.00
1.00 1.00 1.00 1.00 1.00 8.51 1.00 1.00
1.00 1.00 1.00 1.00 1.00 2.67 1.00 1.00
1.00 1.00 1.00 1.00 1.00 1.00 1.00 1.00
1.00 3.18 1.00 1.00 3.00 1.68 1.00 1.00
1.00 1.00 1.00 1.00 1.00 1.00 1.00 1.00
1.00 1.00 14.07 1.00 1.00 1.00 1.00 1.00
Solution 2:
Status: 1
Optimal value: 147.40724634999998
x_0_0 = 0.0
x_0_1 = 0.0
x_0_2 = 1.9667274
x_0_3 = 5.7813597
x_0_4 = 0.0
x_0_5 = 0.0
x_0_6 = 0.0
x_0_7 = 0.0
x_1_0 = 3.4594316
x_1_1 = 1.7924813
x_1_2 = 0.0
x_1_3 = 0.0
x_1_4 = 0.0
x_1_5 = 0.74808713
x_1_6 = 0.0
x_1_7 = 0.0
x_2_0 = 0.0
x_2_1 = 0.0
x_2_2 = 0.0
x_2_3 = 0.0
x_2_4 = 0.0
x_2_5 = 3.0887882
x_2_6 = 0.0
x_2_7 = 0.0
x_3_0 = 0.0
x_3_1 = 0.0
x_3_2 = 0.0
x_3_3 = 0.0
x_3_4 = 0.0
x_3_5 = 1.4150375
x_3_6 = 0.0
x_3_7 = 0.0
x_4_0 = 0.0
x_4_1 = 0.0
x_4_2 = 0.0
x_4_3 = 0.0
x_4_4 = 0.0
x_4_5 = 0.0
x_4_6 = 0.0
x_4_7 = 0.0
x_5_0 = 0.0
x_5_1 = 1.6669504
x_5_2 = 0.0
x_5_3 = 0.0
x_5_4 = 1.5849625
x_5_5 = 0.74808713
x_5_6 = 0.0
x_5_7 = 0.0
x_6_0 = 0.0
x_6_1 = 0.0
x_6_2 = 0.0
x_6_3 = 0.0
x_6_4 = 0.0
x_6_5 = 0.0
x_6_6 = 0.0
x_6_7 = 0.0
x_7_0 = 0.0
x_7_1 = 0.0
x_7_2 = 3.8146323
x_7_3 = 0.0
x_7_4 = 0.0
x_7_5 = 0.0
x_7_6 = 0.0
x_7_7 = 0.0
1.00 1.00 3.91 55.00 1.00 1.00 1.00 1.00
11.00 3.46 1.00 1.00 1.00 1.68 1.00 1.00
1.00 1.00 1.00 1.00 1.00 8.51 1.00 1.00
1.00 1.00 1.00 1.00 1.00 2.67 1.00 1.00
1.00 1.00 1.00 1.00 1.00 1.00 1.00 1.00
1.00 3.18 1.00 1.00 3.00 1.68 1.00 1.00
1.00 1.00 1.00 1.00 1.00 1.00 1.00 1.00
1.00 1.00 14.07 1.00 1.00 1.00 1.00 1.00
Solution 3:
Status: 1
Optimal value: 147.40724634999998
x_0_0 = 0.0
x_0_1 = 0.0
x_0_2 = 1.9667274
x_0_3 = 5.7813597
x_0_4 = 0.0
x_0_5 = 0.0
x_0_6 = 0.0
x_0_7 = 0.0
x_1_0 = 3.4594316
x_1_1 = 1.7924813
x_1_2 = 0.0
x_1_3 = 0.0
x_1_4 = 0.0
x_1_5 = 0.74808713
x_1_6 = 0.0
x_1_7 = 0.0
x_2_0 = 0.0
x_2_1 = 0.0
x_2_2 = 0.0
x_2_3 = 0.0
x_2_4 = 0.0
x_2_5 = 3.0887882
x_2_6 = 0.0
x_2_7 = 0.0
x_3_0 = 0.0
x_3_1 = 0.0
x_3_2 = 0.0
x_3_3 = 0.0
x_3_4 = 0.0
x_3_5 = 1.4150375
x_3_6 = 0.0
x_3_7 = 0.0
x_4_0 = 0.0
x_4_1 = 0.0
x_4_2 = 0.0
x_4_3 = 0.0
x_4_4 = 0.0
x_4_5 = 0.0
x_4_6 = 0.0
x_4_7 = 0.0
x_5_0 = 0.0
x_5_1 = 1.6669504
x_5_2 = 0.0
x_5_3 = 0.0
x_5_4 = 1.5849625
x_5_5 = 0.74808713
x_5_6 = 0.0
x_5_7 = 0.0
x_6_0 = 0.0
x_6_1 = 0.0
x_6_2 = 0.0
x_6_3 = 0.0
x_6_4 = 0.0
x_6_5 = 0.0
x_6_6 = 0.0
x_6_7 = 0.0
x_7_0 = 0.0
x_7_1 = 0.0
x_7_2 = 3.8146323
x_7_3 = 0.0
x_7_4 = 0.0
x_7_5 = 0.0
x_7_6 = 0.0
x_7_7 = 0.0
1.00 1.00 3.91 55.00 1.00 1.00 1.00 1.00
11.00 3.46 1.00 1.00 1.00 1.68 1.00 1.00
1.00 1.00 1.00 1.00 1.00 8.51 1.00 1.00
1.00 1.00 1.00 1.00 1.00 2.67 1.00 1.00
1.00 1.00 1.00 1.00 1.00 1.00 1.00 1.00
1.00 3.18 1.00 1.00 3.00 1.68 1.00 1.00
1.00 1.00 1.00 1.00 1.00 1.00 1.00 1.00
1.00 1.00 14.07 1.00 1.00 1.00 1.00 1.00
扩展后的因数列表: [2, 3, 1, 171]
