-----------------------------------------------1 --all_workload
{'arch': {'arithmetic': {'instances': 128, 'word-bits': 8}, 'storage': [{'name': 'Registers', 'entries': 1, 'instances': 128, 'word-bits': 8, 'n_rdwr_ports': 2, 'n_banks': 1}, {'name': 'Accumulator', 'entries': 4096, 'depth': 1024, 'width': 512, 'instances': 16, 'word-bits': 32, 'network-word-bits': 16, 'n_rdwr_ports': 2, 'n_banks': 2}, {'name': 'Scratchpad', 'class': 'SRAM', 'entries': 8196, 'depth': 16384, 'width': 128, 'instances': 1, 'word-bits': 8, 'n_rdwr_ports': 1, 'n_banks': 4}, {'name': 'DRAM', 'technology': 'DRAM', 'instances': 1, 'word-bits': 8, 'block_size': 64, 'bandwidth': 5.75}]}}
['DRAM', 'Scratchpad', 'Accumulator', 'Registers'] [1, 1, 16, 128, 128] [inf, 8196, 4096, 1]
[1, 16, 8, 1]
20
[-220.0, -648.0, -694.0, -45700.0, -282.0, -71200.0, -32200.0, -838.0]
[[-220.0], [-86300.0], [-186000.0], [-45700.0], [-282.0], [-71200.0], [-32300.0], [-6120.0]]
[False, False, False, False, False, False, False, False]
[Stage 1]Gen 1:  1st stage Reward: 0, Best reward: [428122.]
Generation 0 耗时: 1.879秒
[-220.0, -648.0, -694.0, -2940.0, -282.0, -71200.0, -32200.0, -838.0]
[[-220.0], [-86300.0], [-186000.0], [-45700.0], [-282.0], [-71200.0], [-32300.0], [-6120.0]]
[False, False, False, False, False, False, False, False]
[Stage 1]Gen 2:  1st stage Reward: 0, Best reward: [428122.]
Generation 1 耗时: 2.033秒
[-220.0, -648.0, -694.0, -904.0, -282.0, -71200.0, -30800.0, -838.0]
[[-220.0], [-86300.0], [-186000.0], [-45700.0], [-282.0], [-71200.0], [-32300.0], [-6120.0]]
[False, False, False, False, False, False, False, False]
[Stage 1]Gen 3:  1st stage Reward: 0, Best reward: [428122.]
Generation 2 耗时: 2.073秒
[-200.0, -648.0, -694.0, -904.0, -282.0, -71200.0, -17000.0, -838.0]
[[-763.0], [-14400.0], [-34900.0], [-1910.0], [-422.0], [-99400.0], [-17000.0], [-1170.0]]
[False, False, False, False, False, False, False, False]
[Stage 1]Gen 4:  1st stage Reward: 0, Best reward: [169965.]
Generation 3 耗时: 2.004秒
[-36.2, -648.0, -694.0, -904.0, -282.0, -71200.0, -17000.0, -838.0]
[[-763.0], [-14400.0], [-34900.0], [-1910.0], [-422.0], [-99400.0], [-17000.0], [-1170.0]]
[False, False, False, False, False, False, False, False]
[Stage 1]Gen 5:  1st stage Reward: 0, Best reward: [169965.]
Generation 4 耗时: 1.978秒
[-18.1, -648.0, -694.0, -904.0, -282.0, -71200.0, -17000.0, -838.0]
[[-18.1], [-679.0], [-35900.0], [-1900.0], [-1080.0], [-74200.0], [-17800.0], [-969.0]]
[False, False, False, False, False, False, False, False]
[Stage 1]Gen 6:  1st stage Reward: 0, Best reward: [132546.1]
Generation 5 耗时: 1.976秒
[-13.2, -648.0, -694.0, -904.0, -282.0, -71200.0, -17000.0, -838.0]
[[-18.1], [-679.0], [-35900.0], [-1900.0], [-1080.0], [-74200.0], [-17800.0], [-969.0]]
[False, False, False, False, False, False, False, False]
[Stage 1]Gen 7:  1st stage Reward: 0, Best reward: [132546.1]
Generation 6 耗时: 1.986秒
[-13.2, -648.0, -694.0, -904.0, -282.0, -71200.0, -17000.0, -838.0]
[[-18.1], [-679.0], [-35900.0], [-1900.0], [-1080.0], [-74200.0], [-17800.0], [-969.0]]
[False, False, False, False, False, False, False, False]
[Stage 1]Gen 8:  1st stage Reward: 0, Best reward: [132546.1]
Generation 7 耗时: 2.035秒
[-13.2, -648.0, -694.0, -904.0, -282.0, -71200.0, -17000.0, -838.0]
[[-18.1], [-679.0], [-35900.0], [-1900.0], [-1080.0], [-74200.0], [-17800.0], [-969.0]]
[False, False, False, False, False, False, False, False]
[Stage 1]Gen 9:  1st stage Reward: 0, Best reward: [132546.1]
Generation 8 耗时: 1.940秒
[-13.2, -648.0, -694.0, -904.0, -282.0, -71200.0, -17000.0, -838.0]
[[-18.1], [-679.0], [-35900.0], [-1900.0], [-1080.0], [-74200.0], [-17800.0], [-969.0]]
[False, False, False, False, False, False, False, False]
[Stage 1]Gen 10:  1st stage Reward: 0, Best reward: [132546.1]
Generation 9 耗时: 1.991秒
[-13.2, -648.0, -694.0, -904.0, -282.0, -71200.0, -17000.0, -838.0]
[[-18.1], [-679.0], [-35900.0], [-1900.0], [-1080.0], [-74200.0], [-17800.0], [-969.0]]
[False, False, False, False, False, False, False, False]
[Stage 1]Gen 11:  1st stage Reward: 0, Best reward: [132546.1]
Generation 10 耗时: 2.046秒
[-13.2, -648.0, -694.0, -234.0, -200.0, -71200.0, -17000.0, -838.0]
[[-15.1], [-683.0], [-989.0], [-234.0], [-200.0], [-80300.0], [-18300.0], [-948.0]]
[False, False, False, False, False, False, False, False]
[Stage 1]Gen 12:  1st stage Reward: 0, Best reward: [101669.1]
Generation 11 耗时: 1.968秒
[-13.2, -648.0, -694.0, -234.0, -200.0, -71200.0, -17000.0, -838.0]
[[-15.1], [-683.0], [-989.0], [-234.0], [-200.0], [-80300.0], [-18300.0], [-948.0]]
[False, False, False, False, False, False, False, False]
[Stage 1]Gen 13:  1st stage Reward: 0, Best reward: [101669.1]
Generation 12 耗时: 2.019秒
[-13.2, -648.0, -694.0, -234.0, -200.0, -71200.0, -17000.0, -838.0]
[[-15.1], [-683.0], [-989.0], [-234.0], [-200.0], [-80300.0], [-18300.0], [-948.0]]
[False, False, False, False, False, False, False, False]
[Stage 1]Gen 14:  1st stage Reward: 0, Best reward: [101669.1]
Generation 13 耗时: 2.074秒
[-13.2, -648.0, -694.0, -234.0, -186.0, -71200.0, -17000.0, -838.0]
[[-15.1], [-683.0], [-989.0], [-234.0], [-200.0], [-80300.0], [-18300.0], [-948.0]]
[False, False, False, False, False, False, False, False]
[Stage 1]Gen 15:  1st stage Reward: 0, Best reward: [101669.1]
Generation 14 耗时: 2.042秒
[-13.2, -648.0, -694.0, -234.0, -186.0, -71200.0, -17000.0, -838.0]
[[-15.1], [-683.0], [-989.0], [-234.0], [-200.0], [-80300.0], [-18300.0], [-948.0]]
[False, False, False, False, False, False, False, False]
[Stage 1]Gen 16:  1st stage Reward: 0, Best reward: [101669.1]
Generation 15 耗时: 2.072秒
[-13.2, -648.0, -694.0, -234.0, -172.0, -71200.0, -16200.0, -838.0]
[[-15.1], [-683.0], [-989.0], [-234.0], [-200.0], [-80300.0], [-18300.0], [-948.0]]
[False, False, False, False, False, False, False, False]
[Stage 1]Gen 17:  1st stage Reward: 0, Best reward: [101669.1]
Generation 16 耗时: 2.021秒
[-13.2, -648.0, -694.0, -234.0, -172.0, -71200.0, -16200.0, -838.0]
[[-15.1], [-683.0], [-989.0], [-234.0], [-200.0], [-80300.0], [-18300.0], [-948.0]]
[False, False, False, False, False, False, False, False]
[Stage 1]Gen 18:  1st stage Reward: 0, Best reward: [101669.1]
Generation 17 耗时: 2.117秒
[-13.2, -648.0, -694.0, -234.0, -172.0, -71200.0, -16200.0, -838.0]
[[-15.1], [-683.0], [-989.0], [-234.0], [-200.0], [-80300.0], [-18300.0], [-948.0]]
[False, False, False, False, False, False, False, False]
[Stage 1]Gen 19:  1st stage Reward: 0, Best reward: [101669.1]
Generation 18 耗时: 2.014秒
[-13.2, -648.0, -694.0, -234.0, -172.0, -71200.0, -16200.0, -838.0]
[[-15.1], [-683.0], [-989.0], [-234.0], [-200.0], [-80300.0], [-18300.0], [-948.0]]
[False, False, False, False, False, False, False, False]
[Stage 1]Gen 20:  1st stage Reward: 0, Best reward: [101669.1]
Generation 19 耗时: 2.032秒
[-13.2, -648.0, -694.0, -234.0, -172.0, -71200.0, -16200.0, -838.0]
[[-15.1], [-683.0], [-989.0], [-234.0], [-200.0], [-80300.0], [-18300.0], [-948.0]]
[False, False, False, False, False, False, False, False]
[Stage 1]Gen 21:  1st stage Reward: 0, Best reward: [101669.1]
Generation 20 耗时: 2.091秒
[-13.2, -648.0, -694.0, -234.0, -172.0, -71200.0, -16200.0, -838.0]
[[-15.1], [-683.0], [-989.0], [-234.0], [-200.0], [-80300.0], [-18300.0], [-948.0]]
[False, False, False, False, False, False, False, False]
[Stage 1]Gen 22:  1st stage Reward: 0, Best reward: [101669.1]
Generation 21 耗时: 2.148秒
[-13.2, -648.0, -694.0, -234.0, -172.0, -71200.0, -16200.0, -838.0]
[[-15.1], [-683.0], [-989.0], [-234.0], [-200.0], [-80300.0], [-18300.0], [-948.0]]
[False, False, False, False, False, False, False, False]
[Stage 1]Gen 23:  1st stage Reward: 0, Best reward: [101669.1]
Generation 22 耗时: 2.169秒
[-13.2, -648.0, -694.0, -234.0, -172.0, -71200.0, -16200.0, -838.0]
[[-15.1], [-683.0], [-989.0], [-234.0], [-200.0], [-80300.0], [-18300.0], [-948.0]]
[False, False, False, False, False, False, False, False]
[Stage 1]Gen 24:  1st stage Reward: 0, Best reward: [101669.1]
Generation 23 耗时: 2.437秒
[-13.2, -648.0, -694.0, -234.0, -172.0, -71200.0, -16200.0, -838.0]
[[-15.1], [-683.0], [-989.0], [-234.0], [-200.0], [-80300.0], [-18300.0], [-948.0]]
[False, False, False, False, False, False, False, False]
[Stage 1]Gen 25:  1st stage Reward: 0, Best reward: [101669.1]
Generation 24 耗时: 2.382秒
[-13.2, -648.0, -694.0, -234.0, -172.0, -71200.0, -16200.0, -838.0]
[[-15.1], [-683.0], [-989.0], [-234.0], [-200.0], [-80300.0], [-18300.0], [-948.0]]
[False, False, False, False, False, False, False, False]
[Stage 1]Gen 26:  1st stage Reward: 0, Best reward: [101669.1]
Generation 25 耗时: 2.220秒
[-13.2, -648.0, -694.0, -234.0, -172.0, -71200.0, -16200.0, -838.0]
[[-15.1], [-683.0], [-989.0], [-234.0], [-200.0], [-80300.0], [-18300.0], [-948.0]]
[False, False, False, False, False, False, False, False]
[Stage 1]Gen 27:  1st stage Reward: 0, Best reward: [101669.1]
Generation 26 耗时: 2.145秒
[-13.2, -648.0, -694.0, -234.0, -152.0, -71200.0, -15500.0, -838.0]
[[-15.1], [-683.0], [-989.0], [-234.0], [-200.0], [-80300.0], [-18300.0], [-948.0]]
[False, False, False, False, False, False, False, False]
[Stage 1]Gen 28:  1st stage Reward: 0, Best reward: [101669.1]
Generation 27 耗时: 2.231秒
[-13.2, -648.0, -694.0, -234.0, -152.0, -71200.0, -15500.0, -838.0]
[[-15.1], [-683.0], [-989.0], [-234.0], [-200.0], [-80300.0], [-18300.0], [-948.0]]
[False, False, False, False, False, False, False, False]
[Stage 1]Gen 29:  1st stage Reward: 0, Best reward: [101669.1]
Generation 28 耗时: 2.090秒
[-13.2, -648.0, -694.0, -234.0, -152.0, -71200.0, -15500.0, -838.0]
[[-15.1], [-683.0], [-989.0], [-234.0], [-200.0], [-80300.0], [-18300.0], [-948.0]]
[False, False, False, False, False, False, False, False]
[Stage 1]Gen 30:  1st stage Reward: 0, Best reward: [101669.1]
Generation 29 耗时: 2.063秒
[-12.9, -648.0, -694.0, -234.0, -152.0, -68200.0, -13400.0, -805.0]
[[-15.1], [-683.0], [-989.0], [-234.0], [-200.0], [-80300.0], [-18300.0], [-948.0]]
[False, False, False, False, False, False, False, False]
[Stage 1]Gen 31:  1st stage Reward: 0, Best reward: [101669.1]
Generation 30 耗时: 2.030秒
[-12.9, -648.0, -694.0, -234.0, -140.0, -68100.0, -13400.0, -805.0]
[[-15.1], [-683.0], [-989.0], [-234.0], [-200.0], [-80300.0], [-18300.0], [-948.0]]
[False, False, False, False, False, False, False, False]
[Stage 1]Gen 32:  1st stage Reward: 0, Best reward: [101669.1]
Generation 31 耗时: 2.084秒
[-12.4, -597.0, -396.0, -234.0, -140.0, -65100.0, -12900.0, -772.0]
[[-15.1], [-683.0], [-989.0], [-234.0], [-200.0], [-80300.0], [-18300.0], [-948.0]]
[False, False, False, False, False, False, False, False]
[Stage 1]Gen 33:  1st stage Reward: 0, Best reward: [101669.1]
Generation 32 耗时: 2.248秒
[-10.5, -597.0, -396.0, -234.0, -109.0, -60700.0, -12000.0, -756.0]
[[-12.3], [-2290.0], [-1750.0], [-866.0], [-5260.0], [-60700.0], [-12000.0], [-770.0]]
[False, False, False, False, False, False, False, False]
[Stage 1]Gen 34:  1st stage Reward: 0, Best reward: [83648.3]
Generation 33 耗时: 2.229秒
[-10.5, -545.0, -396.0, -106.0, -109.0, -55600.0, -11000.0, -658.0]
[[-39.1], [-652.0], [-1350.0], [-1770.0], [-331.0], [-55600.0], [-11000.0], [-658.0]]
[False, False, False, False, False, False, False, False]
[Stage 1]Gen 35:  1st stage Reward: 0, Best reward: [71400.1]
Generation 34 耗时: 2.218秒
[-9.22, -410.0, -284.0, -106.0, -109.0, -55600.0, -11000.0, -658.0]
[[-39.1], [-652.0], [-1350.0], [-1770.0], [-331.0], [-55600.0], [-11000.0], [-658.0]]
[False, False, False, False, False, False, False, False]
[Stage 1]Gen 36:  1st stage Reward: 0, Best reward: [71400.1]
Generation 35 耗时: 2.144秒
[-9.09, -226.0, -284.0, -106.0, -109.0, -55600.0, -11000.0, -658.0]
[[-39.1], [-652.0], [-1350.0], [-1770.0], [-331.0], [-55600.0], [-11000.0], [-658.0]]
[False, False, False, False, False, False, False, False]
[Stage 1]Gen 37:  1st stage Reward: 0, Best reward: [71400.1]
Generation 36 耗时: 2.198秒
[-8.99, -141.0, -107.0, -106.0, -109.0, -55600.0, -11000.0, -658.0]
[[-39.1], [-652.0], [-1350.0], [-1770.0], [-331.0], [-55600.0], [-11000.0], [-658.0]]
[False, False, False, False, False, False, False, False]
[Stage 1]Gen 38:  1st stage Reward: 0, Best reward: [71400.1]
Generation 37 耗时: 2.358秒
[-8.78, -129.0, -85.1, -106.0, -109.0, -55600.0, -11000.0, -658.0]
[[-39.1], [-652.0], [-1350.0], [-1770.0], [-331.0], [-55600.0], [-11000.0], [-658.0]]
[False, False, False, False, False, False, False, False]
[Stage 1]Gen 39:  1st stage Reward: 0, Best reward: [71400.1]
Generation 38 耗时: 2.233秒
[-8.78, -129.0, -85.1, -106.0, -109.0, -55600.0, -11000.0, -658.0]
[[-39.1], [-652.0], [-1350.0], [-1770.0], [-331.0], [-55600.0], [-11000.0], [-658.0]]
[False, False, False, False, False, False, False, False]
[Stage 1]Gen 40:  1st stage Reward: 0, Best reward: [71400.1]
Generation 39 耗时: 2.214秒
[-8.78, -119.0, -85.1, -106.0, -81.9, -55600.0, -11000.0, -658.0]
[[-39.1], [-652.0], [-1350.0], [-1770.0], [-331.0], [-55600.0], [-11000.0], [-658.0]]
[False, False, False, False, False, False, False, False]
[Stage 1]Gen 41:  1st stage Reward: 0, Best reward: [71400.1]
Generation 40 耗时: 2.150秒
[-8.78, -112.0, -85.1, -106.0, -81.9, -55600.0, -11000.0, -653.0]
[[-39.1], [-652.0], [-1350.0], [-1770.0], [-331.0], [-55600.0], [-11000.0], [-658.0]]
[False, False, False, False, False, False, False, False]
[Stage 1]Gen 42:  1st stage Reward: 0, Best reward: [71400.1]
Generation 41 耗时: 2.213秒
[-8.78, -112.0, -85.1, -106.0, -81.9, -55600.0, -11000.0, -653.0]
[[-39.1], [-652.0], [-1350.0], [-1770.0], [-331.0], [-55600.0], [-11000.0], [-658.0]]
[False, False, False, False, False, False, False, False]
[Stage 1]Gen 43:  1st stage Reward: 0, Best reward: [71400.1]
Generation 42 耗时: 2.136秒
[-8.78, -83.9, -85.1, -106.0, -81.9, -55600.0, -11000.0, -653.0]
[[-8.78], [-129.0], [-101.0], [-1450.0], [-82.3], [-57400.0], [-11300.0], [-706.0]]
[False, False, False, False, False, False, False, False]
[Stage 1]Gen 44:  1st stage Reward: 0, Best reward: [71177.08]
Generation 43 耗时: 2.116秒
[-7.38, -83.9, -61.8, -106.0, -50.1, -55600.0, -11000.0, -653.0]
[[-8.78], [-129.0], [-101.0], [-1450.0], [-82.3], [-57400.0], [-11300.0], [-706.0]]
[False, False, False, False, False, False, False, False]
[Stage 1]Gen 45:  1st stage Reward: 0, Best reward: [71177.08]
Generation 44 耗时: 2.179秒
[-7.38, -83.9, -58.1, -106.0, -50.1, -55600.0, -11000.0, -653.0]
[[-8.78], [-129.0], [-101.0], [-1450.0], [-82.3], [-57400.0], [-11300.0], [-706.0]]
[False, False, False, False, False, False, False, False]
[Stage 1]Gen 46:  1st stage Reward: 0, Best reward: [71177.08]
Generation 45 耗时: 2.192秒
[-7.38, -83.9, -58.1, -106.0, -44.8, -54100.0, -10700.0, -638.0]
[[-8.78], [-129.0], [-101.0], [-1450.0], [-82.3], [-57400.0], [-11300.0], [-706.0]]
[False, False, False, False, False, False, False, False]
[Stage 1]Gen 47:  1st stage Reward: 0, Best reward: [71177.08]
Generation 46 耗时: 2.290秒
[-7.15, -83.9, -58.1, -106.0, -44.8, -54100.0, -10700.0, -638.0]
[[-8.78], [-129.0], [-101.0], [-1450.0], [-82.3], [-57400.0], [-11300.0], [-706.0]]
[False, False, False, False, False, False, False, False]
[Stage 1]Gen 48:  1st stage Reward: 0, Best reward: [71177.08]
Generation 47 耗时: 2.251秒
[-7.15, -83.9, -58.1, -106.0, -44.8, -54100.0, -10700.0, -638.0]
[[-7.24], [-133.0], [-103.0], [-206.0], [-47.1], [-58000.0], [-11400.0], [-684.0]]
[False, False, False, False, False, False, False, False]
[Stage 1]Gen 49:  1st stage Reward: 0, Best reward: [70580.34]
Generation 48 耗时: 2.165秒
[-7.15, -83.9, -58.1, -106.0, -44.8, -54100.0, -10700.0, -638.0]
[[-13.0], [-129.0], [-172.0], [-290.0], [-189.0], [-56900.0], [-11200.0], [-671.0]]
[False, False, False, False, False, False, False, False]
[Stage 1]Gen 50:  1st stage Reward: 0, Best reward: [69564.]
Generation 49 耗时: 2.231秒
[-7.15, -83.9, -58.1, -106.0, -44.8, -54100.0, -10700.0, -638.0]
[[-13.0], [-129.0], [-172.0], [-290.0], [-189.0], [-56900.0], [-11200.0], [-671.0]]
[False, False, False, False, False, False, False, False]
[Stage 1]Gen 51:  1st stage Reward: 0, Best reward: [69564.]
Generation 50 耗时: 2.277秒
[-7.15, -83.9, -58.1, -106.0, -44.8, -54100.0, -10700.0, -638.0]
[[-36.4], [-119.0], [-95.2], [-1420.0], [-103.0], [-55800.0], [-11000.0], [-658.0]]
[False, False, False, False, False, False, False, False]
[Stage 1]Gen 52:  1st stage Reward: 0, Best reward: [69231.6]
Generation 51 耗时: 2.303秒
[-7.15, -83.9, -58.1, -106.0, -44.8, -54100.0, -10700.0, -638.0]
[[-36.4], [-119.0], [-95.2], [-1420.0], [-103.0], [-55800.0], [-11000.0], [-658.0]]
[False, False, False, False, False, False, False, False]
[Stage 1]Gen 53:  1st stage Reward: 0, Best reward: [69231.6]
Generation 52 耗时: 2.252秒
[-7.15, -83.9, -58.1, -106.0, -44.8, -54100.0, -10700.0, -638.0]
[[-36.4], [-119.0], [-95.2], [-1420.0], [-103.0], [-55800.0], [-11000.0], [-658.0]]
[False, False, False, False, False, False, False, False]
[Stage 1]Gen 54:  1st stage Reward: 0, Best reward: [69231.6]
Generation 53 耗时: 2.245秒
[-7.15, -83.9, -58.1, -106.0, -44.8, -54100.0, -10700.0, -638.0]
[[-36.4], [-119.0], [-95.2], [-1420.0], [-103.0], [-55800.0], [-11000.0], [-658.0]]
[False, False, False, False, False, False, False, False]
[Stage 1]Gen 55:  1st stage Reward: 0, Best reward: [69231.6]
Generation 54 耗时: 2.223秒
[-7.15, -83.9, -58.1, -106.0, -44.8, -54100.0, -10700.0, -638.0]
[[-36.4], [-119.0], [-95.2], [-1420.0], [-103.0], [-55800.0], [-11000.0], [-658.0]]
[False, False, False, False, False, False, False, False]
[Stage 1]Gen 56:  1st stage Reward: 0, Best reward: [69231.6]
Generation 55 耗时: 2.259秒
[-7.15, -83.9, -58.1, -106.0, -44.8, -54100.0, -10700.0, -638.0]
[[-36.4], [-119.0], [-95.2], [-1420.0], [-103.0], [-55800.0], [-11000.0], [-658.0]]
[False, False, False, False, False, False, False, False]
[Stage 1]Gen 57:  1st stage Reward: 0, Best reward: [69231.6]
Generation 56 耗时: 2.205秒
[-6.99, -83.9, -58.1, -106.0, -44.8, -54100.0, -10700.0, -638.0]
[[-36.4], [-119.0], [-95.2], [-1420.0], [-103.0], [-55800.0], [-11000.0], [-658.0]]
[False, False, False, False, False, False, False, False]
[Stage 1]Gen 58:  1st stage Reward: 0, Best reward: [69231.6]
Generation 57 耗时: 2.165秒
[-6.79, -83.9, -58.1, -106.0, -44.8, -54100.0, -10700.0, -638.0]
[[-36.4], [-119.0], [-95.2], [-1420.0], [-103.0], [-55800.0], [-11000.0], [-658.0]]
[False, False, False, False, False, False, False, False]
[Stage 1]Gen 59:  1st stage Reward: 0, Best reward: [69231.6]
Generation 58 耗时: 2.218秒
[-6.79, -83.9, -58.1, -106.0, -44.8, -54100.0, -10700.0, -638.0]
[[-36.4], [-119.0], [-95.2], [-1420.0], [-103.0], [-55800.0], [-11000.0], [-658.0]]
[False, False, False, False, False, False, False, False]
[Stage 1]Gen 60:  1st stage Reward: 0, Best reward: [69231.6]
Generation 59 耗时: 2.258秒
[-6.79, -83.5, -58.1, -106.0, -44.8, -54100.0, -10700.0, -638.0]
[[-6.99], [-119.0], [-95.2], [-1420.0], [-231.0], [-55800.0], [-10900.0], [-658.0]]
[False, False, False, False, False, False, False, False]
[Stage 1]Gen 61:  1st stage Reward: 0, Best reward: [69230.19]
Generation 60 耗时: 2.212秒
[-6.79, -83.5, -58.1, -106.0, -44.8, -54100.0, -10700.0, -638.0]
[[-6.99], [-119.0], [-95.2], [-1420.0], [-231.0], [-55800.0], [-10900.0], [-658.0]]
[False, False, False, False, False, False, False, False]
[Stage 1]Gen 62:  1st stage Reward: 0, Best reward: [69230.19]
Generation 61 耗时: 2.286秒
[-6.79, -83.5, -58.1, -106.0, -37.1, -54100.0, -10700.0, -638.0]
[[-6.99], [-119.0], [-95.2], [-1420.0], [-231.0], [-55800.0], [-10900.0], [-658.0]]
[False, False, False, False, False, False, False, False]
[Stage 1]Gen 63:  1st stage Reward: 0, Best reward: [69230.19]
Generation 62 耗时: 2.223秒
[-6.79, -83.5, -58.1, -106.0, -37.1, -54100.0, -10700.0, -638.0]
[[-6.99], [-119.0], [-95.2], [-1420.0], [-231.0], [-55800.0], [-10900.0], [-658.0]]
[False, False, False, False, False, False, False, False]
[Stage 1]Gen 64:  1st stage Reward: 0, Best reward: [69230.19]
Generation 63 耗时: 2.251秒
[-6.79, -80.7, -54.9, -106.0, -37.1, -54100.0, -10700.0, -638.0]
[[-6.99], [-119.0], [-95.2], [-1420.0], [-231.0], [-55800.0], [-10900.0], [-658.0]]
[False, False, False, False, False, False, False, False]
[Stage 1]Gen 65:  1st stage Reward: 0, Best reward: [69230.19]
Generation 64 耗时: 2.211秒
[-6.68, -80.7, -49.7, -106.0, -37.1, -54100.0, -10500.0, -638.0]
[[-6.99], [-119.0], [-95.2], [-1420.0], [-231.0], [-55800.0], [-10900.0], [-658.0]]
[False, False, False, False, False, False, False, False]
[Stage 1]Gen 66:  1st stage Reward: 0, Best reward: [69230.19]
Generation 65 耗时: 2.234秒
[-6.68, -80.7, -49.7, -106.0, -37.1, -54100.0, -10500.0, -638.0]
[[-6.99], [-119.0], [-95.2], [-1420.0], [-231.0], [-55800.0], [-10900.0], [-658.0]]
[False, False, False, False, False, False, False, False]
[Stage 1]Gen 67:  1st stage Reward: 0, Best reward: [69230.19]
Generation 66 耗时: 2.222秒
[-6.68, -80.7, -49.7, -106.0, -37.1, -54100.0, -10500.0, -638.0]
[[-6.99], [-119.0], [-95.2], [-1420.0], [-231.0], [-55800.0], [-10900.0], [-658.0]]
[False, False, False, False, False, False, False, False]
[Stage 1]Gen 68:  1st stage Reward: 0, Best reward: [69230.19]
Generation 67 耗时: 2.122秒
[-6.68, -80.7, -49.7, -106.0, -37.1, -54100.0, -10500.0, -638.0]
[[-6.99], [-119.0], [-95.2], [-1420.0], [-231.0], [-55800.0], [-10900.0], [-658.0]]
[False, False, False, False, False, False, False, False]
[Stage 1]Gen 69:  1st stage Reward: 0, Best reward: [69230.19]
Generation 68 耗时: 2.114秒
[-6.68, -80.7, -49.7, -106.0, -37.1, -54100.0, -10500.0, -638.0]
[[-6.99], [-119.0], [-95.2], [-1420.0], [-231.0], [-55800.0], [-10900.0], [-658.0]]
[False, False, False, False, False, False, False, False]
[Stage 1]Gen 70:  1st stage Reward: 0, Best reward: [69230.19]
Generation 69 耗时: 2.162秒
[-6.68, -80.7, -49.7, -106.0, -37.1, -54100.0, -10500.0, -638.0]
[[-6.99], [-119.0], [-95.2], [-1420.0], [-231.0], [-55800.0], [-10900.0], [-658.0]]
[False, False, False, False, False, False, False, False]
[Stage 1]Gen 71:  1st stage Reward: 0, Best reward: [69230.19]
Generation 70 耗时: 2.180秒
[-6.68, -80.5, -49.7, -106.0, -37.1, -54100.0, -10500.0, -638.0]
[[-6.99], [-119.0], [-95.2], [-1420.0], [-231.0], [-55800.0], [-10900.0], [-658.0]]
[False, False, False, False, False, False, False, False]
[Stage 1]Gen 72:  1st stage Reward: 0, Best reward: [69230.19]
Generation 71 耗时: 2.145秒
[-6.68, -80.5, -49.7, -106.0, -37.1, -54100.0, -10500.0, -638.0]
[[-6.99], [-119.0], [-95.2], [-1420.0], [-231.0], [-55800.0], [-10900.0], [-658.0]]
[False, False, False, False, False, False, False, False]
[Stage 1]Gen 73:  1st stage Reward: 0, Best reward: [69230.19]
Generation 72 耗时: 2.159秒
[-6.68, -80.5, -49.7, -106.0, -37.1, -54100.0, -10500.0, -638.0]
[[-6.99], [-119.0], [-95.2], [-1420.0], [-231.0], [-55800.0], [-10900.0], [-658.0]]
[False, False, False, False, False, False, False, False]
[Stage 1]Gen 74:  1st stage Reward: 0, Best reward: [69230.19]
Generation 73 耗时: 2.069秒
[-6.68, -80.5, -49.7, -106.0, -37.1, -54100.0, -10500.0, -638.0]
[[-6.99], [-119.0], [-95.2], [-1420.0], [-231.0], [-55800.0], [-10900.0], [-658.0]]
[False, False, False, False, False, False, False, False]
[Stage 1]Gen 75:  1st stage Reward: 0, Best reward: [69230.19]
Generation 74 耗时: 2.189秒
[-6.68, -80.5, -49.7, -106.0, -37.1, -54100.0, -10500.0, -638.0]
[[-6.99], [-119.0], [-95.2], [-1420.0], [-231.0], [-55800.0], [-10900.0], [-658.0]]
[False, False, False, False, False, False, False, False]
[Stage 1]Gen 76:  1st stage Reward: 0, Best reward: [69230.19]
Generation 75 耗时: 2.235秒
[-6.68, -80.5, -49.7, -106.0, -37.1, -54100.0, -10500.0, -638.0]
[[-6.99], [-119.0], [-95.2], [-1420.0], [-231.0], [-55800.0], [-10900.0], [-658.0]]
[False, False, False, False, False, False, False, False]
[Stage 1]Gen 77:  1st stage Reward: 0, Best reward: [69230.19]
Generation 76 耗时: 2.277秒
[-6.68, -80.5, -49.7, -106.0, -37.1, -54100.0, -10500.0, -638.0]
[[-6.99], [-119.0], [-95.2], [-1420.0], [-231.0], [-55800.0], [-10900.0], [-658.0]]
[False, False, False, False, False, False, False, False]
[Stage 1]Gen 78:  1st stage Reward: 0, Best reward: [69230.19]
Generation 77 耗时: 2.162秒
[-6.68, -80.5, -49.7, -106.0, -37.1, -54100.0, -10500.0, -638.0]
[[-6.99], [-119.0], [-95.2], [-1420.0], [-231.0], [-55800.0], [-10900.0], [-658.0]]
[False, False, False, False, False, False, False, False]
[Stage 1]Gen 79:  1st stage Reward: 0, Best reward: [69230.19]
Generation 78 耗时: 2.095秒
[-6.68, -80.5, -49.7, -106.0, -37.1, -54100.0, -10500.0, -638.0]
[[-6.99], [-119.0], [-95.2], [-1420.0], [-231.0], [-55800.0], [-10900.0], [-658.0]]
[False, False, False, False, False, False, False, False]
[Stage 1]Gen 80:  1st stage Reward: 0, Best reward: [69230.19]
Generation 79 耗时: 2.114秒
[-6.68, -80.5, -49.7, -106.0, -37.1, -54100.0, -10500.0, -638.0]
[[-6.99], [-119.0], [-95.2], [-1420.0], [-231.0], [-55800.0], [-10900.0], [-658.0]]
[False, False, False, False, False, False, False, False]
[Stage 1]Gen 81:  1st stage Reward: 0, Best reward: [69230.19]
Generation 80 耗时: 2.098秒
[-6.68, -80.5, -49.7, -106.0, -37.1, -54100.0, -10500.0, -638.0]
[[-6.99], [-119.0], [-95.2], [-1420.0], [-231.0], [-55800.0], [-10900.0], [-658.0]]
[False, False, False, False, False, False, False, False]
[Stage 1]Gen 82:  1st stage Reward: 0, Best reward: [69230.19]
Generation 81 耗时: 2.132秒
[-6.68, -80.5, -49.7, -106.0, -37.1, -54100.0, -10500.0, -638.0]
[[-6.99], [-119.0], [-95.2], [-1420.0], [-231.0], [-55800.0], [-10900.0], [-658.0]]
[False, False, False, False, False, False, False, False]
[Stage 1]Gen 83:  1st stage Reward: 0, Best reward: [69230.19]
Generation 82 耗时: 2.105秒
[-6.68, -80.5, -49.7, -106.0, -37.1, -54100.0, -10500.0, -638.0]
[[-6.99], [-119.0], [-95.2], [-1420.0], [-231.0], [-55800.0], [-10900.0], [-658.0]]
[False, False, False, False, False, False, False, False]
[Stage 1]Gen 84:  1st stage Reward: 0, Best reward: [69230.19]
Generation 83 耗时: 2.071秒
[-6.68, -80.5, -49.7, -106.0, -37.1, -54100.0, -10500.0, -638.0]
[[-6.99], [-119.0], [-95.2], [-1420.0], [-231.0], [-55800.0], [-10900.0], [-658.0]]
[False, False, False, False, False, False, False, False]
[Stage 1]Gen 85:  1st stage Reward: 0, Best reward: [69230.19]
Generation 84 耗时: 2.147秒
[-6.68, -80.5, -49.7, -106.0, -37.1, -54100.0, -10500.0, -638.0]
[[-6.99], [-119.0], [-95.2], [-1420.0], [-231.0], [-55800.0], [-10900.0], [-658.0]]
[False, False, False, False, False, False, False, False]
[Stage 1]Gen 86:  1st stage Reward: 0, Best reward: [69230.19]
Generation 85 耗时: 2.074秒
[-6.68, -80.5, -49.7, -106.0, -37.1, -54100.0, -10500.0, -638.0]
[[-6.99], [-119.0], [-95.2], [-1420.0], [-231.0], [-55800.0], [-10900.0], [-658.0]]
[False, False, False, False, False, False, False, False]
[Stage 1]Gen 87:  1st stage Reward: 0, Best reward: [69230.19]
Generation 86 耗时: 2.057秒
[-6.68, -80.5, -49.7, -106.0, -37.1, -54100.0, -10500.0, -638.0]
[[-6.99], [-119.0], [-95.2], [-1420.0], [-231.0], [-55800.0], [-10900.0], [-658.0]]
[False, False, False, False, False, False, False, False]
[Stage 1]Gen 88:  1st stage Reward: 0, Best reward: [69230.19]
Generation 87 耗时: 2.140秒
[-6.68, -80.5, -49.7, -106.0, -37.1, -54100.0, -10500.0, -638.0]
[[-6.99], [-119.0], [-95.2], [-1420.0], [-231.0], [-55800.0], [-10900.0], [-658.0]]
[False, False, False, False, False, False, False, False]
[Stage 1]Gen 89:  1st stage Reward: 0, Best reward: [69230.19]
Generation 88 耗时: 2.068秒
[-6.68, -80.5, -49.7, -106.0, -37.1, -54100.0, -10500.0, -638.0]
[[-6.99], [-119.0], [-95.2], [-1420.0], [-231.0], [-55800.0], [-10900.0], [-658.0]]
[False, False, False, False, False, False, False, False]
[Stage 1]Gen 90:  1st stage Reward: 0, Best reward: [69230.19]
Generation 89 耗时: 2.174秒
[-6.68, -80.5, -49.7, -106.0, -37.1, -54100.0, -10500.0, -638.0]
[[-6.99], [-119.0], [-95.2], [-1420.0], [-231.0], [-55800.0], [-10900.0], [-658.0]]
[False, False, False, False, False, False, False, False]
[Stage 1]Gen 91:  1st stage Reward: 0, Best reward: [69230.19]
Generation 90 耗时: 2.196秒
[-6.68, -80.5, -47.5, -106.0, -37.1, -54100.0, -10500.0, -638.0]
[[-6.99], [-119.0], [-95.2], [-1420.0], [-231.0], [-55800.0], [-10900.0], [-658.0]]
[False, False, False, False, False, False, False, False]
[Stage 1]Gen 92:  1st stage Reward: 0, Best reward: [69230.19]
Generation 91 耗时: 2.190秒
[-6.68, -80.5, -47.5, -106.0, -37.1, -54100.0, -10500.0, -638.0]
[[-6.99], [-119.0], [-95.2], [-1420.0], [-231.0], [-55800.0], [-10900.0], [-658.0]]
[False, False, False, False, False, False, False, False]
[Stage 1]Gen 93:  1st stage Reward: 0, Best reward: [69230.19]
Generation 92 耗时: 2.139秒
[-6.68, -80.5, -47.5, -106.0, -37.1, -54100.0, -10500.0, -638.0]
[[-6.99], [-119.0], [-95.2], [-1420.0], [-231.0], [-55800.0], [-10900.0], [-658.0]]
[False, False, False, False, False, False, False, False]
[Stage 1]Gen 94:  1st stage Reward: 0, Best reward: [69230.19]
Generation 93 耗时: 2.123秒
[-6.68, -80.5, -47.5, -106.0, -37.1, -54100.0, -10500.0, -638.0]
[[-6.99], [-119.0], [-95.2], [-1420.0], [-231.0], [-55800.0], [-10900.0], [-658.0]]
[False, False, False, False, False, False, False, False]
[Stage 1]Gen 95:  1st stage Reward: 0, Best reward: [69230.19]
Generation 94 耗时: 2.076秒
[-6.68, -80.5, -47.5, -106.0, -37.1, -54100.0, -10500.0, -638.0]
[[-6.99], [-119.0], [-95.2], [-1420.0], [-231.0], [-55800.0], [-10900.0], [-658.0]]
[False, False, False, False, False, False, False, False]
[Stage 1]Gen 96:  1st stage Reward: 0, Best reward: [69230.19]
Generation 95 耗时: 2.226秒
[-6.68, -80.5, -47.5, -106.0, -37.1, -54100.0, -10500.0, -638.0]
[[-6.99], [-119.0], [-95.2], [-1420.0], [-231.0], [-55800.0], [-10900.0], [-658.0]]
[False, False, False, False, False, False, False, False]
[Stage 1]Gen 97:  1st stage Reward: 0, Best reward: [69230.19]
Generation 96 耗时: 2.275秒
[-6.64, -80.5, -47.5, -106.0, -37.1, -53800.0, -10500.0, -635.0]
[[-6.99], [-119.0], [-95.2], [-1420.0], [-231.0], [-55800.0], [-10900.0], [-658.0]]
[False, False, False, False, False, False, False, False]
[Stage 1]Gen 98:  1st stage Reward: 0, Best reward: [69230.19]
Generation 97 耗时: 2.086秒
[-6.64, -80.5, -47.5, -106.0, -37.1, -53800.0, -10500.0, -635.0]
[[-6.99], [-119.0], [-95.2], [-1420.0], [-231.0], [-55800.0], [-10900.0], [-658.0]]
[False, False, False, False, False, False, False, False]
[Stage 1]Gen 99:  1st stage Reward: 0, Best reward: [69230.19]
Generation 98 耗时: 2.038秒
[-6.64, -80.5, -47.5, -106.0, -37.1, -53800.0, -10500.0, -635.0]
[[-6.99], [-119.0], [-95.2], [-1420.0], [-231.0], [-55800.0], [-10900.0], [-658.0]]
[False, False, False, False, False, False, False, False]
[Stage 1]Gen 100:  1st stage Reward: 0, Best reward: [69230.19]
Generation 99 耗时: 2.148秒
耗时:  215.35672116279602
