网络: GCN_reddit, 层数: 1
['DRAM', 'GlobalBuffer', 'DummyBuffer', 'InputRegFile', 'WeightRegFile', 'PsumRegFile'] [1, 1, 16, 256, 256, 256, 256] [inf, 131072, 4, 12, 192, 16]
[1, 16, 16, 1, 1, 1]
100
random

--- 搜索完成 ---
最优得分: -482000000000.0
['DRAM', 'GlobalBuffer', 'DummyBuffer', 'InputRegFile', 'WeightRegFile', 'PsumRegFile'] [1, 1, 16, 256, 256, 256, 256] [inf, 131072, 4, 12, 192, 16]
[1, 16, 16, 1, 1, 1]
100
genetic algorithm

--- 搜索完成 ---
最优得分: -478000000000.0
['DRAM', 'GlobalBuffer', 'DummyBuffer', 'InputRegFile', 'WeightRegFile', 'PsumRegFile'] [1, 1, 16, 256, 256, 256, 256] [inf, 131072, 4, 12, 192, 16]
[1, 16, 16, 1, 1, 1]
100
网络: GCN_reddit, 层数: 2
['DRAM', 'GlobalBuffer', 'DummyBuffer', 'InputRegFile', 'WeightRegFile', 'PsumRegFile'] [1, 1, 16, 256, 256, 256, 256] [inf, 131072, 4, 12, 192, 16]
[1, 16, 16, 1, 1, 1]
100
random

--- 搜索完成 ---
最优得分: -26400.0
['DRAM', 'GlobalBuffer', 'DummyBuffer', 'InputRegFile', 'WeightRegFile', 'PsumRegFile'] [1, 1, 16, 256, 256, 256, 256] [inf, 131072, 4, 12, 192, 16]
[1, 16, 16, 1, 1, 1]
100
genetic algorithm

--- 搜索完成 ---
最优得分: -28200.0
['DRAM', 'GlobalBuffer', 'DummyBuffer', 'InputRegFile', 'WeightRegFile', 'PsumRegFile'] [1, 1, 16, 256, 256, 256, 256] [inf, 131072, 4, 12, 192, 16]
[1, 16, 16, 1, 1, 1]
100
网络: GCN_reddit, 层数: 3
['DRAM', 'GlobalBuffer', 'DummyBuffer', 'InputRegFile', 'WeightRegFile', 'PsumRegFile'] [1, 1, 16, 256, 256, 256, 256] [inf, 131072, 4, 12, 192, 16]
[1, 16, 16, 1, 1, 1]
100
random

--- 搜索完成 ---
最优得分: -914000000000.0
['DRAM', 'GlobalBuffer', 'DummyBuffer', 'InputRegFile', 'WeightRegFile', 'PsumRegFile'] [1, 1, 16, 256, 256, 256, 256] [inf, 131072, 4, 12, 192, 16]
[1, 16, 16, 1, 1, 1]
100
genetic algorithm

--- 搜索完成 ---
最优得分: -1010000000000.0
['DRAM', 'GlobalBuffer', 'DummyBuffer', 'InputRegFile', 'WeightRegFile', 'PsumRegFile'] [1, 1, 16, 256, 256, 256, 256] [inf, 131072, 4, 12, 192, 16]
[1, 16, 16, 1, 1, 1]
100
