网络: alexnet, 层数: 0
['DRAM', 'SMEM', 'RF', 'LRF'] [1, 1, 4, 1024, 1024] [inf, 262144, 2048, 1]
[1, 4, 256, 1]
100
random

--- 搜索完成 ---
最优得分: -21.6
['DRAM', 'SMEM', 'RF', 'LRF'] [1, 1, 4, 1024, 1024] [inf, 262144, 2048, 1]
[1, 4, 256, 1]
100
genetic algorithm

--- 搜索完成 ---
最优得分: -26.6
['DRAM', 'SMEM', 'RF', 'LRF'] [1, 1, 4, 1024, 1024] [inf, 262144, 2048, 1]
[1, 4, 256, 1]
100
reinforcement learning

--- 搜索完成 ---
最优得分: -37.3
网络: alexnet, 层数: 1
['DRAM', 'SMEM', 'RF', 'LRF'] [1, 1, 4, 1024, 1024] [inf, 262144, 2048, 1]
[1, 4, 256, 1]
100
random

--- 搜索完成 ---
最优得分: -702.0
['DRAM', 'SMEM', 'RF', 'LRF'] [1, 1, 4, 1024, 1024] [inf, 262144, 2048, 1]
[1, 4, 256, 1]
100
genetic algorithm

--- 搜索完成 ---
最优得分: -781.0
['DRAM', 'SMEM', 'RF', 'LRF'] [1, 1, 4, 1024, 1024] [inf, 262144, 2048, 1]
[1, 4, 256, 1]
100
reinforcement learning

--- 搜索完成 ---
最优得分: -990.0
网络: alexnet, 层数: 2
['DRAM', 'SMEM', 'RF', 'LRF'] [1, 1, 4, 1024, 1024] [inf, 262144, 2048, 1]
[1, 4, 256, 1]
100
random

--- 搜索完成 ---
最优得分: -130.0
['DRAM', 'SMEM', 'RF', 'LRF'] [1, 1, 4, 1024, 1024] [inf, 262144, 2048, 1]
[1, 4, 256, 1]
100
genetic algorithm

--- 搜索完成 ---
最优得分: -127.0
['DRAM', 'SMEM', 'RF', 'LRF'] [1, 1, 4, 1024, 1024] [inf, 262144, 2048, 1]
[1, 4, 256, 1]
100
reinforcement learning

--- 搜索完成 ---
最优得分: -84.8
网络: alexnet, 层数: 3
['DRAM', 'SMEM', 'RF', 'LRF'] [1, 1, 4, 1024, 1024] [inf, 262144, 2048, 1]
[1, 4, 256, 1]
100
random

--- 搜索完成 ---
最优得分: -215.0
['DRAM', 'SMEM', 'RF', 'LRF'] [1, 1, 4, 1024, 1024] [inf, 262144, 2048, 1]
[1, 4, 256, 1]
100
genetic algorithm

--- 搜索完成 ---
最优得分: -208.0
['DRAM', 'SMEM', 'RF', 'LRF'] [1, 1, 4, 1024, 1024] [inf, 262144, 2048, 1]
[1, 4, 256, 1]
100
reinforcement learning

--- 搜索完成 ---
最优得分: -247.0
网络: alexnet, 层数: 4
['DRAM', 'SMEM', 'RF', 'LRF'] [1, 1, 4, 1024, 1024] [inf, 262144, 2048, 1]
[1, 4, 256, 1]
100
random

--- 搜索完成 ---
最优得分: -81.2
['DRAM', 'SMEM', 'RF', 'LRF'] [1, 1, 4, 1024, 1024] [inf, 262144, 2048, 1]
[1, 4, 256, 1]
100
genetic algorithm

--- 搜索完成 ---
最优得分: -206.0
['DRAM', 'SMEM', 'RF', 'LRF'] [1, 1, 4, 1024, 1024] [inf, 262144, 2048, 1]
[1, 4, 256, 1]
100
reinforcement learning

--- 搜索完成 ---
最优得分: -119.0
网络: alexnet, 层数: 5
['DRAM', 'SMEM', 'RF', 'LRF'] [1, 1, 4, 1024, 1024] [inf, 262144, 2048, 1]
[1, 4, 256, 1]
100
random

--- 搜索完成 ---
最优得分: -20400.0
['DRAM', 'SMEM', 'RF', 'LRF'] [1, 1, 4, 1024, 1024] [inf, 262144, 2048, 1]
[1, 4, 256, 1]
100
genetic algorithm

--- 搜索完成 ---
最优得分: -20400.0
['DRAM', 'SMEM', 'RF', 'LRF'] [1, 1, 4, 1024, 1024] [inf, 262144, 2048, 1]
[1, 4, 256, 1]
100
reinforcement learning

--- 搜索完成 ---
最优得分: -20400.0
网络: alexnet, 层数: 6
['DRAM', 'SMEM', 'RF', 'LRF'] [1, 1, 4, 1024, 1024] [inf, 262144, 2048, 1]
[1, 4, 256, 1]
100
random

--- 搜索完成 ---
最优得分: -4040.0
['DRAM', 'SMEM', 'RF', 'LRF'] [1, 1, 4, 1024, 1024] [inf, 262144, 2048, 1]
[1, 4, 256, 1]
100
genetic algorithm

--- 搜索完成 ---
最优得分: -4040.0
['DRAM', 'SMEM', 'RF', 'LRF'] [1, 1, 4, 1024, 1024] [inf, 262144, 2048, 1]
[1, 4, 256, 1]
100
reinforcement learning

--- 搜索完成 ---
最优得分: -4040.0
网络: alexnet, 层数: 7
['DRAM', 'SMEM', 'RF', 'LRF'] [1, 1, 4, 1024, 1024] [inf, 262144, 2048, 1]
[1, 4, 256, 1]
100
random

--- 搜索完成 ---
最优得分: -241.0
['DRAM', 'SMEM', 'RF', 'LRF'] [1, 1, 4, 1024, 1024] [inf, 262144, 2048, 1]
[1, 4, 256, 1]
100
genetic algorithm

--- 搜索完成 ---
最优得分: -241.0
['DRAM', 'SMEM', 'RF', 'LRF'] [1, 1, 4, 1024, 1024] [inf, 262144, 2048, 1]
[1, 4, 256, 1]
100
reinforcement learning

--- 搜索完成 ---
最优得分: -241.0
网络: resnet50, 层数: 0
['DRAM', 'SMEM', 'RF', 'LRF'] [1, 1, 4, 1024, 1024] [inf, 262144, 2048, 1]
[1, 4, 256, 1]
100
random

--- 搜索完成 ---
最优得分: -67.1
['DRAM', 'SMEM', 'RF', 'LRF'] [1, 1, 4, 1024, 1024] [inf, 262144, 2048, 1]
[1, 4, 256, 1]
100
genetic algorithm

--- 搜索完成 ---
最优得分: -70.0
['DRAM', 'SMEM', 'RF', 'LRF'] [1, 1, 4, 1024, 1024] [inf, 262144, 2048, 1]
[1, 4, 256, 1]
100
reinforcement learning

--- 搜索完成 ---
最优得分: -53.6
网络: resnet50, 层数: 1
['DRAM', 'SMEM', 'RF', 'LRF'] [1, 1, 4, 1024, 1024] [inf, 262144, 2048, 1]
[1, 4, 256, 1]
100
random

--- 搜索完成 ---
最优得分: -1.54
['DRAM', 'SMEM', 'RF', 'LRF'] [1, 1, 4, 1024, 1024] [inf, 262144, 2048, 1]
[1, 4, 256, 1]
100
genetic algorithm

--- 搜索完成 ---
最优得分: -1.77
['DRAM', 'SMEM', 'RF', 'LRF'] [1, 1, 4, 1024, 1024] [inf, 262144, 2048, 1]
[1, 4, 256, 1]
100
reinforcement learning

--- 搜索完成 ---
最优得分: -1.62
网络: resnet50, 层数: 2
['DRAM', 'SMEM', 'RF', 'LRF'] [1, 1, 4, 1024, 1024] [inf, 262144, 2048, 1]
[1, 4, 256, 1]
100
random

--- 搜索完成 ---
最优得分: -39.5
['DRAM', 'SMEM', 'RF', 'LRF'] [1, 1, 4, 1024, 1024] [inf, 262144, 2048, 1]
[1, 4, 256, 1]
100
genetic algorithm

--- 搜索完成 ---
最优得分: -106.0
['DRAM', 'SMEM', 'RF', 'LRF'] [1, 1, 4, 1024, 1024] [inf, 262144, 2048, 1]
[1, 4, 256, 1]
100
reinforcement learning

--- 搜索完成 ---
最优得分: -30.6
网络: resnet50, 层数: 3
['DRAM', 'SMEM', 'RF', 'LRF'] [1, 1, 4, 1024, 1024] [inf, 262144, 2048, 1]
[1, 4, 256, 1]
100
random

--- 搜索完成 ---
最优得分: -15.9
['DRAM', 'SMEM', 'RF', 'LRF'] [1, 1, 4, 1024, 1024] [inf, 262144, 2048, 1]
[1, 4, 256, 1]
100
genetic algorithm

--- 搜索完成 ---
最优得分: -15.7
['DRAM', 'SMEM', 'RF', 'LRF'] [1, 1, 4, 1024, 1024] [inf, 262144, 2048, 1]
[1, 4, 256, 1]
100
reinforcement learning

--- 搜索完成 ---
最优得分: -15.6
网络: resnet50, 层数: 4
['DRAM', 'SMEM', 'RF', 'LRF'] [1, 1, 4, 1024, 1024] [inf, 262144, 2048, 1]
[1, 4, 256, 1]
100
random

--- 搜索完成 ---
最优得分: -19.3
['DRAM', 'SMEM', 'RF', 'LRF'] [1, 1, 4, 1024, 1024] [inf, 262144, 2048, 1]
[1, 4, 256, 1]
100
genetic algorithm

--- 搜索完成 ---
最优得分: -17.3
['DRAM', 'SMEM', 'RF', 'LRF'] [1, 1, 4, 1024, 1024] [inf, 262144, 2048, 1]
[1, 4, 256, 1]
100
reinforcement learning

--- 搜索完成 ---
最优得分: -18.4
网络: resnet50, 层数: 5
['DRAM', 'SMEM', 'RF', 'LRF'] [1, 1, 4, 1024, 1024] [inf, 262144, 2048, 1]
[1, 4, 256, 1]
100
random

--- 搜索完成 ---
最优得分: -43.3
['DRAM', 'SMEM', 'RF', 'LRF'] [1, 1, 4, 1024, 1024] [inf, 262144, 2048, 1]
[1, 4, 256, 1]
100
genetic algorithm

--- 搜索完成 ---
最优得分: -51.0
['DRAM', 'SMEM', 'RF', 'LRF'] [1, 1, 4, 1024, 1024] [inf, 262144, 2048, 1]
[1, 4, 256, 1]
100
reinforcement learning

--- 搜索完成 ---
最优得分: -33.6
网络: resnet50, 层数: 6
['DRAM', 'SMEM', 'RF', 'LRF'] [1, 1, 4, 1024, 1024] [inf, 262144, 2048, 1]
[1, 4, 256, 1]
100
random

--- 搜索完成 ---
最优得分: -56.3
['DRAM', 'SMEM', 'RF', 'LRF'] [1, 1, 4, 1024, 1024] [inf, 262144, 2048, 1]
[1, 4, 256, 1]
100
genetic algorithm

--- 搜索完成 ---
最优得分: -211.0
['DRAM', 'SMEM', 'RF', 'LRF'] [1, 1, 4, 1024, 1024] [inf, 262144, 2048, 1]
[1, 4, 256, 1]
100
reinforcement learning

--- 搜索完成 ---
最优得分: -53.7
网络: resnet50, 层数: 7
['DRAM', 'SMEM', 'RF', 'LRF'] [1, 1, 4, 1024, 1024] [inf, 262144, 2048, 1]
[1, 4, 256, 1]
100
random

--- 搜索完成 ---
最优得分: -10.0
['DRAM', 'SMEM', 'RF', 'LRF'] [1, 1, 4, 1024, 1024] [inf, 262144, 2048, 1]
[1, 4, 256, 1]
100
genetic algorithm

--- 搜索完成 ---
最优得分: -14.2
['DRAM', 'SMEM', 'RF', 'LRF'] [1, 1, 4, 1024, 1024] [inf, 262144, 2048, 1]
[1, 4, 256, 1]
100
reinforcement learning

--- 搜索完成 ---
最优得分: -10.5
网络: resnet50, 层数: 8
['DRAM', 'SMEM', 'RF', 'LRF'] [1, 1, 4, 1024, 1024] [inf, 262144, 2048, 1]
[1, 4, 256, 1]
100
random

--- 搜索完成 ---
最优得分: -57.2
['DRAM', 'SMEM', 'RF', 'LRF'] [1, 1, 4, 1024, 1024] [inf, 262144, 2048, 1]
[1, 4, 256, 1]
100
genetic algorithm

--- 搜索完成 ---
最优得分: -42.5
['DRAM', 'SMEM', 'RF', 'LRF'] [1, 1, 4, 1024, 1024] [inf, 262144, 2048, 1]
[1, 4, 256, 1]
100
reinforcement learning

--- 搜索完成 ---
最优得分: -46.7
网络: resnet50, 层数: 9
['DRAM', 'SMEM', 'RF', 'LRF'] [1, 1, 4, 1024, 1024] [inf, 262144, 2048, 1]
[1, 4, 256, 1]
100
random

--- 搜索完成 ---
最优得分: -13.9
['DRAM', 'SMEM', 'RF', 'LRF'] [1, 1, 4, 1024, 1024] [inf, 262144, 2048, 1]
[1, 4, 256, 1]
100
genetic algorithm

--- 搜索完成 ---
最优得分: -11.7
['DRAM', 'SMEM', 'RF', 'LRF'] [1, 1, 4, 1024, 1024] [inf, 262144, 2048, 1]
[1, 4, 256, 1]
100
reinforcement learning

--- 搜索完成 ---
最优得分: -11.6
网络: resnet50, 层数: 10
['DRAM', 'SMEM', 'RF', 'LRF'] [1, 1, 4, 1024, 1024] [inf, 262144, 2048, 1]
[1, 4, 256, 1]
100
random

--- 搜索完成 ---
最优得分: -81.4
['DRAM', 'SMEM', 'RF', 'LRF'] [1, 1, 4, 1024, 1024] [inf, 262144, 2048, 1]
[1, 4, 256, 1]
100
genetic algorithm

--- 搜索完成 ---
最优得分: -74.2
['DRAM', 'SMEM', 'RF', 'LRF'] [1, 1, 4, 1024, 1024] [inf, 262144, 2048, 1]
[1, 4, 256, 1]
100
reinforcement learning

--- 搜索完成 ---
最优得分: -36.0
网络: resnet50, 层数: 11
['DRAM', 'SMEM', 'RF', 'LRF'] [1, 1, 4, 1024, 1024] [inf, 262144, 2048, 1]
[1, 4, 256, 1]
100
random

--- 搜索完成 ---
最优得分: -46.1
['DRAM', 'SMEM', 'RF', 'LRF'] [1, 1, 4, 1024, 1024] [inf, 262144, 2048, 1]
[1, 4, 256, 1]
100
genetic algorithm

--- 搜索完成 ---
最优得分: -53.7
['DRAM', 'SMEM', 'RF', 'LRF'] [1, 1, 4, 1024, 1024] [inf, 262144, 2048, 1]
[1, 4, 256, 1]
100
reinforcement learning

--- 搜索完成 ---
最优得分: -39.0
网络: resnet50, 层数: 12
['DRAM', 'SMEM', 'RF', 'LRF'] [1, 1, 4, 1024, 1024] [inf, 262144, 2048, 1]
[1, 4, 256, 1]
100
random

--- 搜索完成 ---
最优得分: -106.0
['DRAM', 'SMEM', 'RF', 'LRF'] [1, 1, 4, 1024, 1024] [inf, 262144, 2048, 1]
[1, 4, 256, 1]
100
genetic algorithm

--- 搜索完成 ---
最优得分: -177.0
['DRAM', 'SMEM', 'RF', 'LRF'] [1, 1, 4, 1024, 1024] [inf, 262144, 2048, 1]
[1, 4, 256, 1]
100
reinforcement learning

--- 搜索完成 ---
最优得分: -70.5
网络: resnet50, 层数: 13
['DRAM', 'SMEM', 'RF', 'LRF'] [1, 1, 4, 1024, 1024] [inf, 262144, 2048, 1]
[1, 4, 256, 1]
100
random

--- 搜索完成 ---
最优得分: -12.2
['DRAM', 'SMEM', 'RF', 'LRF'] [1, 1, 4, 1024, 1024] [inf, 262144, 2048, 1]
[1, 4, 256, 1]
100
genetic algorithm

--- 搜索完成 ---
最优得分: -13.9
['DRAM', 'SMEM', 'RF', 'LRF'] [1, 1, 4, 1024, 1024] [inf, 262144, 2048, 1]
[1, 4, 256, 1]
100
reinforcement learning

--- 搜索完成 ---
最优得分: -15.2
网络: resnet50, 层数: 14
['DRAM', 'SMEM', 'RF', 'LRF'] [1, 1, 4, 1024, 1024] [inf, 262144, 2048, 1]
[1, 4, 256, 1]
100
random

--- 搜索完成 ---
最优得分: -79.8
['DRAM', 'SMEM', 'RF', 'LRF'] [1, 1, 4, 1024, 1024] [inf, 262144, 2048, 1]
[1, 4, 256, 1]
100
genetic algorithm

--- 搜索完成 ---
最优得分: -57.3
['DRAM', 'SMEM', 'RF', 'LRF'] [1, 1, 4, 1024, 1024] [inf, 262144, 2048, 1]
[1, 4, 256, 1]
100
reinforcement learning

--- 搜索完成 ---
最优得分: -63.2
网络: resnet50, 层数: 15
['DRAM', 'SMEM', 'RF', 'LRF'] [1, 1, 4, 1024, 1024] [inf, 262144, 2048, 1]
[1, 4, 256, 1]
100
random

--- 搜索完成 ---
最优得分: -14.3
['DRAM', 'SMEM', 'RF', 'LRF'] [1, 1, 4, 1024, 1024] [inf, 262144, 2048, 1]
[1, 4, 256, 1]
100
genetic algorithm

--- 搜索完成 ---
最优得分: -17.6
['DRAM', 'SMEM', 'RF', 'LRF'] [1, 1, 4, 1024, 1024] [inf, 262144, 2048, 1]
[1, 4, 256, 1]
100
reinforcement learning

--- 搜索完成 ---
最优得分: -13.8
网络: resnet50, 层数: 16
['DRAM', 'SMEM', 'RF', 'LRF'] [1, 1, 4, 1024, 1024] [inf, 262144, 2048, 1]
[1, 4, 256, 1]
100
random

--- 搜索完成 ---
最优得分: -92.6
['DRAM', 'SMEM', 'RF', 'LRF'] [1, 1, 4, 1024, 1024] [inf, 262144, 2048, 1]
[1, 4, 256, 1]
100
genetic algorithm

--- 搜索完成 ---
最优得分: -151.0
['DRAM', 'SMEM', 'RF', 'LRF'] [1, 1, 4, 1024, 1024] [inf, 262144, 2048, 1]
[1, 4, 256, 1]
100
reinforcement learning

--- 搜索完成 ---
最优得分: -129.0
网络: resnet50, 层数: 17
['DRAM', 'SMEM', 'RF', 'LRF'] [1, 1, 4, 1024, 1024] [inf, 262144, 2048, 1]
[1, 4, 256, 1]
100
random

--- 搜索完成 ---
最优得分: -52.8
['DRAM', 'SMEM', 'RF', 'LRF'] [1, 1, 4, 1024, 1024] [inf, 262144, 2048, 1]
[1, 4, 256, 1]
100
genetic algorithm

--- 搜索完成 ---
最优得分: -62.4
['DRAM', 'SMEM', 'RF', 'LRF'] [1, 1, 4, 1024, 1024] [inf, 262144, 2048, 1]
[1, 4, 256, 1]
100
reinforcement learning

--- 搜索完成 ---
最优得分: -56.6
网络: resnet50, 层数: 18
['DRAM', 'SMEM', 'RF', 'LRF'] [1, 1, 4, 1024, 1024] [inf, 262144, 2048, 1]
[1, 4, 256, 1]
100
random

--- 搜索完成 ---
最优得分: -266.0
['DRAM', 'SMEM', 'RF', 'LRF'] [1, 1, 4, 1024, 1024] [inf, 262144, 2048, 1]
[1, 4, 256, 1]
100
genetic algorithm

--- 搜索完成 ---
最优得分: -331.0
['DRAM', 'SMEM', 'RF', 'LRF'] [1, 1, 4, 1024, 1024] [inf, 262144, 2048, 1]
[1, 4, 256, 1]
100
reinforcement learning

--- 搜索完成 ---
最优得分: -255.0
网络: resnet50, 层数: 19
['DRAM', 'SMEM', 'RF', 'LRF'] [1, 1, 4, 1024, 1024] [inf, 262144, 2048, 1]
[1, 4, 256, 1]
100
random

--- 搜索完成 ---
最优得分: -28.1
['DRAM', 'SMEM', 'RF', 'LRF'] [1, 1, 4, 1024, 1024] [inf, 262144, 2048, 1]
[1, 4, 256, 1]
100
genetic algorithm

--- 搜索完成 ---
最优得分: -32.9
['DRAM', 'SMEM', 'RF', 'LRF'] [1, 1, 4, 1024, 1024] [inf, 262144, 2048, 1]
[1, 4, 256, 1]
100
reinforcement learning

--- 搜索完成 ---
最优得分: -43.2
网络: resnet50, 层数: 20
['DRAM', 'SMEM', 'RF', 'LRF'] [1, 1, 4, 1024, 1024] [inf, 262144, 2048, 1]
[1, 4, 256, 1]
100
random

--- 搜索完成 ---
最优得分: -234.0
['DRAM', 'SMEM', 'RF', 'LRF'] [1, 1, 4, 1024, 1024] [inf, 262144, 2048, 1]
[1, 4, 256, 1]
100
genetic algorithm

--- 搜索完成 ---
最优得分: -224.0
['DRAM', 'SMEM', 'RF', 'LRF'] [1, 1, 4, 1024, 1024] [inf, 262144, 2048, 1]
[1, 4, 256, 1]
100
reinforcement learning

--- 搜索完成 ---
最优得分: -220.0
网络: resnet50, 层数: 21
['DRAM', 'SMEM', 'RF', 'LRF'] [1, 1, 4, 1024, 1024] [inf, 262144, 2048, 1]
[1, 4, 256, 1]
100
random

--- 搜索完成 ---
最优得分: -45.8
['DRAM', 'SMEM', 'RF', 'LRF'] [1, 1, 4, 1024, 1024] [inf, 262144, 2048, 1]
[1, 4, 256, 1]
100
genetic algorithm

--- 搜索完成 ---
最优得分: -41.3
['DRAM', 'SMEM', 'RF', 'LRF'] [1, 1, 4, 1024, 1024] [inf, 262144, 2048, 1]
[1, 4, 256, 1]
100
reinforcement learning

--- 搜索完成 ---
最优得分: -43.0
网络: resnet50, 层数: 22
['DRAM', 'SMEM', 'RF', 'LRF'] [1, 1, 4, 1024, 1024] [inf, 262144, 2048, 1]
[1, 4, 256, 1]
100
random

--- 搜索完成 ---
最优得分: -227.0
['DRAM', 'SMEM', 'RF', 'LRF'] [1, 1, 4, 1024, 1024] [inf, 262144, 2048, 1]
[1, 4, 256, 1]
100
genetic algorithm

--- 搜索完成 ---
最优得分: -401.0
['DRAM', 'SMEM', 'RF', 'LRF'] [1, 1, 4, 1024, 1024] [inf, 262144, 2048, 1]
[1, 4, 256, 1]
100
reinforcement learning

--- 搜索完成 ---
最优得分: -237.0
网络: resnet50, 层数: 23
['DRAM', 'SMEM', 'RF', 'LRF'] [1, 1, 4, 1024, 1024] [inf, 262144, 2048, 1]
[1, 4, 256, 1]
100
random

--- 搜索完成 ---
最优得分: -60.3
['DRAM', 'SMEM', 'RF', 'LRF'] [1, 1, 4, 1024, 1024] [inf, 262144, 2048, 1]
[1, 4, 256, 1]
100
genetic algorithm

--- 搜索完成 ---
最优得分: -60.3
['DRAM', 'SMEM', 'RF', 'LRF'] [1, 1, 4, 1024, 1024] [inf, 262144, 2048, 1]
[1, 4, 256, 1]
100
reinforcement learning

--- 搜索完成 ---
最优得分: -60.4
网络: unet, 层数: 0
['DRAM', 'SMEM', 'RF', 'LRF'] [1, 1, 4, 1024, 1024] [inf, 262144, 2048, 1]
[1, 4, 256, 1]
100
random

--- 搜索完成 ---
最优得分: -6130.0
['DRAM', 'SMEM', 'RF', 'LRF'] [1, 1, 4, 1024, 1024] [inf, 262144, 2048, 1]
[1, 4, 256, 1]
100
genetic algorithm

--- 搜索完成 ---
最优得分: -6140.0
['DRAM', 'SMEM', 'RF', 'LRF'] [1, 1, 4, 1024, 1024] [inf, 262144, 2048, 1]
[1, 4, 256, 1]
100
reinforcement learning

--- 搜索完成 ---
最优得分: -6130.0
网络: unet, 层数: 1
['DRAM', 'SMEM', 'RF', 'LRF'] [1, 1, 4, 1024, 1024] [inf, 262144, 2048, 1]
[1, 4, 256, 1]
100
random

--- 搜索完成 ---
最优得分: -326000.0
['DRAM', 'SMEM', 'RF', 'LRF'] [1, 1, 4, 1024, 1024] [inf, 262144, 2048, 1]
[1, 4, 256, 1]
100
genetic algorithm

--- 搜索完成 ---
最优得分: -389000.0
['DRAM', 'SMEM', 'RF', 'LRF'] [1, 1, 4, 1024, 1024] [inf, 262144, 2048, 1]
[1, 4, 256, 1]
100
reinforcement learning

--- 搜索完成 ---
最优得分: -297000.0
网络: unet, 层数: 2
['DRAM', 'SMEM', 'RF', 'LRF'] [1, 1, 4, 1024, 1024] [inf, 262144, 2048, 1]
[1, 4, 256, 1]
100
random

--- 搜索完成 ---
最优得分: -77700.0
['DRAM', 'SMEM', 'RF', 'LRF'] [1, 1, 4, 1024, 1024] [inf, 262144, 2048, 1]
[1, 4, 256, 1]
100
genetic algorithm

--- 搜索完成 ---
最优得分: -178000.0
['DRAM', 'SMEM', 'RF', 'LRF'] [1, 1, 4, 1024, 1024] [inf, 262144, 2048, 1]
[1, 4, 256, 1]
100
reinforcement learning

--- 搜索完成 ---
最优得分: -70400.0
网络: unet, 层数: 3
['DRAM', 'SMEM', 'RF', 'LRF'] [1, 1, 4, 1024, 1024] [inf, 262144, 2048, 1]
[1, 4, 256, 1]
100
random

--- 搜索完成 ---
最优得分: -390000.0
['DRAM', 'SMEM', 'RF', 'LRF'] [1, 1, 4, 1024, 1024] [inf, 262144, 2048, 1]
[1, 4, 256, 1]
100
genetic algorithm

--- 搜索完成 ---
最优得分: -483000.0
['DRAM', 'SMEM', 'RF', 'LRF'] [1, 1, 4, 1024, 1024] [inf, 262144, 2048, 1]
[1, 4, 256, 1]
100
reinforcement learning

--- 搜索完成 ---
最优得分: -410000.0
网络: unet, 层数: 4
['DRAM', 'SMEM', 'RF', 'LRF'] [1, 1, 4, 1024, 1024] [inf, 262144, 2048, 1]
[1, 4, 256, 1]
100
random

--- 搜索完成 ---
最优得分: -84000.0
['DRAM', 'SMEM', 'RF', 'LRF'] [1, 1, 4, 1024, 1024] [inf, 262144, 2048, 1]
[1, 4, 256, 1]
100
genetic algorithm

--- 搜索完成 ---
最优得分: -85400.0
['DRAM', 'SMEM', 'RF', 'LRF'] [1, 1, 4, 1024, 1024] [inf, 262144, 2048, 1]
[1, 4, 256, 1]
100
reinforcement learning

--- 搜索完成 ---
最优得分: -92100.0
网络: unet, 层数: 5
['DRAM', 'SMEM', 'RF', 'LRF'] [1, 1, 4, 1024, 1024] [inf, 262144, 2048, 1]
[1, 4, 256, 1]
100
random

--- 搜索完成 ---
最优得分: -494000.0
['DRAM', 'SMEM', 'RF', 'LRF'] [1, 1, 4, 1024, 1024] [inf, 262144, 2048, 1]
[1, 4, 256, 1]
100
