网络: unet, 层数: 6
['DRAM', 'SMEM', 'RF', 'LRF'] [1, 1, 4, 1024, 1024] [inf, 262144, 2048, 1]
[1, 4, 256, 1]
100
random

--- 搜索完成 ---
最优得分: -105000.0
['DRAM', 'SMEM', 'RF', 'LRF'] [1, 1, 4, 1024, 1024] [inf, 262144, 2048, 1]
[1, 4, 256, 1]
100
genetic algorithm

--- 搜索完成 ---
最优得分: -175000.0
['DRAM', 'SMEM', 'RF', 'LRF'] [1, 1, 4, 1024, 1024] [inf, 262144, 2048, 1]
[1, 4, 256, 1]
100
reinforcement learning

--- 搜索完成 ---
最优得分: -138000.0
网络: unet, 层数: 7
['DRAM', 'SMEM', 'RF', 'LRF'] [1, 1, 4, 1024, 1024] [inf, 262144, 2048, 1]
[1, 4, 256, 1]
100
random

--- 搜索完成 ---
最优得分: -441000.0
['DRAM', 'SMEM', 'RF', 'LRF'] [1, 1, 4, 1024, 1024] [inf, 262144, 2048, 1]
[1, 4, 256, 1]
100
genetic algorithm

--- 搜索完成 ---
最优得分: -541000.0
['DRAM', 'SMEM', 'RF', 'LRF'] [1, 1, 4, 1024, 1024] [inf, 262144, 2048, 1]
[1, 4, 256, 1]
100
reinforcement learning

--- 搜索完成 ---
最优得分: -451000.0
网络: unet, 层数: 8
['DRAM', 'SMEM', 'RF', 'LRF'] [1, 1, 4, 1024, 1024] [inf, 262144, 2048, 1]
[1, 4, 256, 1]
100
random

--- 搜索完成 ---
最优得分: -122000.0
['DRAM', 'SMEM', 'RF', 'LRF'] [1, 1, 4, 1024, 1024] [inf, 262144, 2048, 1]
[1, 4, 256, 1]
100
genetic algorithm

--- 搜索完成 ---
最优得分: -133000.0
['DRAM', 'SMEM', 'RF', 'LRF'] [1, 1, 4, 1024, 1024] [inf, 262144, 2048, 1]
[1, 4, 256, 1]
100
reinforcement learning

--- 搜索完成 ---
最优得分: -137000.0
网络: unet, 层数: 9
['DRAM', 'SMEM', 'RF', 'LRF'] [1, 1, 4, 1024, 1024] [inf, 262144, 2048, 1]
[1, 4, 256, 1]
100
random

--- 搜索完成 ---
最优得分: -457000.0
['DRAM', 'SMEM', 'RF', 'LRF'] [1, 1, 4, 1024, 1024] [inf, 262144, 2048, 1]
[1, 4, 256, 1]
100
genetic algorithm

--- 搜索完成 ---
最优得分: -295000.0
['DRAM', 'SMEM', 'RF', 'LRF'] [1, 1, 4, 1024, 1024] [inf, 262144, 2048, 1]
[1, 4, 256, 1]
100
reinforcement learning

--- 搜索完成 ---
最优得分: -425000.0
网络: unet, 层数: 10
['DRAM', 'SMEM', 'RF', 'LRF'] [1, 1, 4, 1024, 1024] [inf, 262144, 2048, 1]
[1, 4, 256, 1]
100
random

--- 搜索完成 ---
最优得分: -18700.0
['DRAM', 'SMEM', 'RF', 'LRF'] [1, 1, 4, 1024, 1024] [inf, 262144, 2048, 1]
[1, 4, 256, 1]
100
genetic algorithm

--- 搜索完成 ---
最优得分: -11600.0
['DRAM', 'SMEM', 'RF', 'LRF'] [1, 1, 4, 1024, 1024] [inf, 262144, 2048, 1]
[1, 4, 256, 1]
100
reinforcement learning

--- 搜索完成 ---
最优得分: -16400.0
网络: unet, 层数: 11
['DRAM', 'SMEM', 'RF', 'LRF'] [1, 1, 4, 1024, 1024] [inf, 262144, 2048, 1]
[1, 4, 256, 1]
100
random

--- 搜索完成 ---
最优得分: -813000.0
['DRAM', 'SMEM', 'RF', 'LRF'] [1, 1, 4, 1024, 1024] [inf, 262144, 2048, 1]
[1, 4, 256, 1]
100
genetic algorithm

--- 搜索完成 ---
最优得分: -1320000.0
['DRAM', 'SMEM', 'RF', 'LRF'] [1, 1, 4, 1024, 1024] [inf, 262144, 2048, 1]
[1, 4, 256, 1]
100
reinforcement learning

--- 搜索完成 ---
最优得分: -736000.0
网络: unet, 层数: 12
['DRAM', 'SMEM', 'RF', 'LRF'] [1, 1, 4, 1024, 1024] [inf, 262144, 2048, 1]
[1, 4, 256, 1]
100
random

--- 搜索完成 ---
最优得分: -220000.0
['DRAM', 'SMEM', 'RF', 'LRF'] [1, 1, 4, 1024, 1024] [inf, 262144, 2048, 1]
[1, 4, 256, 1]
100
genetic algorithm

--- 搜索完成 ---
最优得分: -268000.0
['DRAM', 'SMEM', 'RF', 'LRF'] [1, 1, 4, 1024, 1024] [inf, 262144, 2048, 1]
[1, 4, 256, 1]
100
reinforcement learning

--- 搜索完成 ---
最优得分: -243000.0
网络: unet, 层数: 13
['DRAM', 'SMEM', 'RF', 'LRF'] [1, 1, 4, 1024, 1024] [inf, 262144, 2048, 1]
[1, 4, 256, 1]
100
random

--- 搜索完成 ---
最优得分: -31600.0
['DRAM', 'SMEM', 'RF', 'LRF'] [1, 1, 4, 1024, 1024] [inf, 262144, 2048, 1]
[1, 4, 256, 1]
100
genetic algorithm

--- 搜索完成 ---
最优得分: -29800.0
['DRAM', 'SMEM', 'RF', 'LRF'] [1, 1, 4, 1024, 1024] [inf, 262144, 2048, 1]
[1, 4, 256, 1]
100
reinforcement learning

--- 搜索完成 ---
最优得分: -28100.0
网络: unet, 层数: 14
['DRAM', 'SMEM', 'RF', 'LRF'] [1, 1, 4, 1024, 1024] [inf, 262144, 2048, 1]
[1, 4, 256, 1]
100
random

--- 搜索完成 ---
最优得分: -286000.0
['DRAM', 'SMEM', 'RF', 'LRF'] [1, 1, 4, 1024, 1024] [inf, 262144, 2048, 1]
[1, 4, 256, 1]
100
genetic algorithm

--- 搜索完成 ---
最优得分: -765000.0
['DRAM', 'SMEM', 'RF', 'LRF'] [1, 1, 4, 1024, 1024] [inf, 262144, 2048, 1]
[1, 4, 256, 1]
100
reinforcement learning

--- 搜索完成 ---
最优得分: -591000.0
网络: unet, 层数: 15
['DRAM', 'SMEM', 'RF', 'LRF'] [1, 1, 4, 1024, 1024] [inf, 262144, 2048, 1]
[1, 4, 256, 1]
100
random

--- 搜索完成 ---
最优得分: -99800.0
['DRAM', 'SMEM', 'RF', 'LRF'] [1, 1, 4, 1024, 1024] [inf, 262144, 2048, 1]
[1, 4, 256, 1]
100
genetic algorithm

--- 搜索完成 ---
最优得分: -179000.0
['DRAM', 'SMEM', 'RF', 'LRF'] [1, 1, 4, 1024, 1024] [inf, 262144, 2048, 1]
[1, 4, 256, 1]
100
reinforcement learning

--- 搜索完成 ---
最优得分: -155000.0
网络: unet, 层数: 16
['DRAM', 'SMEM', 'RF', 'LRF'] [1, 1, 4, 1024, 1024] [inf, 262144, 2048, 1]
[1, 4, 256, 1]
100
random

--- 搜索完成 ---
最优得分: -5010.0
['DRAM', 'SMEM', 'RF', 'LRF'] [1, 1, 4, 1024, 1024] [inf, 262144, 2048, 1]
[1, 4, 256, 1]
100
genetic algorithm

--- 搜索完成 ---
最优得分: -5710.0
['DRAM', 'SMEM', 'RF', 'LRF'] [1, 1, 4, 1024, 1024] [inf, 262144, 2048, 1]
[1, 4, 256, 1]
100
reinforcement learning

--- 搜索完成 ---
最优得分: -4250.0
网络: unet, 层数: 17
['DRAM', 'SMEM', 'RF', 'LRF'] [1, 1, 4, 1024, 1024] [inf, 262144, 2048, 1]
[1, 4, 256, 1]
100
random

--- 搜索完成 ---
最优得分: -454000.0
['DRAM', 'SMEM', 'RF', 'LRF'] [1, 1, 4, 1024, 1024] [inf, 262144, 2048, 1]
[1, 4, 256, 1]
100
genetic algorithm

--- 搜索完成 ---
最优得分: -515000.0
['DRAM', 'SMEM', 'RF', 'LRF'] [1, 1, 4, 1024, 1024] [inf, 262144, 2048, 1]
[1, 4, 256, 1]
100
reinforcement learning

--- 搜索完成 ---
最优得分: -340000.0
网络: unet, 层数: 18
['DRAM', 'SMEM', 'RF', 'LRF'] [1, 1, 4, 1024, 1024] [inf, 262144, 2048, 1]
[1, 4, 256, 1]
100
random

--- 搜索完成 ---
最优得分: -101000.0
['DRAM', 'SMEM', 'RF', 'LRF'] [1, 1, 4, 1024, 1024] [inf, 262144, 2048, 1]
[1, 4, 256, 1]
100
genetic algorithm

--- 搜索完成 ---
最优得分: -102000.0
['DRAM', 'SMEM', 'RF', 'LRF'] [1, 1, 4, 1024, 1024] [inf, 262144, 2048, 1]
[1, 4, 256, 1]
100
reinforcement learning

--- 搜索完成 ---
最优得分: -126000.0
网络: unet, 层数: 19
['DRAM', 'SMEM', 'RF', 'LRF'] [1, 1, 4, 1024, 1024] [inf, 262144, 2048, 1]
[1, 4, 256, 1]
100
random

--- 搜索完成 ---
最优得分: -4300.0
['DRAM', 'SMEM', 'RF', 'LRF'] [1, 1, 4, 1024, 1024] [inf, 262144, 2048, 1]
[1, 4, 256, 1]
100
genetic algorithm

--- 搜索完成 ---
最优得分: -6250.0
['DRAM', 'SMEM', 'RF', 'LRF'] [1, 1, 4, 1024, 1024] [inf, 262144, 2048, 1]
[1, 4, 256, 1]
100
reinforcement learning

--- 搜索完成 ---
最优得分: -4650.0
网络: unet, 层数: 20
['DRAM', 'SMEM', 'RF', 'LRF'] [1, 1, 4, 1024, 1024] [inf, 262144, 2048, 1]
[1, 4, 256, 1]
100
random

--- 搜索完成 ---
最优得分: -310000.0
['DRAM', 'SMEM', 'RF', 'LRF'] [1, 1, 4, 1024, 1024] [inf, 262144, 2048, 1]
[1, 4, 256, 1]
100
genetic algorithm

--- 搜索完成 ---
最优得分: -537000.0
['DRAM', 'SMEM', 'RF', 'LRF'] [1, 1, 4, 1024, 1024] [inf, 262144, 2048, 1]
[1, 4, 256, 1]
100
reinforcement learning

--- 搜索完成 ---
最优得分: -379000.0
网络: unet, 层数: 21
['DRAM', 'SMEM', 'RF', 'LRF'] [1, 1, 4, 1024, 1024] [inf, 262144, 2048, 1]
[1, 4, 256, 1]
100
random

--- 搜索完成 ---
最优得分: -89900.0
['DRAM', 'SMEM', 'RF', 'LRF'] [1, 1, 4, 1024, 1024] [inf, 262144, 2048, 1]
[1, 4, 256, 1]
100
genetic algorithm

--- 搜索完成 ---
最优得分: -235000.0
['DRAM', 'SMEM', 'RF', 'LRF'] [1, 1, 4, 1024, 1024] [inf, 262144, 2048, 1]
[1, 4, 256, 1]
100
reinforcement learning

--- 搜索完成 ---
最优得分: -66100.0
网络: unet, 层数: 22
['DRAM', 'SMEM', 'RF', 'LRF'] [1, 1, 4, 1024, 1024] [inf, 262144, 2048, 1]
[1, 4, 256, 1]
100
random

--- 搜索完成 ---
最优得分: -1390.0
['DRAM', 'SMEM', 'RF', 'LRF'] [1, 1, 4, 1024, 1024] [inf, 262144, 2048, 1]
[1, 4, 256, 1]
100
genetic algorithm

--- 搜索完成 ---
最优得分: -1390.0
['DRAM', 'SMEM', 'RF', 'LRF'] [1, 1, 4, 1024, 1024] [inf, 262144, 2048, 1]
[1, 4, 256, 1]
100
reinforcement learning

--- 搜索完成 ---
最优得分: -1390.0
网络: mobilenet, 层数: 0
['DRAM', 'SMEM', 'RF', 'LRF'] [1, 1, 4, 1024, 1024] [inf, 262144, 2048, 1]
[1, 4, 256, 1]
100
random

--- 搜索完成 ---
最优得分: -25500.0
['DRAM', 'SMEM', 'RF', 'LRF'] [1, 1, 4, 1024, 1024] [inf, 262144, 2048, 1]
[1, 4, 256, 1]
100
genetic algorithm

--- 搜索完成 ---
最优得分: -29300.0
['DRAM', 'SMEM', 'RF', 'LRF'] [1, 1, 4, 1024, 1024] [inf, 262144, 2048, 1]
[1, 4, 256, 1]
100
reinforcement learning

--- 搜索完成 ---
最优得分: -27900.0
网络: mobilenet, 层数: 1
['DRAM', 'SMEM', 'RF', 'LRF'] [1, 1, 4, 1024, 1024] [inf, 262144, 2048, 1]
[1, 4, 256, 1]
100
random

--- 搜索完成 ---
最优得分: -24500.0
['DRAM', 'SMEM', 'RF', 'LRF'] [1, 1, 4, 1024, 1024] [inf, 262144, 2048, 1]
[1, 4, 256, 1]
100
genetic algorithm

--- 搜索完成 ---
最优得分: -39500.0
['DRAM', 'SMEM', 'RF', 'LRF'] [1, 1, 4, 1024, 1024] [inf, 262144, 2048, 1]
[1, 4, 256, 1]
100
reinforcement learning

--- 搜索完成 ---
最优得分: -24600.0
网络: mobilenet, 层数: 2
['DRAM', 'SMEM', 'RF', 'LRF'] [1, 1, 4, 1024, 1024] [inf, 262144, 2048, 1]
[1, 4, 256, 1]
100
random

--- 搜索完成 ---
最优得分: -42100.0
['DRAM', 'SMEM', 'RF', 'LRF'] [1, 1, 4, 1024, 1024] [inf, 262144, 2048, 1]
[1, 4, 256, 1]
100
genetic algorithm

--- 搜索完成 ---
最优得分: -103000.0
['DRAM', 'SMEM', 'RF', 'LRF'] [1, 1, 4, 1024, 1024] [inf, 262144, 2048, 1]
[1, 4, 256, 1]
100
reinforcement learning

--- 搜索完成 ---
最优得分: -43800.0
网络: mobilenet, 层数: 3
['DRAM', 'SMEM', 'RF', 'LRF'] [1, 1, 4, 1024, 1024] [inf, 262144, 2048, 1]
[1, 4, 256, 1]
100
random

--- 搜索完成 ---
最优得分: -25900.0
['DRAM', 'SMEM', 'RF', 'LRF'] [1, 1, 4, 1024, 1024] [inf, 262144, 2048, 1]
[1, 4, 256, 1]
100
genetic algorithm

--- 搜索完成 ---
最优得分: -31000.0
['DRAM', 'SMEM', 'RF', 'LRF'] [1, 1, 4, 1024, 1024] [inf, 262144, 2048, 1]
[1, 4, 256, 1]
100
reinforcement learning

--- 搜索完成 ---
最优得分: -26900.0
网络: mobilenet, 层数: 4
['DRAM', 'SMEM', 'RF', 'LRF'] [1, 1, 4, 1024, 1024] [inf, 262144, 2048, 1]
[1, 4, 256, 1]
100
random

--- 搜索完成 ---
最优得分: -22700.0
['DRAM', 'SMEM', 'RF', 'LRF'] [1, 1, 4, 1024, 1024] [inf, 262144, 2048, 1]
[1, 4, 256, 1]
100
genetic algorithm

--- 搜索完成 ---
最优得分: -40200.0
['DRAM', 'SMEM', 'RF', 'LRF'] [1, 1, 4, 1024, 1024] [inf, 262144, 2048, 1]
[1, 4, 256, 1]
100
reinforcement learning

--- 搜索完成 ---
最优得分: -27600.0
网络: mobilenet, 层数: 5
['DRAM', 'SMEM', 'RF', 'LRF'] [1, 1, 4, 1024, 1024] [inf, 262144, 2048, 1]
[1, 4, 256, 1]
100
random

--- 搜索完成 ---
最优得分: -288000.0
['DRAM', 'SMEM', 'RF', 'LRF'] [1, 1, 4, 1024, 1024] [inf, 262144, 2048, 1]
[1, 4, 256, 1]
100
genetic algorithm

--- 搜索完成 ---
最优得分: -291000.0
['DRAM', 'SMEM', 'RF', 'LRF'] [1, 1, 4, 1024, 1024] [inf, 262144, 2048, 1]
[1, 4, 256, 1]
100
reinforcement learning

--- 搜索完成 ---
最优得分: -288000.0
网络: mobilenet, 层数: 6
['DRAM', 'SMEM', 'RF', 'LRF'] [1, 1, 4, 1024, 1024] [inf, 262144, 2048, 1]
[1, 4, 256, 1]
100
random

--- 搜索完成 ---
最优得分: -4580.0
['DRAM', 'SMEM', 'RF', 'LRF'] [1, 1, 4, 1024, 1024] [inf, 262144, 2048, 1]
[1, 4, 256, 1]
100
genetic algorithm

--- 搜索完成 ---
最优得分: -5050.0
['DRAM', 'SMEM', 'RF', 'LRF'] [1, 1, 4, 1024, 1024] [inf, 262144, 2048, 1]
[1, 4, 256, 1]
100
reinforcement learning

--- 搜索完成 ---
最优得分: -5110.0
网络: mobilenet, 层数: 7
['DRAM', 'SMEM', 'RF', 'LRF'] [1, 1, 4, 1024, 1024] [inf, 262144, 2048, 1]
[1, 4, 256, 1]
100
random

--- 搜索完成 ---
最优得分: -10600.0
['DRAM', 'SMEM', 'RF', 'LRF'] [1, 1, 4, 1024, 1024] [inf, 262144, 2048, 1]
[1, 4, 256, 1]
100
genetic algorithm

--- 搜索完成 ---
最优得分: -12200.0
['DRAM', 'SMEM', 'RF', 'LRF'] [1, 1, 4, 1024, 1024] [inf, 262144, 2048, 1]
[1, 4, 256, 1]
100
reinforcement learning

--- 搜索完成 ---
最优得分: -10700.0
网络: mobilenet, 层数: 8
['DRAM', 'SMEM', 'RF', 'LRF'] [1, 1, 4, 1024, 1024] [inf, 262144, 2048, 1]
[1, 4, 256, 1]
100
random

--- 搜索完成 ---
最优得分: -14600.0
['DRAM', 'SMEM', 'RF', 'LRF'] [1, 1, 4, 1024, 1024] [inf, 262144, 2048, 1]
[1, 4, 256, 1]
100
genetic algorithm

--- 搜索完成 ---
最优得分: -9820.0
['DRAM', 'SMEM', 'RF', 'LRF'] [1, 1, 4, 1024, 1024] [inf, 262144, 2048, 1]
[1, 4, 256, 1]
100
reinforcement learning

--- 搜索完成 ---
最优得分: -10500.0
网络: mobilenet, 层数: 9
['DRAM', 'SMEM', 'RF', 'LRF'] [1, 1, 4, 1024, 1024] [inf, 262144, 2048, 1]
[1, 4, 256, 1]
100
random

--- 搜索完成 ---
最优得分: -11300.0
['DRAM', 'SMEM', 'RF', 'LRF'] [1, 1, 4, 1024, 1024] [inf, 262144, 2048, 1]
[1, 4, 256, 1]
100
genetic algorithm

--- 搜索完成 ---
最优得分: -13000.0
['DRAM', 'SMEM', 'RF', 'LRF'] [1, 1, 4, 1024, 1024] [inf, 262144, 2048, 1]
[1, 4, 256, 1]
100
reinforcement learning

--- 搜索完成 ---
最优得分: -14800.0
网络: mobilenet, 层数: 10
['DRAM', 'SMEM', 'RF', 'LRF'] [1, 1, 4, 1024, 1024] [inf, 262144, 2048, 1]
[1, 4, 256, 1]
100
random

--- 搜索完成 ---
最优得分: -11500.0
['DRAM', 'SMEM', 'RF', 'LRF'] [1, 1, 4, 1024, 1024] [inf, 262144, 2048, 1]
[1, 4, 256, 1]
100
genetic algorithm

--- 搜索完成 ---
最优得分: -12800.0
['DRAM', 'SMEM', 'RF', 'LRF'] [1, 1, 4, 1024, 1024] [inf, 262144, 2048, 1]
[1, 4, 256, 1]
100
reinforcement learning

--- 搜索完成 ---
最优得分: -9280.0
网络: mobilenet, 层数: 11
['DRAM', 'SMEM', 'RF', 'LRF'] [1, 1, 4, 1024, 1024] [inf, 262144, 2048, 1]
[1, 4, 256, 1]
100
random

--- 搜索完成 ---
最优得分: -11600.0
['DRAM', 'SMEM', 'RF', 'LRF'] [1, 1, 4, 1024, 1024] [inf, 262144, 2048, 1]
[1, 4, 256, 1]
100
genetic algorithm

--- 搜索完成 ---
最优得分: -12600.0
['DRAM', 'SMEM', 'RF', 'LRF'] [1, 1, 4, 1024, 1024] [inf, 262144, 2048, 1]
[1, 4, 256, 1]
100
reinforcement learning

--- 搜索完成 ---
最优得分: -9920.0
网络: mobilenet, 层数: 12
['DRAM', 'SMEM', 'RF', 'LRF'] [1, 1, 4, 1024, 1024] [inf, 262144, 2048, 1]
[1, 4, 256, 1]
100
random

--- 搜索完成 ---
最优得分: -11000.0
['DRAM', 'SMEM', 'RF', 'LRF'] [1, 1, 4, 1024, 1024] [inf, 262144, 2048, 1]
[1, 4, 256, 1]
100
genetic algorithm

--- 搜索完成 ---
最优得分: -10500.0
['DRAM', 'SMEM', 'RF', 'LRF'] [1, 1, 4, 1024, 1024] [inf, 262144, 2048, 1]
[1, 4, 256, 1]
100
reinforcement learning

--- 搜索完成 ---
最优得分: -12400.0
网络: mobilenet, 层数: 13
['DRAM', 'SMEM', 'RF', 'LRF'] [1, 1, 4, 1024, 1024] [inf, 262144, 2048, 1]
[1, 4, 256, 1]
100
random

--- 搜索完成 ---
最优得分: -12100.0
['DRAM', 'SMEM', 'RF', 'LRF'] [1, 1, 4, 1024, 1024] [inf, 262144, 2048, 1]
[1, 4, 256, 1]
100
genetic algorithm

--- 搜索完成 ---
最优得分: -13900.0
['DRAM', 'SMEM', 'RF', 'LRF'] [1, 1, 4, 1024, 1024] [inf, 262144, 2048, 1]
[1, 4, 256, 1]
100
reinforcement learning

--- 搜索完成 ---
最优得分: -11000.0
网络: mobilenet, 层数: 14
['DRAM', 'SMEM', 'RF', 'LRF'] [1, 1, 4, 1024, 1024] [inf, 262144, 2048, 1]
[1, 4, 256, 1]
100
random

--- 搜索完成 ---
最优得分: -15200.0
['DRAM', 'SMEM', 'RF', 'LRF'] [1, 1, 4, 1024, 1024] [inf, 262144, 2048, 1]
[1, 4, 256, 1]
100
genetic algorithm

--- 搜索完成 ---
最优得分: -17500.0
['DRAM', 'SMEM', 'RF', 'LRF'] [1, 1, 4, 1024, 1024] [inf, 262144, 2048, 1]
[1, 4, 256, 1]
100
reinforcement learning

--- 搜索完成 ---
最优得分: -11000.0
网络: mobilenet, 层数: 15
['DRAM', 'SMEM', 'RF', 'LRF'] [1, 1, 4, 1024, 1024] [inf, 262144, 2048, 1]
[1, 4, 256, 1]
100
random

--- 搜索完成 ---
最优得分: -54700.0
['DRAM', 'SMEM', 'RF', 'LRF'] [1, 1, 4, 1024, 1024] [inf, 262144, 2048, 1]
[1, 4, 256, 1]
100
genetic algorithm

--- 搜索完成 ---
最优得分: -48900.0
['DRAM', 'SMEM', 'RF', 'LRF'] [1, 1, 4, 1024, 1024] [inf, 262144, 2048, 1]
[1, 4, 256, 1]
100
reinforcement learning

--- 搜索完成 ---
最优得分: -57000.0
网络: mobilenet, 层数: 16
['DRAM', 'SMEM', 'RF', 'LRF'] [1, 1, 4, 1024, 1024] [inf, 262144, 2048, 1]
[1, 4, 256, 1]
100
random

--- 搜索完成 ---
最优得分: -72600.0
['DRAM', 'SMEM', 'RF', 'LRF'] [1, 1, 4, 1024, 1024] [inf, 262144, 2048, 1]
[1, 4, 256, 1]
100
genetic algorithm

--- 搜索完成 ---
最优得分: -94700.0
['DRAM', 'SMEM', 'RF', 'LRF'] [1, 1, 4, 1024, 1024] [inf, 262144, 2048, 1]
[1, 4, 256, 1]
100
reinforcement learning

--- 搜索完成 ---
最优得分: -97200.0
网络: gpt1, 层数: 0
['DRAM', 'SMEM', 'RF', 'LRF'] [1, 1, 4, 1024, 1024] [inf, 262144, 2048, 1]
[1, 4, 256, 1]
100
random

--- 搜索完成 ---
最优得分: -2910.0
['DRAM', 'SMEM', 'RF', 'LRF'] [1, 1, 4, 1024, 1024] [inf, 262144, 2048, 1]
[1, 4, 256, 1]
100
genetic algorithm

--- 搜索完成 ---
最优得分: -4700.0
['DRAM', 'SMEM', 'RF', 'LRF'] [1, 1, 4, 1024, 1024] [inf, 262144, 2048, 1]
[1, 4, 256, 1]
100
reinforcement learning

--- 搜索完成 ---
最优得分: -2680.0
网络: gpt1, 层数: 1
['DRAM', 'SMEM', 'RF', 'LRF'] [1, 1, 4, 1024, 1024] [inf, 262144, 2048, 1]
[1, 4, 256, 1]
100
random

--- 搜索完成 ---
最优得分: -255.0
['DRAM', 'SMEM', 'RF', 'LRF'] [1, 1, 4, 1024, 1024] [inf, 262144, 2048, 1]
[1, 4, 256, 1]
100
genetic algorithm

--- 搜索完成 ---
最优得分: -262.0
['DRAM', 'SMEM', 'RF', 'LRF'] [1, 1, 4, 1024, 1024] [inf, 262144, 2048, 1]
[1, 4, 256, 1]
100
reinforcement learning

--- 搜索完成 ---
最优得分: -261.0
网络: gpt1, 层数: 2
['DRAM', 'SMEM', 'RF', 'LRF'] [1, 1, 4, 1024, 1024] [inf, 262144, 2048, 1]
[1, 4, 256, 1]
100
random

--- 搜索完成 ---
最优得分: -345.0
['DRAM', 'SMEM', 'RF', 'LRF'] [1, 1, 4, 1024, 1024] [inf, 262144, 2048, 1]
[1, 4, 256, 1]
100
genetic algorithm

--- 搜索完成 ---
最优得分: -368.0
['DRAM', 'SMEM', 'RF', 'LRF'] [1, 1, 4, 1024, 1024] [inf, 262144, 2048, 1]
[1, 4, 256, 1]
100
reinforcement learning

--- 搜索完成 ---
最优得分: -361.0
网络: gpt1, 层数: 3
['DRAM', 'SMEM', 'RF', 'LRF'] [1, 1, 4, 1024, 1024] [inf, 262144, 2048, 1]
[1, 4, 256, 1]
100
random

--- 搜索完成 ---
最优得分: -330.0
['DRAM', 'SMEM', 'RF', 'LRF'] [1, 1, 4, 1024, 1024] [inf, 262144, 2048, 1]
[1, 4, 256, 1]
100
genetic algorithm

--- 搜索完成 ---
最优得分: -329.0
['DRAM', 'SMEM', 'RF', 'LRF'] [1, 1, 4, 1024, 1024] [inf, 262144, 2048, 1]
[1, 4, 256, 1]
100
reinforcement learning

--- 搜索完成 ---
最优得分: -345.0
网络: gpt1, 层数: 4
['DRAM', 'SMEM', 'RF', 'LRF'] [1, 1, 4, 1024, 1024] [inf, 262144, 2048, 1]
[1, 4, 256, 1]
100
random

--- 搜索完成 ---
最优得分: -6380.0
['DRAM', 'SMEM', 'RF', 'LRF'] [1, 1, 4, 1024, 1024] [inf, 262144, 2048, 1]
[1, 4, 256, 1]
100
genetic algorithm

--- 搜索完成 ---
最优得分: -8180.0
['DRAM', 'SMEM', 'RF', 'LRF'] [1, 1, 4, 1024, 1024] [inf, 262144, 2048, 1]
[1, 4, 256, 1]
100
reinforcement learning

--- 搜索完成 ---
最优得分: -5690.0
网络: gpt1, 层数: 5
['DRAM', 'SMEM', 'RF', 'LRF'] [1, 1, 4, 1024, 1024] [inf, 262144, 2048, 1]
[1, 4, 256, 1]
100
random

--- 搜索完成 ---
最优得分: -6660.0
['DRAM', 'SMEM', 'RF', 'LRF'] [1, 1, 4, 1024, 1024] [inf, 262144, 2048, 1]
[1, 4, 256, 1]
100
genetic algorithm

--- 搜索完成 ---
最优得分: -9610.0
['DRAM', 'SMEM', 'RF', 'LRF'] [1, 1, 4, 1024, 1024] [inf, 262144, 2048, 1]
[1, 4, 256, 1]
100
reinforcement learning

--- 搜索完成 ---
最优得分: -7710.0
网络: bertlarge, 层数: 0
['DRAM', 'SMEM', 'RF', 'LRF'] [1, 1, 4, 1024, 1024] [inf, 262144, 2048, 1]
[1, 4, 256, 1]
100
random

--- 搜索完成 ---
最优得分: -9350.0
['DRAM', 'SMEM', 'RF', 'LRF'] [1, 1, 4, 1024, 1024] [inf, 262144, 2048, 1]
[1, 4, 256, 1]
100
genetic algorithm

--- 搜索完成 ---
最优得分: -15000.0
['DRAM', 'SMEM', 'RF', 'LRF'] [1, 1, 4, 1024, 1024] [inf, 262144, 2048, 1]
[1, 4, 256, 1]
100
reinforcement learning

--- 搜索完成 ---
最优得分: -10900.0
网络: bertlarge, 层数: 1
['DRAM', 'SMEM', 'RF', 'LRF'] [1, 1, 4, 1024, 1024] [inf, 262144, 2048, 1]
[1, 4, 256, 1]
100
random

--- 搜索完成 ---
最优得分: -471.0
['DRAM', 'SMEM', 'RF', 'LRF'] [1, 1, 4, 1024, 1024] [inf, 262144, 2048, 1]
[1, 4, 256, 1]
100
genetic algorithm

--- 搜索完成 ---
最优得分: -473.0
['DRAM', 'SMEM', 'RF', 'LRF'] [1, 1, 4, 1024, 1024] [inf, 262144, 2048, 1]
[1, 4, 256, 1]
100
reinforcement learning

--- 搜索完成 ---
最优得分: -473.0
网络: bertlarge, 层数: 2
['DRAM', 'SMEM', 'RF', 'LRF'] [1, 1, 4, 1024, 1024] [inf, 262144, 2048, 1]
[1, 4, 256, 1]
100
random

--- 搜索完成 ---
最优得分: -674.0
['DRAM', 'SMEM', 'RF', 'LRF'] [1, 1, 4, 1024, 1024] [inf, 262144, 2048, 1]
[1, 4, 256, 1]
100
genetic algorithm

--- 搜索完成 ---
最优得分: -630.0
['DRAM', 'SMEM', 'RF', 'LRF'] [1, 1, 4, 1024, 1024] [inf, 262144, 2048, 1]
[1, 4, 256, 1]
100
reinforcement learning

--- 搜索完成 ---
最优得分: -627.0
网络: bertlarge, 层数: 3
['DRAM', 'SMEM', 'RF', 'LRF'] [1, 1, 4, 1024, 1024] [inf, 262144, 2048, 1]
[1, 4, 256, 1]
100
random

--- 搜索完成 ---
最优得分: -1190.0
['DRAM', 'SMEM', 'RF', 'LRF'] [1, 1, 4, 1024, 1024] [inf, 262144, 2048, 1]
[1, 4, 256, 1]
100
genetic algorithm

--- 搜索完成 ---
最优得分: -1400.0
['DRAM', 'SMEM', 'RF', 'LRF'] [1, 1, 4, 1024, 1024] [inf, 262144, 2048, 1]
[1, 4, 256, 1]
100
reinforcement learning

--- 搜索完成 ---
最优得分: -1050.0
网络: bertlarge, 层数: 4
['DRAM', 'SMEM', 'RF', 'LRF'] [1, 1, 4, 1024, 1024] [inf, 262144, 2048, 1]
[1, 4, 256, 1]
100
random

--- 搜索完成 ---
最优得分: -20700.0
['DRAM', 'SMEM', 'RF', 'LRF'] [1, 1, 4, 1024, 1024] [inf, 262144, 2048, 1]
[1, 4, 256, 1]
100
genetic algorithm

--- 搜索完成 ---
最优得分: -25200.0
['DRAM', 'SMEM', 'RF', 'LRF'] [1, 1, 4, 1024, 1024] [inf, 262144, 2048, 1]
[1, 4, 256, 1]
100
reinforcement learning

--- 搜索完成 ---
最优得分: -25400.0
网络: bertlarge, 层数: 5
['DRAM', 'SMEM', 'RF', 'LRF'] [1, 1, 4, 1024, 1024] [inf, 262144, 2048, 1]
[1, 4, 256, 1]
100
random

--- 搜索完成 ---
最优得分: -26700.0
['DRAM', 'SMEM', 'RF', 'LRF'] [1, 1, 4, 1024, 1024] [inf, 262144, 2048, 1]
[1, 4, 256, 1]
100
genetic algorithm

--- 搜索完成 ---
最优得分: -21500.0
['DRAM', 'SMEM', 'RF', 'LRF'] [1, 1, 4, 1024, 1024] [inf, 262144, 2048, 1]
[1, 4, 256, 1]
100
reinforcement learning

--- 搜索完成 ---
最优得分: -18700.0
网络: GCN_Citeseer, 层数: 0
['DRAM', 'SMEM', 'RF', 'LRF'] [1, 1, 4, 1024, 1024] [inf, 262144, 2048, 1]
[1, 4, 256, 1]
100
random

--- 搜索完成 ---
最优得分: -2880.0
['DRAM', 'SMEM', 'RF', 'LRF'] [1, 1, 4, 1024, 1024] [inf, 262144, 2048, 1]
[1, 4, 256, 1]
100
genetic algorithm

--- 搜索完成 ---
最优得分: -3070.0
['DRAM', 'SMEM', 'RF', 'LRF'] [1, 1, 4, 1024, 1024] [inf, 262144, 2048, 1]
[1, 4, 256, 1]
100
reinforcement learning

--- 搜索完成 ---
最优得分: -3280.0
网络: GCN_Citeseer, 层数: 1
['DRAM', 'SMEM', 'RF', 'LRF'] [1, 1, 4, 1024, 1024] [inf, 262144, 2048, 1]
[1, 4, 256, 1]
100
random

--- 搜索完成 ---
最优得分: -2040.0
['DRAM', 'SMEM', 'RF', 'LRF'] [1, 1, 4, 1024, 1024] [inf, 262144, 2048, 1]
[1, 4, 256, 1]
100
genetic algorithm

--- 搜索完成 ---
最优得分: -2070.0
['DRAM', 'SMEM', 'RF', 'LRF'] [1, 1, 4, 1024, 1024] [inf, 262144, 2048, 1]
[1, 4, 256, 1]
100
reinforcement learning

--- 搜索完成 ---
最优得分: -2060.0
网络: GCN_Citeseer, 层数: 2
['DRAM', 'SMEM', 'RF', 'LRF'] [1, 1, 4, 1024, 1024] [inf, 262144, 2048, 1]
[1, 4, 256, 1]
100
random

--- 搜索完成 ---
最优得分: -0.0803
['DRAM', 'SMEM', 'RF', 'LRF'] [1, 1, 4, 1024, 1024] [inf, 262144, 2048, 1]
[1, 4, 256, 1]
100
genetic algorithm

--- 搜索完成 ---
最优得分: -0.0789
['DRAM', 'SMEM', 'RF', 'LRF'] [1, 1, 4, 1024, 1024] [inf, 262144, 2048, 1]
[1, 4, 256, 1]
100
reinforcement learning

--- 搜索完成 ---
最优得分: -0.0794
网络: GCN_Citeseer, 层数: 3
['DRAM', 'SMEM', 'RF', 'LRF'] [1, 1, 4, 1024, 1024] [inf, 262144, 2048, 1]
[1, 4, 256, 1]
100
random

--- 搜索完成 ---
最优得分: -1850.0
['DRAM', 'SMEM', 'RF', 'LRF'] [1, 1, 4, 1024, 1024] [inf, 262144, 2048, 1]
[1, 4, 256, 1]
100
genetic algorithm

--- 搜索完成 ---
最优得分: -1860.0
['DRAM', 'SMEM', 'RF', 'LRF'] [1, 1, 4, 1024, 1024] [inf, 262144, 2048, 1]
[1, 4, 256, 1]
100
reinforcement learning

--- 搜索完成 ---
最优得分: -1870.0
