7.46e+01
4.45e+02
8.64e+03
3.44e+01
5.41e+01
1.76e+02
1.90e+01
2.12e+03
1.73e+00
2.86e+05
1.66e+00
1.12e+02
1.78e+01
2.12e+03
7.66e+03
6.04e+03
3.42e+03
1.54e+00
2.49e+00
8.56e+02
1.79e+02
2.70e+03
2.21e+01
6.63e+04
5.16e+03
8.83e+00
3.96e+04
5.21e
7.10e+00
4.21e+01
1.71e+02
9.33e+04
9.15e+03
1.15e+00
1.24e+02
8.88e+02
1.29e+02
1.81e+03
6.93e+01
4.32e+04
5.23e+03
1.32e+03
1.02e+01
3.60e+01
7.20e+03
2.64e+02
7.84e+03
1.05e+01
3.88e+00
6.80e+02
2.64e+03
2.68e+01
4.99e+05
7.06e+01
1.26e+00
2.01e+01
8.94e+02
2.01e+02
1.83e+00
3.84e+00
2.22e+01
1.92e+03
2.08e+00
3.23e+01
1.41e+03
1.60e+00
3.23e+05
5.11e+03
3.32e+02
6.60e
1.96e+00
1.37e+00
2.10e+03
2.92e+03
3.97e+01
2.51e+03
---------------------------
3.32e+02
1.32e+03
5.23e+03
2.92e+03
9.15e+03
3.96e+04
1.96e+00
1.54e+00
1.15e+00
1.73e+00
1.05e+01
2.21e+01
1.90e+01
1.02e+01
3.23e+01
1.71e+02
2.12e+03
1.41e+03
2.10e+03
8.94e+02
1.79e+02
6.80e+02
7.84e+03
5.16e+03
7.66e+03
2.64e+03
2.64e+02
8.88e+02
3.60e+01
6.60e
5.41e+01
1.66e+00
1.26e+00
2.01e+02
1.81e+03
1.12e+02
2.49e+00
1.76e+02
3.88e+00
2.08e+00
4.45e+02
1.37e+00
2.22e+01
1.78e+01
2.01e+01
7.10e+00
5.21e
3.44e+01
8.83e+00
1.83e+00
4.21e+01
1.29e+02
7.06e+01
7.46e+01
2.68e+01
1.60e+00
1.24e+02
3.97e+01
3.84e+00
6.93e+01
8.56e+02
1.92e+03
4.32e+04
2.70e+03
9.33e+04
2.12e+03
6.63e+04
2.51e+03
3.42e+03
6.04e+03
4.99e+05
5.11e+03
2.86e+05
7.20e+03
3.23e+05
8.64e+03
成功将 76 个Cycles值保存到 extracted_cycles.xlsx
